<?xml version="1.0"?>
<link_info>
   <banner>TMS320C2000 Linker PC v17.6.0.STS</banner>
   <copyright>Copyright (c) 1996-2017 Texas Instruments Incorporated</copyright>
   <link_time>0x5c9b96bb</link_time>
   <link_errors>0x0</link_errors>
   <output_file>Cheapli_SE420.out</output_file>
   <entry_point>
      <name>_c_int00</name>
      <address>0x8c800</address>
   </entry_point>
   <input_file_list>
      <input_file id="fl-2">
         <path>.\</path>
         <kind>object</kind>
         <file>F2837xD_Adc.obj</file>
         <name>F2837xD_Adc.obj</name>
      </input_file>
      <input_file id="fl-3">
         <path>.\</path>
         <kind>object</kind>
         <file>F2837xD_CodeStartBranch.obj</file>
         <name>F2837xD_CodeStartBranch.obj</name>
      </input_file>
      <input_file id="fl-4">
         <path>.\</path>
         <kind>object</kind>
         <file>F2837xD_EPwm.obj</file>
         <name>F2837xD_EPwm.obj</name>
      </input_file>
      <input_file id="fl-5">
         <path>.\</path>
         <kind>object</kind>
         <file>F2837xD_GlobalVariableDefs.obj</file>
         <name>F2837xD_GlobalVariableDefs.obj</name>
      </input_file>
      <input_file id="fl-6">
         <path>.\</path>
         <kind>object</kind>
         <file>F2837xD_Gpio.obj</file>
         <name>F2837xD_Gpio.obj</name>
      </input_file>
      <input_file id="fl-7">
         <path>.\</path>
         <kind>object</kind>
         <file>F2837xD_Ipc.obj</file>
         <name>F2837xD_Ipc.obj</name>
      </input_file>
      <input_file id="fl-8">
         <path>.\</path>
         <kind>object</kind>
         <file>F2837xD_Ipc_Driver.obj</file>
         <name>F2837xD_Ipc_Driver.obj</name>
      </input_file>
      <input_file id="fl-9">
         <path>.\</path>
         <kind>object</kind>
         <file>F2837xD_Spi.obj</file>
         <name>F2837xD_Spi.obj</name>
      </input_file>
      <input_file id="fl-a">
         <path>.\</path>
         <kind>object</kind>
         <file>F2837xD_SysCtrl.obj</file>
         <name>F2837xD_SysCtrl.obj</name>
      </input_file>
      <input_file id="fl-b">
         <path>.\</path>
         <kind>object</kind>
         <file>F2837xD_usDelay.obj</file>
         <name>F2837xD_usDelay.obj</name>
      </input_file>
      <input_file id="fl-c">
         <path>.\</path>
         <kind>object</kind>
         <file>f28377sADC.obj</file>
         <name>f28377sADC.obj</name>
      </input_file>
      <input_file id="fl-d">
         <path>.\</path>
         <kind>object</kind>
         <file>f28377sCoecsl.obj</file>
         <name>f28377sCoecsl.obj</name>
      </input_file>
      <input_file id="fl-e">
         <path>.\</path>
         <kind>object</kind>
         <file>f28377sDAC.obj</file>
         <name>f28377sDAC.obj</name>
      </input_file>
      <input_file id="fl-f">
         <path>.\</path>
         <kind>object</kind>
         <file>f28377sEPWM3A.obj</file>
         <name>f28377sEPWM3A.obj</name>
      </input_file>
      <input_file id="fl-10">
         <path>.\</path>
         <kind>object</kind>
         <file>f28377sEqep.obj</file>
         <name>f28377sEqep.obj</name>
      </input_file>
      <input_file id="fl-11">
         <path>.\</path>
         <kind>object</kind>
         <file>f28377sSerial.obj</file>
         <name>f28377sSerial.obj</name>
      </input_file>
      <input_file id="fl-12">
         <path>.\</path>
         <kind>object</kind>
         <file>lcd.obj</file>
         <name>lcd.obj</name>
      </input_file>
      <input_file id="fl-13">
         <path>.\</path>
         <kind>object</kind>
         <file>user_CheapliBEMF_SE420.obj</file>
         <name>user_CheapliBEMF_SE420.obj</name>
      </input_file>
      <input_file id="fl-15">
         <path>C:\ayush2\repo\trunk\Cheapli_SE420\Cheapli_SE420Project\Debug\configPkg\package\cfg\</path>
         <kind>object</kind>
         <file>Cheapli_SE420_p28FP.o28FP</file>
         <name>Cheapli_SE420_p28FP.o28FP</name>
      </input_file>
      <input_file id="fl-20">
         <kind>object</kind>
         <file>&lt;internal&gt;</file>
         <name>&lt;internal&gt;</name>
      </input_file>
      <input_file id="fl-21">
         <path>C:\ayush2\repo\trunk\Cheapli_SE420\src\sysbios\</path>
         <kind>archive</kind>
         <file>sysbios.a28FP</file>
         <name>BIOS.obj</name>
      </input_file>
      <input_file id="fl-22">
         <path>C:\ayush2\repo\trunk\Cheapli_SE420\src\sysbios\</path>
         <kind>archive</kind>
         <file>sysbios.a28FP</file>
         <name>c28_Hwi_asm.obj</name>
      </input_file>
      <input_file id="fl-23">
         <path>C:\ayush2\repo\trunk\Cheapli_SE420\src\sysbios\</path>
         <kind>archive</kind>
         <file>sysbios.a28FP</file>
         <name>c28_Hwi_disp_asm.obj</name>
      </input_file>
      <input_file id="fl-24">
         <path>C:\ayush2\repo\trunk\Cheapli_SE420\src\sysbios\</path>
         <kind>archive</kind>
         <file>sysbios.a28FP</file>
         <name>c28_IntrinsicsSupport_asm.obj</name>
      </input_file>
      <input_file id="fl-25">
         <path>C:\ayush2\repo\trunk\Cheapli_SE420\src\sysbios\</path>
         <kind>archive</kind>
         <file>sysbios.a28FP</file>
         <name>c28_TaskSupport_asm.obj</name>
      </input_file>
      <input_file id="fl-26">
         <path>C:\CCStudio_v8\tirtos_c2000_2_16_01_14\products\bios_6_45_02_31\packages\ti\targets\rts2800\lib\</path>
         <kind>archive</kind>
         <file>ti.targets.rts2800.a28FP</file>
         <name>Assert.o28FP</name>
      </input_file>
      <input_file id="fl-27">
         <path>C:\CCStudio_v8\tirtos_c2000_2_16_01_14\products\bios_6_45_02_31\packages\ti\targets\rts2800\lib\</path>
         <kind>archive</kind>
         <file>ti.targets.rts2800.a28FP</file>
         <name>Core-mem.o28FP</name>
      </input_file>
      <input_file id="fl-28">
         <path>C:\CCStudio_v8\tirtos_c2000_2_16_01_14\products\bios_6_45_02_31\packages\ti\targets\rts2800\lib\</path>
         <kind>archive</kind>
         <file>ti.targets.rts2800.a28FP</file>
         <name>Core-smem.o28FP</name>
      </input_file>
      <input_file id="fl-29">
         <path>C:\CCStudio_v8\tirtos_c2000_2_16_01_14\products\bios_6_45_02_31\packages\ti\targets\rts2800\lib\</path>
         <kind>archive</kind>
         <file>ti.targets.rts2800.a28FP</file>
         <name>Core-label.o28FP</name>
      </input_file>
      <input_file id="fl-2a">
         <path>C:\CCStudio_v8\tirtos_c2000_2_16_01_14\products\bios_6_45_02_31\packages\ti\targets\rts2800\lib\</path>
         <kind>archive</kind>
         <file>ti.targets.rts2800.a28FP</file>
         <name>Core-params.o28FP</name>
      </input_file>
      <input_file id="fl-2b">
         <path>C:\CCStudio_v8\tirtos_c2000_2_16_01_14\products\bios_6_45_02_31\packages\ti\targets\rts2800\lib\</path>
         <kind>archive</kind>
         <file>ti.targets.rts2800.a28FP</file>
         <name>Error.o28FP</name>
      </input_file>
      <input_file id="fl-2c">
         <path>C:\CCStudio_v8\tirtos_c2000_2_16_01_14\products\bios_6_45_02_31\packages\ti\targets\rts2800\lib\</path>
         <kind>archive</kind>
         <file>ti.targets.rts2800.a28FP</file>
         <name>Gate.o28FP</name>
      </input_file>
      <input_file id="fl-2d">
         <path>C:\CCStudio_v8\tirtos_c2000_2_16_01_14\products\bios_6_45_02_31\packages\ti\targets\rts2800\lib\</path>
         <kind>archive</kind>
         <file>ti.targets.rts2800.a28FP</file>
         <name>LoggerBuf.o28FP</name>
      </input_file>
      <input_file id="fl-2e">
         <path>C:\CCStudio_v8\tirtos_c2000_2_16_01_14\products\bios_6_45_02_31\packages\ti\targets\rts2800\lib\</path>
         <kind>archive</kind>
         <file>ti.targets.rts2800.a28FP</file>
         <name>Memory.o28FP</name>
      </input_file>
      <input_file id="fl-2f">
         <path>C:\CCStudio_v8\tirtos_c2000_2_16_01_14\products\bios_6_45_02_31\packages\ti\targets\rts2800\lib\</path>
         <kind>archive</kind>
         <file>ti.targets.rts2800.a28FP</file>
         <name>Startup.o28FP</name>
      </input_file>
      <input_file id="fl-30">
         <path>C:\CCStudio_v8\tirtos_c2000_2_16_01_14\products\bios_6_45_02_31\packages\ti\targets\rts2800\lib\</path>
         <kind>archive</kind>
         <file>ti.targets.rts2800.a28FP</file>
         <name>System.o28FP</name>
      </input_file>
      <input_file id="fl-31">
         <path>C:\CCStudio_v8\tirtos_c2000_2_16_01_14\products\bios_6_45_02_31\packages\ti\targets\rts2800\lib\</path>
         <kind>archive</kind>
         <file>ti.targets.rts2800.a28FP</file>
         <name>SysMin.o28FP</name>
      </input_file>
      <input_file id="fl-32">
         <path>C:\CCStudio_v8\tirtos_c2000_2_16_01_14\products\bios_6_45_02_31\packages\ti\targets\rts2800\lib\</path>
         <kind>archive</kind>
         <file>ti.targets.rts2800.a28FP</file>
         <name>Text.o28FP</name>
      </input_file>
      <input_file id="fl-33">
         <path>C:\CCStudio_v8\tirtos_c2000_2_16_01_14\products\bios_6_45_02_31\packages\ti\targets\rts2800\lib\</path>
         <kind>archive</kind>
         <file>ti.targets.rts2800.a28FP</file>
         <name>xdc_noinit.o28FP</name>
      </input_file>
      <input_file id="fl-34">
         <path>C:\CCStudio_v8\tirtos_c2000_2_16_01_14\products\bios_6_45_02_31\packages\ti\targets\rts2800\lib\</path>
         <kind>archive</kind>
         <file>ti.targets.rts2800.a28FP</file>
         <name>Log.o28FP</name>
      </input_file>
      <input_file id="fl-35">
         <path>C:\CCStudio_v8\tirtos_c2000_2_16_01_14\products\bios_6_45_02_31\packages\ti\targets\rts2800\lib\</path>
         <kind>archive</kind>
         <file>ti.targets.rts2800.a28FP</file>
         <name>Registry.o28FP</name>
      </input_file>
      <input_file id="fl-36">
         <path>C:\CCStudio_v8\tirtos_c2000_2_16_01_14\products\bios_6_45_02_31\packages\ti\targets\rts2800\lib\</path>
         <kind>archive</kind>
         <file>boot.a28FP</file>
         <name>boot_cg.o28FP</name>
      </input_file>
      <input_file id="fl-37">
         <path>C:\CCStudio_v8\tirtos_c2000_2_16_01_14\products\bios_6_45_02_31\packages\ti\catalog\c2800\initF2837x\lib\</path>
         <kind>archive</kind>
         <file>Boot.a28FP</file>
         <name>Boot.o28FP</name>
      </input_file>
      <input_file id="fl-43">
         <path>C:\CCStudio_v8\ccsv8\tools\compiler\ti-cgt-c2000_17.6.0.STS\lib\</path>
         <kind>archive</kind>
         <file>rts2800_fpu32.lib</file>
         <name>s_atanf.obj</name>
      </input_file>
      <input_file id="fl-44">
         <path>C:\CCStudio_v8\ccsv8\tools\compiler\ti-cgt-c2000_17.6.0.STS\lib\</path>
         <kind>archive</kind>
         <file>rts2800_fpu32.lib</file>
         <name>fs_div28.obj</name>
      </input_file>
      <input_file id="fl-45">
         <path>C:\CCStudio_v8\ccsv8\tools\compiler\ti-cgt-c2000_17.6.0.STS\lib\</path>
         <kind>archive</kind>
         <file>rts2800_fpu32.lib</file>
         <name>ll_aox28.obj</name>
      </input_file>
      <input_file id="fl-46">
         <path>C:\CCStudio_v8\ccsv8\tools\compiler\ti-cgt-c2000_17.6.0.STS\lib\</path>
         <kind>archive</kind>
         <file>rts2800_fpu32.lib</file>
         <name>ll_div28.obj</name>
      </input_file>
      <input_file id="fl-47">
         <path>C:\CCStudio_v8\ccsv8\tools\compiler\ti-cgt-c2000_17.6.0.STS\lib\</path>
         <kind>archive</kind>
         <file>rts2800_fpu32.lib</file>
         <name>i_div28.obj</name>
      </input_file>
      <input_file id="fl-48">
         <path>C:\CCStudio_v8\ccsv8\tools\compiler\ti-cgt-c2000_17.6.0.STS\lib\</path>
         <kind>archive</kind>
         <file>rts2800_fpu32.lib</file>
         <name>u_div28.obj</name>
      </input_file>
      <input_file id="fl-49">
         <path>C:\CCStudio_v8\ccsv8\tools\compiler\ti-cgt-c2000_17.6.0.STS\lib\</path>
         <kind>archive</kind>
         <file>rts2800_fpu32.lib</file>
         <name>l_div28.obj</name>
      </input_file>
      <input_file id="fl-4a">
         <path>C:\CCStudio_v8\ccsv8\tools\compiler\ti-cgt-c2000_17.6.0.STS\lib\</path>
         <kind>archive</kind>
         <file>rts2800_fpu32.lib</file>
         <name>cpy_tbl.obj</name>
      </input_file>
      <input_file id="fl-4b">
         <path>C:\CCStudio_v8\ccsv8\tools\compiler\ti-cgt-c2000_17.6.0.STS\lib\</path>
         <kind>archive</kind>
         <file>rts2800_fpu32.lib</file>
         <name>memcpy.obj</name>
      </input_file>
      <input_file id="fl-4c">
         <path>C:\CCStudio_v8\ccsv8\tools\compiler\ti-cgt-c2000_17.6.0.STS\lib\</path>
         <kind>archive</kind>
         <file>rts2800_fpu32.lib</file>
         <name>exit.obj</name>
      </input_file>
      <input_file id="fl-4d">
         <path>C:\CCStudio_v8\ccsv8\tools\compiler\ti-cgt-c2000_17.6.0.STS\lib\</path>
         <kind>archive</kind>
         <file>rts2800_fpu32.lib</file>
         <name>_lock.obj</name>
      </input_file>
      <input_file id="fl-4e">
         <path>C:\CCStudio_v8\ccsv8\tools\compiler\ti-cgt-c2000_17.6.0.STS\lib\</path>
         <kind>archive</kind>
         <file>rts2800_fpu32.lib</file>
         <name>args_main.obj</name>
      </input_file>
      <input_file id="fl-4f">
         <path>C:\CCStudio_v8\ccsv8\tools\compiler\ti-cgt-c2000_17.6.0.STS\lib\</path>
         <kind>archive</kind>
         <file>rts2800_fpu32.lib</file>
         <name>memset.obj</name>
      </input_file>
      <input_file id="fl-50">
         <path>C:\CCStudio_v8\ccsv8\tools\compiler\ti-cgt-c2000_17.6.0.STS\lib\</path>
         <kind>archive</kind>
         <file>rts2800_fpu32.lib</file>
         <name>strcmp.obj</name>
      </input_file>
      <input_file id="fl-51">
         <path>C:\CCStudio_v8\ccsv8\tools\compiler\ti-cgt-c2000_17.6.0.STS\lib\</path>
         <kind>archive</kind>
         <file>rts2800_fpu32.lib</file>
         <name>strlen.obj</name>
      </input_file>
      <input_file id="fl-52">
         <path>C:\CCStudio_v8\ccsv8\tools\compiler\ti-cgt-c2000_17.6.0.STS\lib\</path>
         <kind>archive</kind>
         <file>rts2800_fpu32.lib</file>
         <name>hostwrite.obj</name>
      </input_file>
      <input_file id="fl-53">
         <path>C:\CCStudio_v8\ccsv8\tools\compiler\ti-cgt-c2000_17.6.0.STS\lib\</path>
         <kind>archive</kind>
         <file>rts2800_fpu32.lib</file>
         <name>trgmsg.obj</name>
      </input_file>
      <input_file id="fl-54">
         <path>C:\CCStudio_v8\ccsv8\tools\compiler\ti-cgt-c2000_17.6.0.STS\lib\</path>
         <kind>archive</kind>
         <file>rts2800_fpu32.lib</file>
         <name>vsprintf.obj</name>
      </input_file>
      <input_file id="fl-55">
         <path>C:\CCStudio_v8\ccsv8\tools\compiler\ti-cgt-c2000_17.6.0.STS\lib\</path>
         <kind>archive</kind>
         <file>rts2800_fpu32.lib</file>
         <name>_printfi.obj</name>
      </input_file>
      <input_file id="fl-56">
         <path>C:\CCStudio_v8\ccsv8\tools\compiler\ti-cgt-c2000_17.6.0.STS\lib\</path>
         <kind>archive</kind>
         <file>rts2800_fpu32.lib</file>
         <name>atoi.obj</name>
      </input_file>
      <input_file id="fl-57">
         <path>C:\CCStudio_v8\ccsv8\tools\compiler\ti-cgt-c2000_17.6.0.STS\lib\</path>
         <kind>archive</kind>
         <file>rts2800_fpu32.lib</file>
         <name>ctype.obj</name>
      </input_file>
      <input_file id="fl-58">
         <path>C:\CCStudio_v8\ccsv8\tools\compiler\ti-cgt-c2000_17.6.0.STS\lib\</path>
         <kind>archive</kind>
         <file>rts2800_fpu32.lib</file>
         <name>ltoa.obj</name>
      </input_file>
      <input_file id="fl-59">
         <path>C:\CCStudio_v8\ccsv8\tools\compiler\ti-cgt-c2000_17.6.0.STS\lib\</path>
         <kind>archive</kind>
         <file>rts2800_fpu32.lib</file>
         <name>memccpy.obj</name>
      </input_file>
      <input_file id="fl-5a">
         <path>C:\CCStudio_v8\ccsv8\tools\compiler\ti-cgt-c2000_17.6.0.STS\lib\</path>
         <kind>archive</kind>
         <file>rts2800_fpu32.lib</file>
         <name>strchr.obj</name>
      </input_file>
      <input_file id="fl-5b">
         <path>C:\CCStudio_v8\ccsv8\tools\compiler\ti-cgt-c2000_17.6.0.STS\lib\</path>
         <kind>archive</kind>
         <file>rts2800_fpu32.lib</file>
         <name>strcpy.obj</name>
      </input_file>
      <input_file id="fl-5c">
         <path>C:\CCStudio_v8\ccsv8\tools\compiler\ti-cgt-c2000_17.6.0.STS\lib\</path>
         <kind>archive</kind>
         <file>rts2800_fpu32.lib</file>
         <name>hostopen.obj</name>
      </input_file>
      <input_file id="fl-5d">
         <path>C:\CCStudio_v8\ccsv8\tools\compiler\ti-cgt-c2000_17.6.0.STS\lib\</path>
         <kind>archive</kind>
         <file>rts2800_fpu32.lib</file>
         <name>s_frexp.obj</name>
      </input_file>
      <input_file id="fl-5e">
         <path>C:\CCStudio_v8\ccsv8\tools\compiler\ti-cgt-c2000_17.6.0.STS\lib\</path>
         <kind>archive</kind>
         <file>rts2800_fpu32.lib</file>
         <name>s_scalbn.obj</name>
      </input_file>
      <input_file id="fl-5f">
         <path>C:\CCStudio_v8\ccsv8\tools\compiler\ti-cgt-c2000_17.6.0.STS\lib\</path>
         <kind>archive</kind>
         <file>rts2800_fpu32.lib</file>
         <name>fd_add28.obj</name>
      </input_file>
      <input_file id="fl-60">
         <path>C:\CCStudio_v8\ccsv8\tools\compiler\ti-cgt-c2000_17.6.0.STS\lib\</path>
         <kind>archive</kind>
         <file>rts2800_fpu32.lib</file>
         <name>fd_cmp28.obj</name>
      </input_file>
      <input_file id="fl-61">
         <path>C:\CCStudio_v8\ccsv8\tools\compiler\ti-cgt-c2000_17.6.0.STS\lib\</path>
         <kind>archive</kind>
         <file>rts2800_fpu32.lib</file>
         <name>fd_div28.obj</name>
      </input_file>
      <input_file id="fl-62">
         <path>C:\CCStudio_v8\ccsv8\tools\compiler\ti-cgt-c2000_17.6.0.STS\lib\</path>
         <kind>archive</kind>
         <file>rts2800_fpu32.lib</file>
         <name>fd_mpy28.obj</name>
      </input_file>
      <input_file id="fl-63">
         <path>C:\CCStudio_v8\ccsv8\tools\compiler\ti-cgt-c2000_17.6.0.STS\lib\</path>
         <kind>archive</kind>
         <file>rts2800_fpu32.lib</file>
         <name>fd_neg28.obj</name>
      </input_file>
      <input_file id="fl-64">
         <path>C:\CCStudio_v8\ccsv8\tools\compiler\ti-cgt-c2000_17.6.0.STS\lib\</path>
         <kind>archive</kind>
         <file>rts2800_fpu32.lib</file>
         <name>fd_sub28.obj</name>
      </input_file>
      <input_file id="fl-65">
         <path>C:\CCStudio_v8\ccsv8\tools\compiler\ti-cgt-c2000_17.6.0.STS\lib\</path>
         <kind>archive</kind>
         <file>rts2800_fpu32.lib</file>
         <name>fd_toi28.obj</name>
      </input_file>
      <input_file id="fl-66">
         <path>C:\CCStudio_v8\ccsv8\tools\compiler\ti-cgt-c2000_17.6.0.STS\lib\</path>
         <kind>archive</kind>
         <file>rts2800_fpu32.lib</file>
         <name>fd_tol28.obj</name>
      </input_file>
      <input_file id="fl-67">
         <path>C:\CCStudio_v8\ccsv8\tools\compiler\ti-cgt-c2000_17.6.0.STS\lib\</path>
         <kind>archive</kind>
         <file>rts2800_fpu32.lib</file>
         <name>ll_cmp28.obj</name>
      </input_file>
      <input_file id="fl-68">
         <path>C:\CCStudio_v8\ccsv8\tools\compiler\ti-cgt-c2000_17.6.0.STS\lib\</path>
         <kind>archive</kind>
         <file>rts2800_fpu32.lib</file>
         <name>i_tofd28.obj</name>
      </input_file>
      <input_file id="fl-69">
         <path>C:\CCStudio_v8\ccsv8\tools\compiler\ti-cgt-c2000_17.6.0.STS\lib\</path>
         <kind>archive</kind>
         <file>rts2800_fpu32.lib</file>
         <name>l_tofd28.obj</name>
      </input_file>
      <input_file id="fl-6a">
         <path>C:\CCStudio_v8\ccsv8\tools\compiler\ti-cgt-c2000_17.6.0.STS\lib\</path>
         <kind>archive</kind>
         <file>rts2800_fpu32.lib</file>
         <name>fs_tofdfpu32.obj</name>
      </input_file>
      <input_file id="fl-6b">
         <path>C:\CCStudio_v8\ccsv8\tools\compiler\ti-cgt-c2000_17.6.0.STS\lib\</path>
         <kind>archive</kind>
         <file>rts2800_fpu32.lib</file>
         <name>errno.obj</name>
      </input_file>
      <input_file id="fl-6c">
         <path>C:\CCStudio_v8\ccsv8\tools\compiler\ti-cgt-c2000_17.6.0.STS\lib\</path>
         <kind>archive</kind>
         <file>rts2800_fpu32.lib</file>
         <name>s_copysign.obj</name>
      </input_file>
   </input_file_list>
   <object_component_list>
      <object_component id="oc-3b3">
         <name>.text:ti_catalog_c2800_initF2837x_flashfuncs:_ti_catalog_c2800_initF2837x_Boot_initFlash</name>
         <load_address>0x8019a</load_address>
         <run_address>0xb000</run_address>
         <size>0x27</size>
         <input_file_ref idref="fl-37"/>
      </object_component>
      <object_component id="oc-13f">
         <name>xdc.meta</name>
         <load_address>0x0</load_address>
         <run_address>0x0</run_address>
         <size>0xfa</size>
         <input_file_ref idref="fl-15"/>
      </object_component>
      <object_component id="oc-13c">
         <name>.cinit</name>
         <load_address>0x801c1</load_address>
         <run_address>0x801c1</run_address>
         <size>0x4f1</size>
         <input_file_ref idref="fl-15"/>
      </object_component>
      <object_component id="oc-133">
         <name>.cinit</name>
         <load_address>0x806b2</load_address>
         <run_address>0x806b2</run_address>
         <size>0x34c</size>
         <input_file_ref idref="fl-13"/>
      </object_component>
      <object_component id="oc-1eb">
         <name>.cinit</name>
         <load_address>0x809fe</load_address>
         <run_address>0x809fe</run_address>
         <size>0xe</size>
         <input_file_ref idref="fl-4c"/>
      </object_component>
      <object_component id="oc-336">
         <name>.cinit:__lock</name>
         <load_address>0x80a0c</load_address>
         <run_address>0x80a0c</run_address>
         <size>0x5</size>
         <input_file_ref idref="fl-4d"/>
      </object_component>
      <object_component id="oc-335">
         <name>.cinit:__unlock</name>
         <load_address>0x80a11</load_address>
         <run_address>0x80a11</run_address>
         <size>0x5</size>
         <input_file_ref idref="fl-4d"/>
      </object_component>
      <object_component id="oc-28b">
         <name>.cinit</name>
         <load_address>0x80a16</load_address>
         <run_address>0x80a16</run_address>
         <size>0x4</size>
         <input_file_ref idref="fl-6b"/>
      </object_component>
      <object_component id="oc-471">
         <name>.binit</name>
         <load_address>0x80a38</load_address>
         <run_address>0x80a38</run_address>
         <size>0xa</size>
      </object_component>
      <object_component id="oc-29d">
         <name>.text</name>
         <load_address>0x88000</load_address>
         <run_address>0x88000</run_address>
         <size>0x13c9</size>
         <input_file_ref idref="fl-13"/>
      </object_component>
      <object_component id="oc-3b0">
         <name>.text:_ti_catalog_c2800_initF2837x_Boot_defaultLimpAbortFunction</name>
         <load_address>0x893c9</load_address>
         <run_address>0x893c9</run_address>
         <size>0x1</size>
         <input_file_ref idref="fl-37"/>
      </object_component>
      <object_component id="oc-36c">
         <name>.text</name>
         <load_address>0x893ca</load_address>
         <run_address>0x893ca</run_address>
         <size>0xc16</size>
         <input_file_ref idref="fl-55"/>
      </object_component>
      <object_component id="oc-2c4">
         <name>.text</name>
         <load_address>0x89fe0</load_address>
         <run_address>0x89fe0</run_address>
         <size>0x2af</size>
         <input_file_ref idref="fl-11"/>
      </object_component>
      <object_component id="oc-2c0">
         <name>.text</name>
         <load_address>0x8a28f</load_address>
         <run_address>0x8a28f</run_address>
         <size>0x2aa</size>
         <input_file_ref idref="fl-a"/>
      </object_component>
      <object_component id="oc-44d">
         <name>.text:_xdc_runtime_System_doPrint__I</name>
         <load_address>0x8a539</load_address>
         <run_address>0x8a539</run_address>
         <size>0x252</size>
         <input_file_ref idref="fl-30"/>
      </object_component>
      <object_component id="oc-2c1">
         <name>.text</name>
         <load_address>0x8a78b</load_address>
         <run_address>0x8a78b</run_address>
         <size>0x244</size>
         <input_file_ref idref="fl-6"/>
      </object_component>
      <object_component id="oc-348">
         <name>.text:_ti_sysbios_knl_Semaphore_pend__E</name>
         <load_address>0x8a9cf</load_address>
         <run_address>0x8a9cf</run_address>
         <size>0x1da</size>
         <input_file_ref idref="fl-21"/>
      </object_component>
      <object_component id="oc-2b9">
         <name>.text:_ti_sysbios_heaps_HeapMem_free__E</name>
         <load_address>0x8aba9</load_address>
         <run_address>0x8aba9</run_address>
         <size>0x1ba</size>
         <input_file_ref idref="fl-21"/>
      </object_component>
      <object_component id="oc-2b8">
         <name>.text:_ti_sysbios_heaps_HeapMem_alloc__E</name>
         <load_address>0x8ad63</load_address>
         <run_address>0x8ad63</run_address>
         <size>0x1b3</size>
         <input_file_ref idref="fl-21"/>
      </object_component>
      <object_component id="oc-2c2">
         <name>.text</name>
         <load_address>0x8af16</load_address>
         <run_address>0x8af16</run_address>
         <size>0x117</size>
         <input_file_ref idref="fl-10"/>
      </object_component>
      <object_component id="oc-463">
         <name>.text:_xdc_runtime_System_printfExtend__I</name>
         <load_address>0x8b02d</load_address>
         <run_address>0x8b02d</run_address>
         <size>0x10a</size>
         <input_file_ref idref="fl-15"/>
      </object_component>
      <object_component id="oc-1cc">
         <name>.text</name>
         <load_address>0x8b137</load_address>
         <run_address>0x8b137</run_address>
         <size>0x107</size>
         <input_file_ref idref="fl-46"/>
      </object_component>
      <object_component id="oc-2c3">
         <name>.text</name>
         <load_address>0x8b23e</load_address>
         <run_address>0x8b23e</run_address>
         <size>0xfd</size>
         <input_file_ref idref="fl-4"/>
      </object_component>
      <object_component id="oc-313">
         <name>.text:_ti_sysbios_heaps_HeapMem_Instance_init__E</name>
         <load_address>0x8b33b</load_address>
         <run_address>0x8b33b</run_address>
         <size>0xed</size>
         <input_file_ref idref="fl-21"/>
      </object_component>
      <object_component id="oc-37f">
         <name>.text:_ti_sysbios_family_c28_Hwi_clearInterrupt__E</name>
         <load_address>0x8b428</load_address>
         <run_address>0x8b428</run_address>
         <size>0xe0</size>
         <input_file_ref idref="fl-21"/>
      </object_component>
      <object_component id="oc-316">
         <name>.text</name>
         <load_address>0x8b508</load_address>
         <run_address>0x8b508</run_address>
         <size>0xdd</size>
         <input_file_ref idref="fl-2"/>
      </object_component>
      <object_component id="oc-2d3">
         <name>.text:_xdc_runtime_LoggerBuf_write8__E</name>
         <load_address>0x8b5e5</load_address>
         <run_address>0x8b5e5</run_address>
         <size>0xd2</size>
         <input_file_ref idref="fl-2d"/>
      </object_component>
      <object_component id="oc-2cb">
         <name>.text</name>
         <load_address>0x8b6b7</load_address>
         <run_address>0x8b6b7</run_address>
         <size>0xcb</size>
         <input_file_ref idref="fl-43"/>
      </object_component>
      <object_component id="oc-301">
         <name>.text:_xdc_runtime_Core_createObject__I</name>
         <load_address>0x8b782</load_address>
         <run_address>0x8b782</run_address>
         <size>0xc3</size>
         <input_file_ref idref="fl-27"/>
      </object_component>
      <object_component id="oc-465">
         <name>.text:_ti_sysbios_family_c28_Hwi_dispatchCore__I</name>
         <load_address>0x8b845</load_address>
         <run_address>0x8b845</run_address>
         <size>0xc0</size>
         <input_file_ref idref="fl-21"/>
      </object_component>
      <object_component id="oc-3c1">
         <name>.text</name>
         <load_address>0x8b905</load_address>
         <run_address>0x8b905</run_address>
         <size>0xc0</size>
         <input_file_ref idref="fl-5e"/>
      </object_component>
      <object_component id="oc-349">
         <name>.text:_ti_sysbios_knl_Semaphore_post__E</name>
         <load_address>0x8b9c5</load_address>
         <run_address>0x8b9c5</run_address>
         <size>0xb8</size>
         <input_file_ref idref="fl-21"/>
      </object_component>
      <object_component id="oc-2a4">
         <name>.text:_ti_sysbios_knl_Clock_workFunc__E</name>
         <load_address>0x8ba7d</load_address>
         <run_address>0x8ba7d</run_address>
         <size>0xb6</size>
         <input_file_ref idref="fl-21"/>
      </object_component>
      <object_component id="oc-3c5">
         <name>.text:_ti_sysbios_knl_Swi_run__I</name>
         <load_address>0x8bb33</load_address>
         <run_address>0x8bb33</run_address>
         <size>0xaf</size>
         <input_file_ref idref="fl-21"/>
      </object_component>
      <object_component id="oc-3e1">
         <name>.text:_xdc_runtime_Core_constructObject__I</name>
         <load_address>0x8bbe2</load_address>
         <run_address>0x8bbe2</run_address>
         <size>0x9c</size>
         <input_file_ref idref="fl-28"/>
      </object_component>
      <object_component id="oc-34e">
         <name>.text:_xdc_runtime_Error_policyDefault__E</name>
         <load_address>0x8bc7e</load_address>
         <run_address>0x8bc7e</run_address>
         <size>0x9c</size>
         <input_file_ref idref="fl-2b"/>
      </object_component>
      <object_component id="oc-24e">
         <name>.text</name>
         <load_address>0x8bd1a</load_address>
         <run_address>0x8bd1a</run_address>
         <size>0x9c</size>
         <input_file_ref idref="fl-5f"/>
      </object_component>
      <object_component id="oc-433">
         <name>.text:_ti_sysbios_family_c28_Hwi_dispatch</name>
         <load_address>0x8bdb6</load_address>
         <run_address>0x8bdb6</run_address>
         <size>0x9b</size>
         <input_file_ref idref="fl-23"/>
      </object_component>
      <object_component id="oc-340">
         <name>.text:_ti_sysbios_BIOS_nullFunc__I</name>
         <load_address>0x8be51</load_address>
         <run_address>0x8be51</run_address>
         <size>0x1</size>
         <input_file_ref idref="fl-15"/>
      </object_component>
      <object_component id="oc-42d">
         <name>.text</name>
         <load_address>0x8be52</load_address>
         <run_address>0x8be52</run_address>
         <size>0x94</size>
         <input_file_ref idref="fl-53"/>
      </object_component>
      <object_component id="oc-380">
         <name>.text:_ti_sysbios_family_c28_Hwi_enableInterrupt__E</name>
         <load_address>0x8bee6</load_address>
         <run_address>0x8bee6</run_address>
         <size>0x8e</size>
         <input_file_ref idref="fl-21"/>
      </object_component>
      <object_component id="oc-2d2">
         <name>.text:_xdc_runtime_LoggerBuf_write4__E</name>
         <load_address>0x8bf74</load_address>
         <run_address>0x8bf74</run_address>
         <size>0x8b</size>
         <input_file_ref idref="fl-2d"/>
      </object_component>
      <object_component id="oc-258">
         <name>.text</name>
         <load_address>0x8bfff</load_address>
         <run_address>0x8bfff</run_address>
         <size>0x8b</size>
         <input_file_ref idref="fl-61"/>
      </object_component>
      <object_component id="oc-1c2">
         <name>.text</name>
         <load_address>0x8c08a</load_address>
         <run_address>0x8c08a</run_address>
         <size>0x88</size>
         <input_file_ref idref="fl-44"/>
      </object_component>
      <object_component id="oc-2c6">
         <name>.text</name>
         <load_address>0x8c112</load_address>
         <run_address>0x8c112</run_address>
         <size>0x87</size>
         <input_file_ref idref="fl-c"/>
      </object_component>
      <object_component id="oc-25d">
         <name>.text</name>
         <load_address>0x8c199</load_address>
         <run_address>0x8c199</run_address>
         <size>0x83</size>
         <input_file_ref idref="fl-62"/>
      </object_component>
      <object_component id="oc-2c8">
         <name>.text</name>
         <load_address>0x8c21c</load_address>
         <run_address>0x8c21c</run_address>
         <size>0x82</size>
         <input_file_ref idref="fl-e"/>
      </object_component>
      <object_component id="oc-44f">
         <name>.text:_ti_sysbios_family_c28_Hwi_disableInterrupt__E</name>
         <load_address>0x8c29e</load_address>
         <run_address>0x8c29e</run_address>
         <size>0x81</size>
         <input_file_ref idref="fl-21"/>
      </object_component>
      <object_component id="oc-3d3">
         <name>.text:_ti_sysbios_family_c28_Hwi_disablePIEIER__E</name>
         <load_address>0x8c31f</load_address>
         <run_address>0x8c31f</run_address>
         <size>0x7e</size>
         <input_file_ref idref="fl-21"/>
      </object_component>
      <object_component id="oc-3d2">
         <name>.text:_ti_sysbios_family_c28_Hwi_enablePIEIER__E</name>
         <load_address>0x8c39d</load_address>
         <run_address>0x8c39d</run_address>
         <size>0x7d</size>
         <input_file_ref idref="fl-21"/>
      </object_component>
      <object_component id="oc-3b5">
         <name>.text:_xdc_runtime_Startup_startMods__I</name>
         <load_address>0x8c41a</load_address>
         <run_address>0x8c41a</run_address>
         <size>0x7d</size>
         <input_file_ref idref="fl-2f"/>
      </object_component>
      <object_component id="oc-383">
         <name>.text:_ti_sysbios_knl_Task_checkStacks__E</name>
         <load_address>0x8c497</load_address>
         <run_address>0x8c497</run_address>
         <size>0x73</size>
         <input_file_ref idref="fl-21"/>
      </object_component>
      <object_component id="oc-33f">
         <name>.text:_ti_sysbios_knl_Task_startCore__E</name>
         <load_address>0x8c50a</load_address>
         <run_address>0x8c50a</run_address>
         <size>0x71</size>
         <input_file_ref idref="fl-21"/>
      </object_component>
      <object_component id="oc-2e6">
         <name>.text:_ti_sysbios_gates_GateMutex_enter__E</name>
         <load_address>0x8c57b</load_address>
         <run_address>0x8c57b</run_address>
         <size>0x70</size>
         <input_file_ref idref="fl-21"/>
      </object_component>
      <object_component id="oc-416">
         <name>.text:_xdc_runtime_Text_putSite__E</name>
         <load_address>0x8c5eb</load_address>
         <run_address>0x8c5eb</run_address>
         <size>0x6f</size>
         <input_file_ref idref="fl-32"/>
      </object_component>
      <object_component id="oc-3c6">
         <name>.text:_ti_sysbios_knl_Task_schedule__I</name>
         <load_address>0x8c65a</load_address>
         <run_address>0x8c65a</run_address>
         <size>0x6e</size>
         <input_file_ref idref="fl-21"/>
      </object_component>
      <object_component id="oc-3e2">
         <name>.text:_ti_sysbios_knl_Semaphore_Instance_init__E</name>
         <load_address>0x8c6c8</load_address>
         <run_address>0x8c6c8</run_address>
         <size>0x6a</size>
         <input_file_ref idref="fl-21"/>
      </object_component>
      <object_component id="oc-2c7">
         <name>.text</name>
         <load_address>0x8c732</load_address>
         <run_address>0x8c732</run_address>
         <size>0x68</size>
         <input_file_ref idref="fl-f"/>
      </object_component>
      <object_component id="oc-435">
         <name>.text:_ti_sysbios_family_c28_Timer_stopAndClear__I</name>
         <load_address>0x8c79a</load_address>
         <run_address>0x8c79a</run_address>
         <size>0x66</size>
         <input_file_ref idref="fl-21"/>
      </object_component>
      <object_component id="oc-79">
         <name>.text</name>
         <load_address>0x8c800</load_address>
         <run_address>0x8c800</run_address>
         <size>0x63</size>
         <input_file_ref idref="fl-36"/>
      </object_component>
      <object_component id="oc-2ca">
         <name>.text:_ti_sysbios_knl_Swi_post__E</name>
         <load_address>0x8c863</load_address>
         <run_address>0x8c863</run_address>
         <size>0x60</size>
         <input_file_ref idref="fl-21"/>
      </object_component>
      <object_component id="oc-39c">
         <name>.text:_ti_sysbios_knl_Task_blockI__E</name>
         <load_address>0x8c8c3</load_address>
         <run_address>0x8c8c3</run_address>
         <size>0x60</size>
         <input_file_ref idref="fl-21"/>
      </object_component>
      <object_component id="oc-2c5">
         <name>.text</name>
         <load_address>0x8c923</load_address>
         <run_address>0x8c923</run_address>
         <size>0x5d</size>
         <input_file_ref idref="fl-9"/>
      </object_component>
      <object_component id="oc-3c0">
         <name>.text</name>
         <load_address>0x8c980</load_address>
         <run_address>0x8c980</run_address>
         <size>0x5a</size>
         <input_file_ref idref="fl-5d"/>
      </object_component>
      <object_component id="oc-43f">
         <name>.text:_ti_sysbios_knl_Task_exit__E</name>
         <load_address>0x8c9da</load_address>
         <run_address>0x8c9da</run_address>
         <size>0x57</size>
         <input_file_ref idref="fl-21"/>
      </object_component>
      <object_component id="oc-373">
         <name>.text:_xdc_runtime_Memory_alloc__E</name>
         <load_address>0x8ca31</load_address>
         <run_address>0x8ca31</run_address>
         <size>0x57</size>
         <input_file_ref idref="fl-2e"/>
      </object_component>
      <object_component id="oc-39f">
         <name>.text:_ti_sysbios_knl_Task_unblockI__E</name>
         <load_address>0x8ca88</load_address>
         <run_address>0x8ca88</run_address>
         <size>0x51</size>
         <input_file_ref idref="fl-21"/>
      </object_component>
      <object_component id="oc-469">
         <name>.text:_xdc_runtime_Text_putLab__E</name>
         <load_address>0x8cad9</load_address>
         <run_address>0x8cad9</run_address>
         <size>0x4f</size>
         <input_file_ref idref="fl-32"/>
      </object_component>
      <object_component id="oc-42a">
         <name>.text:_ti_sysbios_knl_Task_postInit__I</name>
         <load_address>0x8cb28</load_address>
         <run_address>0x8cb28</run_address>
         <size>0x4b</size>
         <input_file_ref idref="fl-21"/>
      </object_component>
      <object_component id="oc-40b">
         <name>.text:_ti_sysbios_family_c28_Hwi_Module_startup__E</name>
         <load_address>0x8cb73</load_address>
         <run_address>0x8cb73</run_address>
         <size>0x47</size>
         <input_file_ref idref="fl-21"/>
      </object_component>
      <object_component id="oc-303">
         <name>.text:_xdc_runtime_Core_deleteObject__I</name>
         <load_address>0x8cbba</load_address>
         <run_address>0x8cbba</run_address>
         <size>0x46</size>
         <input_file_ref idref="fl-27"/>
      </object_component>
      <object_component id="oc-2f8">
         <name>.text:.bootCodeSection:_ti_catalog_c2800_initF2837x_Boot_configurePllDivs</name>
         <load_address>0x8cc00</load_address>
         <run_address>0x8cc00</run_address>
         <size>0x45</size>
         <input_file_ref idref="fl-37"/>
      </object_component>
      <object_component id="oc-41e">
         <name>.text:_ti_sysbios_family_c28_Timer_postInit__I</name>
         <load_address>0x8cc45</load_address>
         <run_address>0x8cc45</run_address>
         <size>0x43</size>
         <input_file_ref idref="fl-21"/>
      </object_component>
      <object_component id="oc-147">
         <name>.text:_ti_sysbios_family_c28_Hwi_unPluggedInterrupt__I</name>
         <load_address>0x8cc88</load_address>
         <run_address>0x8cc88</run_address>
         <size>0x42</size>
         <input_file_ref idref="fl-21"/>
      </object_component>
      <object_component id="oc-45a">
         <name>.text:_xdc_runtime_System_formatNum__I</name>
         <load_address>0x8ccca</load_address>
         <run_address>0x8ccca</run_address>
         <size>0x3f</size>
         <input_file_ref idref="fl-30"/>
      </object_component>
      <object_component id="oc-470">
         <name>.text:_ti_sysbios_knl_Swi_restoreHwi__E</name>
         <load_address>0x8cd09</load_address>
         <run_address>0x8cd09</run_address>
         <size>0x3e</size>
         <input_file_ref idref="fl-21"/>
      </object_component>
      <object_component id="oc-42e">
         <name>.text:_xdc_runtime_Text_putMod__E</name>
         <load_address>0x8cd47</load_address>
         <run_address>0x8cd47</run_address>
         <size>0x3e</size>
         <input_file_ref idref="fl-32"/>
      </object_component>
      <object_component id="oc-35e">
         <name>.text:_xdc_runtime_Core_assignParams__I</name>
         <load_address>0x8cd85</load_address>
         <run_address>0x8cd85</run_address>
         <size>0x3d</size>
         <input_file_ref idref="fl-2a"/>
      </object_component>
      <object_component id="oc-2d5">
         <name>.text:_xdc_runtime_LoggerBuf_getFilterLevel__E</name>
         <load_address>0x8cdc2</load_address>
         <run_address>0x8cdc2</run_address>
         <size>0x3d</size>
         <input_file_ref idref="fl-2d"/>
      </object_component>
      <object_component id="oc-2d4">
         <name>.text:_xdc_runtime_LoggerBuf_setFilterLevel__E</name>
         <load_address>0x8cdff</load_address>
         <run_address>0x8cdff</run_address>
         <size>0x3c</size>
         <input_file_ref idref="fl-2d"/>
      </object_component>
      <object_component id="oc-453">
         <name>.text:_ti_sysbios_family_c28_TaskSupport_start__E</name>
         <load_address>0x8ce3b</load_address>
         <run_address>0x8ce3b</run_address>
         <size>0x3a</size>
         <input_file_ref idref="fl-21"/>
      </object_component>
      <object_component id="oc-2d6">
         <name>.text:_xdc_runtime_LoggerBuf_Object__create__S</name>
         <load_address>0x8ce75</load_address>
         <run_address>0x8ce75</run_address>
         <size>0x38</size>
         <input_file_ref idref="fl-15"/>
      </object_component>
      <object_component id="oc-412">
         <name>.text</name>
         <load_address>0x8cead</load_address>
         <run_address>0x8cead</run_address>
         <size>0x38</size>
         <input_file_ref idref="fl-52"/>
      </object_component>
      <object_component id="oc-2e2">
         <name>.text:_ti_sysbios_knl_Clock_logTick__E</name>
         <load_address>0x8cee5</load_address>
         <run_address>0x8cee5</run_address>
         <size>0x36</size>
         <input_file_ref idref="fl-21"/>
      </object_component>
      <object_component id="oc-32f">
         <name>.text:_xdc_runtime_LoggerBuf_Instance_init__E</name>
         <load_address>0x8cf1b</load_address>
         <run_address>0x8cf1b</run_address>
         <size>0x36</size>
         <input_file_ref idref="fl-2d"/>
      </object_component>
      <object_component id="oc-33a">
         <name>.text:_ti_sysbios_BIOS_rtsUnlock__I</name>
         <load_address>0x8cf51</load_address>
         <run_address>0x8cf51</run_address>
         <size>0x34</size>
         <input_file_ref idref="fl-15"/>
      </object_component>
      <object_component id="oc-410">
         <name>.text:_ti_sysbios_knl_Task_Module_startup__E</name>
         <load_address>0x8cf85</load_address>
         <run_address>0x8cf85</run_address>
         <size>0x32</size>
         <input_file_ref idref="fl-21"/>
      </object_component>
      <object_component id="oc-30a">
         <name>.text:_xdc_runtime_Assert_raise__I</name>
         <load_address>0x8cfb7</load_address>
         <run_address>0x8cfb7</run_address>
         <size>0x32</size>
         <input_file_ref idref="fl-26"/>
      </object_component>
      <object_component id="oc-462">
         <name>.text:_xdc_runtime_Text_visitRope2__I</name>
         <load_address>0x8cfe9</load_address>
         <run_address>0x8cfe9</run_address>
         <size>0x32</size>
         <input_file_ref idref="fl-32"/>
      </object_component>
      <object_component id="oc-295">
         <name>.text:_xdc_runtime_Startup_exec__E</name>
         <load_address>0x8d01b</load_address>
         <run_address>0x8d01b</run_address>
         <size>0x31</size>
         <input_file_ref idref="fl-2f"/>
      </object_component>
      <object_component id="oc-3be">
         <name>.text</name>
         <load_address>0x8d04c</load_address>
         <run_address>0x8d04c</run_address>
         <size>0x31</size>
         <input_file_ref idref="fl-56"/>
      </object_component>
      <object_component id="oc-3a5">
         <name>.text:_xdc_runtime_Error_setX__E</name>
         <load_address>0x8d07d</load_address>
         <run_address>0x8d07d</run_address>
         <size>0x30</size>
         <input_file_ref idref="fl-2b"/>
      </object_component>
      <object_component id="oc-314">
         <name>.text</name>
         <load_address>0x8d0ad</load_address>
         <run_address>0x8d0ad</run_address>
         <size>0x30</size>
         <input_file_ref idref="fl-54"/>
      </object_component>
      <object_component id="oc-36e">
         <name>.text:_ti_sysbios_knl_Swi_runLoop__I</name>
         <load_address>0x8d0dd</load_address>
         <run_address>0x8d0dd</run_address>
         <size>0x2e</size>
         <input_file_ref idref="fl-21"/>
      </object_component>
      <object_component id="oc-31f">
         <name>.text:_ti_sysbios_knl_Swi_schedule__I</name>
         <load_address>0x8d10b</load_address>
         <run_address>0x8d10b</run_address>
         <size>0x2e</size>
         <input_file_ref idref="fl-21"/>
      </object_component>
      <object_component id="oc-406">
         <name>.text:_xdc_runtime_Error_print__E</name>
         <load_address>0x8d139</load_address>
         <run_address>0x8d139</run_address>
         <size>0x2e</size>
         <input_file_ref idref="fl-2b"/>
      </object_component>
      <object_component id="oc-3bf">
         <name>.text</name>
         <load_address>0x8d167</load_address>
         <run_address>0x8d167</run_address>
         <size>0x2e</size>
         <input_file_ref idref="fl-58"/>
      </object_component>
      <object_component id="oc-3e9">
         <name>.text:_ti_sysbios_family_c28_Hwi_getStackInfo__E</name>
         <load_address>0x8d195</load_address>
         <run_address>0x8d195</run_address>
         <size>0x2d</size>
         <input_file_ref idref="fl-21"/>
      </object_component>
      <object_component id="oc-2bb">
         <name>.text:_ti_sysbios_heaps_HeapMem_getStats__E</name>
         <load_address>0x8d1c2</load_address>
         <run_address>0x8d1c2</run_address>
         <size>0x2d</size>
         <input_file_ref idref="fl-21"/>
      </object_component>
      <object_component id="oc-33c">
         <name>.text:_ti_sysbios_family_c28_Timer_start__E</name>
         <load_address>0x8d1ef</load_address>
         <run_address>0x8d1ef</run_address>
         <size>0x2c</size>
         <input_file_ref idref="fl-21"/>
      </object_component>
      <object_component id="oc-40e">
         <name>.text:_ti_sysbios_knl_Mailbox_Module_startup__E</name>
         <load_address>0x8d21b</load_address>
         <run_address>0x8d21b</run_address>
         <size>0x2b</size>
         <input_file_ref idref="fl-21"/>
      </object_component>
      <object_component id="oc-253">
         <name>.text</name>
         <load_address>0x8d246</load_address>
         <run_address>0x8d246</run_address>
         <size>0x2a</size>
         <input_file_ref idref="fl-60"/>
      </object_component>
      <object_component id="oc-1db">
         <name>.text</name>
         <load_address>0x8d270</load_address>
         <run_address>0x8d270</run_address>
         <size>0x2a</size>
         <input_file_ref idref="fl-49"/>
      </object_component>
      <object_component id="oc-3b8">
         <name>.text:_xdc_runtime_SysMin_flush__E</name>
         <load_address>0x8d29a</load_address>
         <run_address>0x8d29a</run_address>
         <size>0x29</size>
         <input_file_ref idref="fl-31"/>
      </object_component>
      <object_component id="oc-42f">
         <name>.text:_xdc_runtime_Text_xprintf__I</name>
         <load_address>0x8d2c3</load_address>
         <run_address>0x8d2c3</run_address>
         <size>0x29</size>
         <input_file_ref idref="fl-32"/>
      </object_component>
      <object_component id="oc-357">
         <name>.text</name>
         <load_address>0x8d2ec</load_address>
         <run_address>0x8d2ec</run_address>
         <size>0x29</size>
         <input_file_ref idref="fl-4c"/>
      </object_component>
      <object_component id="oc-350">
         <name>.text:_ti_sysbios_heaps_HeapMem_init__I</name>
         <load_address>0x8d315</load_address>
         <run_address>0x8d315</run_address>
         <size>0x27</size>
         <input_file_ref idref="fl-21"/>
      </object_component>
      <object_component id="oc-461">
         <name>.text:_ti_sysbios_family_c28_TaskSupport_buildTaskStack</name>
         <load_address>0x8d33c</load_address>
         <run_address>0x8d33c</run_address>
         <size>0x25</size>
         <input_file_ref idref="fl-25"/>
      </object_component>
      <object_component id="oc-2ae">
         <name>.text:_xdc_runtime_System_processAtExit__E</name>
         <load_address>0x8d361</load_address>
         <run_address>0x8d361</run_address>
         <size>0x24</size>
         <input_file_ref idref="fl-30"/>
      </object_component>
      <object_component id="oc-294">
         <name>.text</name>
         <load_address>0x8d385</load_address>
         <run_address>0x8d385</run_address>
         <size>0x24</size>
         <input_file_ref idref="fl-4a"/>
      </object_component>
      <object_component id="oc-3f0">
         <name>.text</name>
         <load_address>0x8d3a9</load_address>
         <run_address>0x8d3a9</run_address>
         <size>0x24</size>
         <input_file_ref idref="fl-6c"/>
      </object_component>
      <object_component id="oc-1d1">
         <name>.text</name>
         <load_address>0x8d3cd</load_address>
         <run_address>0x8d3cd</run_address>
         <size>0x22</size>
         <input_file_ref idref="fl-47"/>
      </object_component>
      <object_component id="oc-382">
         <name>.text:_ti_sysbios_knl_Task_allBlockedFunction__I</name>
         <load_address>0x8d3ef</load_address>
         <run_address>0x8d3ef</run_address>
         <size>0x21</size>
         <input_file_ref idref="fl-21"/>
      </object_component>
      <object_component id="oc-325">
         <name>.text:_xdc_runtime_LoggerBuf_filterOutEvent__I</name>
         <load_address>0x8d410</load_address>
         <run_address>0x8d410</run_address>
         <size>0x21</size>
         <input_file_ref idref="fl-2d"/>
      </object_component>
      <object_component id="oc-2da">
         <name>.text:_xdc_runtime_System_atexit__E</name>
         <load_address>0x8d431</load_address>
         <run_address>0x8d431</run_address>
         <size>0x21</size>
         <input_file_ref idref="fl-30"/>
      </object_component>
      <object_component id="oc-26c">
         <name>.text</name>
         <load_address>0x8d452</load_address>
         <run_address>0x8d452</run_address>
         <size>0x21</size>
         <input_file_ref idref="fl-65"/>
      </object_component>
      <object_component id="oc-437">
         <name>.text:_ti_sysbios_family_c28_Timer_setPrescale__E</name>
         <load_address>0x8d473</load_address>
         <run_address>0x8d473</run_address>
         <size>0x20</size>
         <input_file_ref idref="fl-21"/>
      </object_component>
      <object_component id="oc-2b4">
         <name>.text:_ti_sysbios_gates_GateHwi_Object__create__S</name>
         <load_address>0x8d493</load_address>
         <run_address>0x8d493</run_address>
         <size>0x1f</size>
         <input_file_ref idref="fl-15"/>
      </object_component>
      <object_component id="oc-2e8">
         <name>.text:_ti_sysbios_gates_GateMutex_Object__create__S</name>
         <load_address>0x8d4b2</load_address>
         <run_address>0x8d4b2</run_address>
         <size>0x1f</size>
         <input_file_ref idref="fl-15"/>
      </object_component>
      <object_component id="oc-2bc">
         <name>.text:_ti_sysbios_heaps_HeapMem_Object__create__S</name>
         <load_address>0x8d4d1</load_address>
         <run_address>0x8d4d1</run_address>
         <size>0x1f</size>
         <input_file_ref idref="fl-15"/>
      </object_component>
      <object_component id="oc-271">
         <name>.text</name>
         <load_address>0x8d4f0</load_address>
         <run_address>0x8d4f0</run_address>
         <size>0x1f</size>
         <input_file_ref idref="fl-66"/>
      </object_component>
      <object_component id="oc-407">
         <name>.text:_xdc_runtime_SysMin_putch__E</name>
         <load_address>0x8d50f</load_address>
         <run_address>0x8d50f</run_address>
         <size>0x1e</size>
         <input_file_ref idref="fl-31"/>
      </object_component>
      <object_component id="oc-276">
         <name>.text</name>
         <load_address>0x8d52d</load_address>
         <run_address>0x8d52d</run_address>
         <size>0x1e</size>
         <input_file_ref idref="fl-67"/>
      </object_component>
      <object_component id="oc-2aa">
         <name>.text</name>
         <load_address>0x8d54b</load_address>
         <run_address>0x8d54b</run_address>
         <size>0x1e</size>
         <input_file_ref idref="fl-4b"/>
      </object_component>
      <object_component id="oc-3db">
         <name>.text:_ti_sysbios_family_c28_TaskSupport_swap__E</name>
         <load_address>0x8d569</load_address>
         <run_address>0x8d569</run_address>
         <size>0x1d</size>
         <input_file_ref idref="fl-25"/>
      </object_component>
      <object_component id="oc-27b">
         <name>.text</name>
         <load_address>0x8d586</load_address>
         <run_address>0x8d586</run_address>
         <size>0x1d</size>
         <input_file_ref idref="fl-68"/>
      </object_component>
      <object_component id="oc-3e4">
         <name>.text:_ti_sysbios_hal_Hwi_checkStack</name>
         <load_address>0x8d5a3</load_address>
         <run_address>0x8d5a3</run_address>
         <size>0x1c</size>
         <input_file_ref idref="fl-21"/>
      </object_component>
      <object_component id="oc-285">
         <name>.text</name>
         <load_address>0x8d5bf</load_address>
         <run_address>0x8d5bf</run_address>
         <size>0x1c</size>
         <input_file_ref idref="fl-6a"/>
      </object_component>
      <object_component id="oc-280">
         <name>.text</name>
         <load_address>0x8d5db</load_address>
         <run_address>0x8d5db</run_address>
         <size>0x1c</size>
         <input_file_ref idref="fl-69"/>
      </object_component>
      <object_component id="oc-45c">
         <name>.text:_ti_sysbios_family_c28_Hwi_switchAndDispatch__I</name>
         <load_address>0x8d5f7</load_address>
         <run_address>0x8d5f7</run_address>
         <size>0x1b</size>
         <input_file_ref idref="fl-22"/>
      </object_component>
      <object_component id="oc-352">
         <name>.text:_ti_sysbios_hal_Hwi_initStack</name>
         <load_address>0x8d612</load_address>
         <run_address>0x8d612</run_address>
         <size>0x1b</size>
         <input_file_ref idref="fl-21"/>
      </object_component>
      <object_component id="oc-3a2">
         <name>.text:_ti_sysbios_knl_Semaphore_construct</name>
         <load_address>0x8d62d</load_address>
         <run_address>0x8d62d</run_address>
         <size>0x1b</size>
         <input_file_ref idref="fl-15"/>
      </object_component>
      <object_component id="oc-452">
         <name>.text:_ti_sysbios_knl_Task_processVitalTaskFlag__I</name>
         <load_address>0x8d648</load_address>
         <run_address>0x8d648</run_address>
         <size>0x1b</size>
         <input_file_ref idref="fl-21"/>
      </object_component>
      <object_component id="oc-402">
         <name>.text:_xdc_runtime_SysMin_output__I</name>
         <load_address>0x8d663</load_address>
         <run_address>0x8d663</run_address>
         <size>0x1b</size>
         <input_file_ref idref="fl-15"/>
      </object_component>
      <object_component id="oc-397">
         <name>.text:_ti_sysbios_knl_Clock_addI__E</name>
         <load_address>0x8d67e</load_address>
         <run_address>0x8d67e</run_address>
         <size>0x1a</size>
         <input_file_ref idref="fl-21"/>
      </object_component>
      <object_component id="oc-304">
         <name>.text:_xdc_runtime_Core_assignLabel__I</name>
         <load_address>0x8d698</load_address>
         <run_address>0x8d698</run_address>
         <size>0x1a</size>
         <input_file_ref idref="fl-29"/>
      </object_component>
      <object_component id="oc-430">
         <name>.text:_xdc_runtime_System_avprintf__E</name>
         <load_address>0x8d6b2</load_address>
         <run_address>0x8d6b2</run_address>
         <size>0x1a</size>
         <input_file_ref idref="fl-30"/>
      </object_component>
      <object_component id="oc-45b">
         <name>.text:_xdc_runtime_System_putchar__I</name>
         <load_address>0x8d6cc</load_address>
         <run_address>0x8d6cc</run_address>
         <size>0x1a</size>
         <input_file_ref idref="fl-30"/>
      </object_component>
      <object_component id="oc-41d">
         <name>.text:_ti_sysbios_family_c28_Hwi_Object__get__S</name>
         <load_address>0x8d6e6</load_address>
         <run_address>0x8d6e6</run_address>
         <size>0x19</size>
         <input_file_ref idref="fl-15"/>
      </object_component>
      <object_component id="oc-424">
         <name>.text:_ti_sysbios_knl_Mailbox_postInit__I</name>
         <load_address>0x8d6ff</load_address>
         <run_address>0x8d6ff</run_address>
         <size>0x19</size>
         <input_file_ref idref="fl-21"/>
      </object_component>
      <object_component id="oc-442">
         <name>.text:_ti_sysbios_knl_Queue_Object__get__S</name>
         <load_address>0x8d718</load_address>
         <run_address>0x8d718</run_address>
         <size>0x19</size>
         <input_file_ref idref="fl-15"/>
      </object_component>
      <object_component id="oc-3f9">
         <name>.text:_ti_sysbios_knl_Queue_construct</name>
         <load_address>0x8d731</load_address>
         <run_address>0x8d731</run_address>
         <size>0x19</size>
         <input_file_ref idref="fl-15"/>
      </object_component>
      <object_component id="oc-396">
         <name>.text:_ti_sysbios_knl_Semaphore_pendTimeout__I</name>
         <load_address>0x8d74a</load_address>
         <run_address>0x8d74a</run_address>
         <size>0x19</size>
         <input_file_ref idref="fl-21"/>
      </object_component>
      <object_component id="oc-33e">
         <name>.text:_ti_sysbios_knl_Swi_restore__E</name>
         <load_address>0x8d763</load_address>
         <run_address>0x8d763</run_address>
         <size>0x19</size>
         <input_file_ref idref="fl-21"/>
      </object_component>
      <object_component id="oc-431">
         <name>.text:_xdc_runtime_System_vprintf__E</name>
         <load_address>0x8d77c</load_address>
         <run_address>0x8d77c</run_address>
         <size>0x19</size>
         <input_file_ref idref="fl-30"/>
      </object_component>
      <object_component id="oc-44a">
         <name>.text:_xdc_runtime_Text_printVisFxn__I</name>
         <load_address>0x8d795</load_address>
         <run_address>0x8d795</run_address>
         <size>0x19</size>
         <input_file_ref idref="fl-32"/>
      </object_component>
      <object_component id="oc-296">
         <name>.text</name>
         <load_address>0x8d7ae</load_address>
         <run_address>0x8d7ae</run_address>
         <size>0x19</size>
         <input_file_ref idref="fl-4e"/>
      </object_component>
      <object_component id="oc-36f">
         <name>.text:_ti_sysbios_family_xxx_Hwi_switchAndRunFunc</name>
         <load_address>0x8d7c7</load_address>
         <run_address>0x8d7c7</run_address>
         <size>0x18</size>
         <input_file_ref idref="fl-22"/>
      </object_component>
      <object_component id="oc-408">
         <name>.text:_xdc_runtime_LoggerBuf_Module_startup__E</name>
         <load_address>0x8d7df</load_address>
         <run_address>0x8d7df</run_address>
         <size>0x18</size>
         <input_file_ref idref="fl-2d"/>
      </object_component>
      <object_component id="oc-374">
         <name>.text:_xdc_runtime_LoggerBuf_reset__E</name>
         <load_address>0x8d7f7</load_address>
         <run_address>0x8d7f7</run_address>
         <size>0x18</size>
         <input_file_ref idref="fl-2d"/>
      </object_component>
      <object_component id="oc-1c7">
         <name>.text</name>
         <load_address>0x8d80f</load_address>
         <run_address>0x8d80f</run_address>
         <size>0x18</size>
         <input_file_ref idref="fl-45"/>
      </object_component>
      <object_component id="oc-2d9">
         <name>.text:_ti_sysbios_BIOS_atExitFunc__I</name>
         <load_address>0x8d827</load_address>
         <run_address>0x8d827</run_address>
         <size>0x17</size>
         <input_file_ref idref="fl-15"/>
      </object_component>
      <object_component id="oc-2dc">
         <name>.text:_ti_sysbios_family_c28_Timer_startup__E</name>
         <load_address>0x8d83e</load_address>
         <run_address>0x8d83e</run_address>
         <size>0x17</size>
         <input_file_ref idref="fl-21"/>
      </object_component>
      <object_component id="oc-3b2">
         <name>.text:_ti_sysbios_heaps_HeapMem_Object__get__S</name>
         <load_address>0x8d855</load_address>
         <run_address>0x8d855</run_address>
         <size>0x17</size>
         <input_file_ref idref="fl-15"/>
      </object_component>
      <object_component id="oc-2a1">
         <name>.text:_ti_sysbios_knl_Clock_doTick__I</name>
         <load_address>0x8d86c</load_address>
         <run_address>0x8d86c</run_address>
         <size>0x17</size>
         <input_file_ref idref="fl-15"/>
      </object_component>
      <object_component id="oc-422">
         <name>.text:_ti_sysbios_knl_Mailbox_Object__get__S</name>
         <load_address>0x8d883</load_address>
         <run_address>0x8d883</run_address>
         <size>0x17</size>
         <input_file_ref idref="fl-15"/>
      </object_component>
      <object_component id="oc-426">
         <name>.text:_ti_sysbios_knl_Swi_Object__get__S</name>
         <load_address>0x8d89a</load_address>
         <run_address>0x8d89a</run_address>
         <size>0x17</size>
         <input_file_ref idref="fl-15"/>
      </object_component>
      <object_component id="oc-429">
         <name>.text:_ti_sysbios_knl_Task_Object__get__S</name>
         <load_address>0x8d8b1</load_address>
         <run_address>0x8d8b1</run_address>
         <size>0x17</size>
         <input_file_ref idref="fl-15"/>
      </object_component>
      <object_component id="oc-41a">
         <name>.text:_xdc_runtime_LoggerBuf_Object__get__S</name>
         <load_address>0x8d8c8</load_address>
         <run_address>0x8d8c8</run_address>
         <size>0x17</size>
         <input_file_ref idref="fl-15"/>
      </object_component>
      <object_component id="oc-3b9">
         <name>.text:_xdc_runtime_Memory_valloc__E</name>
         <load_address>0x8d8df</load_address>
         <run_address>0x8d8df</run_address>
         <size>0x17</size>
         <input_file_ref idref="fl-2e"/>
      </object_component>
      <object_component id="oc-40c">
         <name>.text:_ti_sysbios_family_c28_Timer_Module_startup__E</name>
         <load_address>0x8d8f6</load_address>
         <run_address>0x8d8f6</run_address>
         <size>0x16</size>
         <input_file_ref idref="fl-21"/>
      </object_component>
      <object_component id="oc-370">
         <name>.text:_ti_sysbios_knl_Task_restore__E</name>
         <load_address>0x8d90c</load_address>
         <run_address>0x8d90c</run_address>
         <size>0x16</size>
         <input_file_ref idref="fl-21"/>
      </object_component>
      <object_component id="oc-3fe">
         <name>.text:_xdc_runtime_SysMin_abort__E</name>
         <load_address>0x8d922</load_address>
         <run_address>0x8d922</run_address>
         <size>0x16</size>
         <input_file_ref idref="fl-31"/>
      </object_component>
      <object_component id="oc-40f">
         <name>.text:_ti_sysbios_knl_Swi_Module_startup__E</name>
         <load_address>0x8d938</load_address>
         <run_address>0x8d938</run_address>
         <size>0x15</size>
         <input_file_ref idref="fl-21"/>
      </object_component>
      <object_component id="oc-2eb">
         <name>.text:_ti_sysbios_knl_Idle_run__E</name>
         <load_address>0x8d94d</load_address>
         <run_address>0x8d94d</run_address>
         <size>0x14</size>
         <input_file_ref idref="fl-21"/>
      </object_component>
      <object_component id="oc-3e5">
         <name>.text:_ti_sysbios_BIOS_errorRaiseHook__I</name>
         <load_address>0x8d961</load_address>
         <run_address>0x8d961</run_address>
         <size>0x13</size>
         <input_file_ref idref="fl-15"/>
      </object_component>
      <object_component id="oc-2e9">
         <name>.text:_ti_sysbios_gates_GateMutex_Object__delete__S</name>
         <load_address>0x8d974</load_address>
         <run_address>0x8d974</run_address>
         <size>0x13</size>
         <input_file_ref idref="fl-15"/>
      </object_component>
      <object_component id="oc-2a8">
         <name>.text:_xdc_runtime_Error_raiseX__E</name>
         <load_address>0x8d987</load_address>
         <run_address>0x8d987</run_address>
         <size>0x13</size>
         <input_file_ref idref="fl-2b"/>
      </object_component>
      <object_component id="oc-362">
         <name>.text:_xdc_runtime_Text_cordText__E</name>
         <load_address>0x8d99a</load_address>
         <run_address>0x8d99a</run_address>
         <size>0x13</size>
         <input_file_ref idref="fl-32"/>
      </object_component>
      <object_component id="oc-45e">
         <name>.text:_ti_sysbios_family_c28_Hwi_disableIER__E</name>
         <load_address>0x8d9ad</load_address>
         <run_address>0x8d9ad</run_address>
         <size>0x12</size>
         <input_file_ref idref="fl-15"/>
      </object_component>
      <object_component id="oc-2b5">
         <name>.text:_ti_sysbios_gates_GateHwi_Object__delete__S</name>
         <load_address>0x8d9bf</load_address>
         <run_address>0x8d9bf</run_address>
         <size>0x12</size>
         <input_file_ref idref="fl-15"/>
      </object_component>
      <object_component id="oc-2bd">
         <name>.text:_ti_sysbios_heaps_HeapMem_Object__delete__S</name>
         <load_address>0x8d9d1</load_address>
         <run_address>0x8d9d1</run_address>
         <size>0x12</size>
         <input_file_ref idref="fl-15"/>
      </object_component>
      <object_component id="oc-40d">
         <name>.text:_ti_sysbios_knl_Clock_Module_startup__E</name>
         <load_address>0x8d9e3</load_address>
         <run_address>0x8d9e3</run_address>
         <size>0x12</size>
         <input_file_ref idref="fl-21"/>
      </object_component>
      <object_component id="oc-2d7">
         <name>.text:_xdc_runtime_LoggerBuf_Object__delete__S</name>
         <load_address>0x8d9f5</load_address>
         <run_address>0x8d9f5</run_address>
         <size>0x12</size>
         <input_file_ref idref="fl-15"/>
      </object_component>
      <object_component id="oc-2b6">
         <name>.text:_ti_sysbios_gates_GateHwi_Handle__label__S</name>
         <load_address>0x8da07</load_address>
         <run_address>0x8da07</run_address>
         <size>0x11</size>
         <input_file_ref idref="fl-15"/>
      </object_component>
      <object_component id="oc-2ea">
         <name>.text:_ti_sysbios_gates_GateMutex_Handle__label__S</name>
         <load_address>0x8da18</load_address>
         <run_address>0x8da18</run_address>
         <size>0x11</size>
         <input_file_ref idref="fl-15"/>
      </object_component>
      <object_component id="oc-2be">
         <name>.text:_ti_sysbios_heaps_HeapMem_Handle__label__S</name>
         <load_address>0x8da29</load_address>
         <run_address>0x8da29</run_address>
         <size>0x11</size>
         <input_file_ref idref="fl-15"/>
      </object_component>
      <object_component id="oc-2d8">
         <name>.text:_xdc_runtime_LoggerBuf_Handle__label__S</name>
         <load_address>0x8da3a</load_address>
         <run_address>0x8da3a</run_address>
         <size>0x11</size>
         <input_file_ref idref="fl-15"/>
      </object_component>
      <object_component id="oc-339">
         <name>.text:_ti_sysbios_BIOS_rtsLock__I</name>
         <load_address>0x8da4b</load_address>
         <run_address>0x8da4b</run_address>
         <size>0x10</size>
         <input_file_ref idref="fl-15"/>
      </object_component>
      <object_component id="oc-3d0">
         <name>.text:_ti_sysbios_family_c28_Hwi_enableIER__E</name>
         <load_address>0x8da5b</load_address>
         <run_address>0x8da5b</run_address>
         <size>0x10</size>
         <input_file_ref idref="fl-15"/>
      </object_component>
      <object_component id="oc-436">
         <name>.text:_ti_sysbios_family_c28_Timer_stop__E</name>
         <load_address>0x8da6b</load_address>
         <run_address>0x8da6b</run_address>
         <size>0x10</size>
         <input_file_ref idref="fl-21"/>
      </object_component>
      <object_component id="oc-45d">
         <name>.text:_ti_sysbios_knl_Task_restoreHwi__E</name>
         <load_address>0x8da7b</load_address>
         <run_address>0x8da7b</run_address>
         <size>0x10</size>
         <input_file_ref idref="fl-21"/>
      </object_component>
      <object_component id="oc-40a">
         <name>.text:_xdc_runtime_SysMin_Module_startup__E</name>
         <load_address>0x8da8b</load_address>
         <run_address>0x8da8b</run_address>
         <size>0x10</size>
         <input_file_ref idref="fl-31"/>
      </object_component>
      <object_component id="oc-29f">
         <name>.text:_ti_sysbios_BIOS_startFunc__I</name>
         <load_address>0x8da9b</load_address>
         <run_address>0x8da9b</run_address>
         <size>0xf</size>
         <input_file_ref idref="fl-15"/>
      </object_component>
      <object_component id="oc-34b">
         <name>.text:_ti_sysbios_gates_GateMutex_Instance_init__E</name>
         <load_address>0x8daaa</load_address>
         <run_address>0x8daaa</run_address>
         <size>0xf</size>
         <input_file_ref idref="fl-21"/>
      </object_component>
      <object_component id="oc-3e3">
         <name>.text:_ti_sysbios_knl_Semaphore_Object__destruct__S</name>
         <load_address>0x8dab9</load_address>
         <run_address>0x8dab9</run_address>
         <size>0xf</size>
         <input_file_ref idref="fl-15"/>
      </object_component>
      <object_component id="oc-2d1">
         <name>.text:_xdc_runtime_LoggerBuf_write2__E</name>
         <load_address>0x8dac8</load_address>
         <run_address>0x8dac8</run_address>
         <size>0xf</size>
         <input_file_ref idref="fl-2d"/>
      </object_component>
      <object_component id="oc-448">
         <name>.text:_xdc_runtime_Registry_findById__E</name>
         <load_address>0x8dad7</load_address>
         <run_address>0x8dad7</run_address>
         <size>0xf</size>
         <input_file_ref idref="fl-35"/>
      </object_component>
      <object_component id="oc-457">
         <name>.text:_xdc_runtime_Text_visitRope__I</name>
         <load_address>0x8dae6</load_address>
         <run_address>0x8dae6</run_address>
         <size>0xf</size>
         <input_file_ref idref="fl-15"/>
      </object_component>
      <object_component id="oc-371">
         <name>.text:_ti_sysbios_family_c28_f2837x_TimestampProvider_get64__E</name>
         <load_address>0x8daf5</load_address>
         <run_address>0x8daf5</run_address>
         <size>0xe</size>
         <input_file_ref idref="fl-21"/>
      </object_component>
      <object_component id="oc-414">
         <name>.text:_ti_sysbios_knl_Queue_Object__destruct__S</name>
         <load_address>0x8db03</load_address>
         <run_address>0x8db03</run_address>
         <size>0xe</size>
         <input_file_ref idref="fl-15"/>
      </object_component>
      <object_component id="oc-3f4">
         <name>.text:_xdc_runtime_IHeap_alloc</name>
         <load_address>0x8db11</load_address>
         <run_address>0x8db11</run_address>
         <size>0xe</size>
         <input_file_ref idref="fl-15"/>
      </object_component>
      <object_component id="oc-267">
         <name>.text</name>
         <load_address>0x8db1f</load_address>
         <run_address>0x8db1f</run_address>
         <size>0xe</size>
         <input_file_ref idref="fl-64"/>
      </object_component>
      <object_component id="oc-2db">
         <name>.text:_ti_sysbios_BIOS_registerRTSLock__I</name>
         <load_address>0x8db2d</load_address>
         <run_address>0x8db2d</run_address>
         <size>0xd</size>
         <input_file_ref idref="fl-15"/>
      </object_component>
      <object_component id="oc-2e0">
         <name>.text:_ti_sysbios_BIOS_removeRTSLock__I</name>
         <load_address>0x8db3a</load_address>
         <run_address>0x8db3a</run_address>
         <size>0xd</size>
         <input_file_ref idref="fl-15"/>
      </object_component>
      <object_component id="oc-44e">
         <name>.text:_ti_sysbios_family_c28_Hwi_dispatchC__I</name>
         <load_address>0x8db47</load_address>
         <run_address>0x8db47</run_address>
         <size>0xd</size>
         <input_file_ref idref="fl-21"/>
      </object_component>
      <object_component id="oc-3d4">
         <name>.text:_ti_sysbios_family_c28_Hwi_restoreIER__E</name>
         <load_address>0x8db54</load_address>
         <run_address>0x8db54</run_address>
         <size>0xd</size>
         <input_file_ref idref="fl-15"/>
      </object_component>
      <object_component id="oc-441">
         <name>.text:_ti_sysbios_knl_Task_SupportProxy_start__E</name>
         <load_address>0x8db61</load_address>
         <run_address>0x8db61</run_address>
         <size>0xd</size>
         <input_file_ref idref="fl-15"/>
      </object_component>
      <object_component id="oc-440">
         <name>.text:_ti_sysbios_knl_Task_enter__I</name>
         <load_address>0x8db6e</load_address>
         <run_address>0x8db6e</run_address>
         <size>0xd</size>
         <input_file_ref idref="fl-21"/>
      </object_component>
      <object_component id="oc-2cf">
         <name>.text:_xdc_runtime_LoggerBuf_write0__E</name>
         <load_address>0x8db7b</load_address>
         <run_address>0x8db7b</run_address>
         <size>0xd</size>
         <input_file_ref idref="fl-2d"/>
      </object_component>
      <object_component id="oc-2d0">
         <name>.text:_xdc_runtime_LoggerBuf_write1__E</name>
         <load_address>0x8db88</load_address>
         <run_address>0x8db88</run_address>
         <size>0xd</size>
         <input_file_ref idref="fl-2d"/>
      </object_component>
      <object_component id="oc-3c8">
         <name>.text:_xdc_runtime_Memory_HeapProxy_alloc__E</name>
         <load_address>0x8db95</load_address>
         <run_address>0x8db95</run_address>
         <size>0xd</size>
         <input_file_ref idref="fl-15"/>
      </object_component>
      <object_component id="oc-3af">
         <name>.text:_xdc_runtime_System_abort__E</name>
         <load_address>0x8dba2</load_address>
         <run_address>0x8dba2</run_address>
         <size>0xd</size>
         <input_file_ref idref="fl-30"/>
      </object_component>
      <object_component id="oc-3c4">
         <name>.text</name>
         <load_address>0x8dbaf</load_address>
         <run_address>0x8dbaf</run_address>
         <size>0xd</size>
         <input_file_ref idref="fl-59"/>
      </object_component>
      <object_component id="oc-2a0">
         <name>.text:_ti_sysbios_BIOS_exitFunc__I</name>
         <load_address>0x8dbbc</load_address>
         <run_address>0x8dbbc</run_address>
         <size>0xc</size>
         <input_file_ref idref="fl-15"/>
      </object_component>
      <object_component id="oc-2e7">
         <name>.text:_ti_sysbios_gates_GateMutex_leave__E</name>
         <load_address>0x8dbc8</load_address>
         <run_address>0x8dbc8</run_address>
         <size>0xc</size>
         <input_file_ref idref="fl-21"/>
      </object_component>
      <object_component id="oc-3dc">
         <name>.text:_ti_sysbios_knl_Queue_put__E</name>
         <load_address>0x8dbd4</load_address>
         <run_address>0x8dbd4</run_address>
         <size>0xc</size>
         <input_file_ref idref="fl-21"/>
      </object_component>
      <object_component id="oc-39b">
         <name>.text:_ti_sysbios_knl_Task_enabled__E</name>
         <load_address>0x8dbe0</load_address>
         <run_address>0x8dbe0</run_address>
         <size>0xc</size>
         <input_file_ref idref="fl-21"/>
      </object_component>
      <object_component id="oc-330">
         <name>.text:_xdc_runtime_Error_check__E</name>
         <load_address>0x8dbec</load_address>
         <run_address>0x8dbec</run_address>
         <size>0xc</size>
         <input_file_ref idref="fl-2b"/>
      </object_component>
      <object_component id="oc-417">
         <name>.text:_xdc_runtime_System_aprintf__E</name>
         <load_address>0x8dbf8</load_address>
         <run_address>0x8dbf8</run_address>
         <size>0xc</size>
         <input_file_ref idref="fl-15"/>
      </object_component>
      <object_component id="oc-418">
         <name>.text:_xdc_runtime_System_printf__E</name>
         <load_address>0x8dc04</load_address>
         <run_address>0x8dc04</run_address>
         <size>0xc</size>
         <input_file_ref idref="fl-15"/>
      </object_component>
      <object_component id="oc-360">
         <name>.text</name>
         <load_address>0x8dc10</load_address>
         <run_address>0x8dc10</run_address>
         <size>0xc</size>
         <input_file_ref idref="fl-4f"/>
      </object_component>
      <object_component id="oc-3c2">
         <name>.text</name>
         <load_address>0x8dc1c</load_address>
         <run_address>0x8dc1c</run_address>
         <size>0xc</size>
         <input_file_ref idref="fl-5a"/>
      </object_component>
      <object_component id="oc-456">
         <name>.text:_ti_sysbios_family_c28_Hwi_Module__startupDone__F</name>
         <load_address>0x8dc28</load_address>
         <run_address>0x8dc28</run_address>
         <size>0xb</size>
         <input_file_ref idref="fl-15"/>
      </object_component>
      <object_component id="oc-450">
         <name>.text:_ti_sysbios_family_c28_Timer_Module__startupDone__F</name>
         <load_address>0x8dc33</load_address>
         <run_address>0x8dc33</run_address>
         <size>0xb</size>
[...]
         <value>0x8bf74</value>
         <object_component_ref idref="oc-2d2"/>
      </symbol>
      <symbol id="sm-e5b">
         <name>_xdc_runtime_LoggerBuf_getFilterLevel__E</name>
         <value>0x8cdc2</value>
         <object_component_ref idref="oc-2d5"/>
      </symbol>
      <symbol id="sm-e5c">
         <name>_xdc_runtime_LoggerBuf_disable__E</name>
         <value>0x8ddf4</value>
         <object_component_ref idref="oc-2ce"/>
      </symbol>
      <symbol id="sm-e5d">
         <name>_xdc_runtime_LoggerBuf_setFilterLevel__E</name>
         <value>0x8cdff</value>
         <object_component_ref idref="oc-2d4"/>
      </symbol>
      <symbol id="sm-e5e">
         <name>_xdc_runtime_LoggerBuf_write8__E</name>
         <value>0x8b5e5</value>
         <object_component_ref idref="oc-2d3"/>
      </symbol>
      <symbol id="sm-e5f">
         <name>_xdc_runtime_LoggerBuf_write2__E</name>
         <value>0x8dac8</value>
         <object_component_ref idref="oc-2d1"/>
      </symbol>
      <symbol id="sm-e60">
         <name>_LoggerBuf_instanceStartup</name>
         <value>0x8d7f7</value>
         <object_component_ref idref="oc-374"/>
      </symbol>
      <symbol id="sm-e61">
         <name>_xdc_runtime_LoggerBuf_filterOutEvent__I</name>
         <value>0x8d410</value>
         <object_component_ref idref="oc-325"/>
      </symbol>
      <symbol id="sm-e62">
         <name>_xdc_runtime_LoggerBuf_write1__E</name>
         <value>0x8db88</value>
         <object_component_ref idref="oc-2d0"/>
      </symbol>
      <symbol id="sm-e63">
         <name>_xdc_runtime_LoggerBuf_enable__E</name>
         <value>0x8ddc2</value>
         <object_component_ref idref="oc-2cd"/>
      </symbol>
      <symbol id="sm-e7f">
         <name>_xdc_runtime_Memory_calloc__E</name>
         <value>0x8dd17</value>
         <object_component_ref idref="oc-35f"/>
      </symbol>
      <symbol id="sm-e80">
         <name>_xdc_runtime_Memory_free__E</name>
         <value>0x8dc94</value>
         <object_component_ref idref="oc-361"/>
      </symbol>
      <symbol id="sm-e81">
         <name>_xdc_runtime_Memory_valloc__E</name>
         <value>0x8d8df</value>
         <object_component_ref idref="oc-3b9"/>
      </symbol>
      <symbol id="sm-e82">
         <name>_xdc_runtime_Memory_alloc__E</name>
         <value>0x8ca31</value>
         <object_component_ref idref="oc-373"/>
      </symbol>
      <symbol id="sm-e83">
         <name>_xdc_runtime_Memory_getMaxDefaultTypeAlign__E</name>
         <value>0x8de0a</value>
         <object_component_ref idref="oc-3c7"/>
      </symbol>
      <symbol id="sm-ea4">
         <name>_xdc_runtime_Startup_startMods__I</name>
         <value>0x8c41a</value>
         <object_component_ref idref="oc-3b5"/>
      </symbol>
      <symbol id="sm-ea5">
         <name>_xdc_runtime_Startup_exec__E</name>
         <value>0x8d01b</value>
         <object_component_ref idref="oc-295"/>
      </symbol>
      <symbol id="sm-f2a">
         <name>_xdc_runtime_System_formatNum__I</name>
         <value>0x8ccca</value>
         <object_component_ref idref="oc-45a"/>
      </symbol>
      <symbol id="sm-f2b">
         <name>_xdc_runtime_System_exit__E</name>
         <value>0x8dc6a</value>
         <object_component_ref idref="oc-297"/>
      </symbol>
      <symbol id="sm-f2c">
         <name>_xdc_runtime_System_exitStd__E</name>
         <value>0x8de44</value>
         <object_component_ref idref="oc-2fe"/>
      </symbol>
      <symbol id="sm-f2d">
         <name>_xdc_runtime_System_printf_va__F</name>
         <value>0x8d77c</value>
         <object_component_ref idref="oc-431"/>
      </symbol>
      <symbol id="sm-f2e">
         <name>_xdc_runtime_System_atexit__E</name>
         <value>0x8d431</value>
         <object_component_ref idref="oc-2da"/>
      </symbol>
      <symbol id="sm-f2f">
         <name>_xdc_runtime_System_abortStd__E</name>
         <value>0x8de41</value>
         <object_component_ref idref="oc-3ff"/>
      </symbol>
      <symbol id="sm-f30">
         <name>_xdc_runtime_System_putchar__I</name>
         <value>0x8d6cc</value>
         <object_component_ref idref="oc-45b"/>
      </symbol>
      <symbol id="sm-f31">
         <name>_xdc_runtime_System_snprintf_va__F</name>
         <value>0x8dc9e</value>
         <object_component_ref idref="oc-44b"/>
      </symbol>
      <symbol id="sm-f32">
         <name>_xdc_runtime_System_Module_startup__E</name>
         <value>0x8de3b</value>
         <object_component_ref idref="oc-409"/>
      </symbol>
      <symbol id="sm-f33">
         <name>_xdc_runtime_System_avprintf__E</name>
         <value>0x8d6b2</value>
         <object_component_ref idref="oc-430"/>
      </symbol>
      <symbol id="sm-f34">
         <name>_xdc_runtime_System_vprintf__E</name>
         <value>0x8d77c</value>
         <object_component_ref idref="oc-431"/>
      </symbol>
      <symbol id="sm-f35">
         <name>_xdc_runtime_System_aprintf_va__F</name>
         <value>0x8d6b2</value>
         <object_component_ref idref="oc-430"/>
      </symbol>
      <symbol id="sm-f36">
         <name>_xdc_runtime_System_doPrint__I</name>
         <value>0x8a539</value>
         <object_component_ref idref="oc-44d"/>
      </symbol>
      <symbol id="sm-f37">
         <name>_xdc_runtime_System_processAtExit__E</name>
         <value>0x8d361</value>
         <object_component_ref idref="oc-2ae"/>
      </symbol>
      <symbol id="sm-f38">
         <name>_xdc_runtime_System_vsnprintf__E</name>
         <value>0x8dc9e</value>
         <object_component_ref idref="oc-44b"/>
      </symbol>
      <symbol id="sm-f39">
         <name>_xdc_runtime_System_abort__E</name>
         <value>0x8dba2</value>
         <object_component_ref idref="oc-3af"/>
      </symbol>
      <symbol id="sm-f59">
         <name>_xdc_runtime_SysMin_abort__E</name>
         <value>0x8d922</value>
         <object_component_ref idref="oc-3fe"/>
      </symbol>
      <symbol id="sm-f5a">
         <name>_xdc_runtime_SysMin_ready__E</name>
         <value>0x8dd1f</value>
         <object_component_ref idref="oc-458"/>
      </symbol>
      <symbol id="sm-f5b">
         <name>_xdc_runtime_SysMin_flush__E</name>
         <value>0x8d29a</value>
         <object_component_ref idref="oc-3b8"/>
      </symbol>
      <symbol id="sm-f5c">
         <name>_xdc_runtime_SysMin_Module_startup__E</name>
         <value>0x8da8b</value>
         <object_component_ref idref="oc-40a"/>
      </symbol>
      <symbol id="sm-f5d">
         <name>_xdc_runtime_SysMin_putch__E</name>
         <value>0x8d50f</value>
         <object_component_ref idref="oc-407"/>
      </symbol>
      <symbol id="sm-f5e">
         <name>_xdc_runtime_SysMin_exit__E</name>
         <value>0x8dc5f</value>
         <object_component_ref idref="oc-356"/>
      </symbol>
      <symbol id="sm-fa5">
         <name>_xdc_runtime_Text_putLab__E</name>
         <value>0x8cad9</value>
         <object_component_ref idref="oc-469"/>
      </symbol>
      <symbol id="sm-fa6">
         <name>_xdc_runtime_Text_printVisFxn__I</name>
         <value>0x8d795</value>
         <object_component_ref idref="oc-44a"/>
      </symbol>
      <symbol id="sm-fa7">
         <name>_xdc_runtime_Text_putMod__E</name>
         <value>0x8cd47</value>
         <object_component_ref idref="oc-42e"/>
      </symbol>
      <symbol id="sm-fa8">
         <name>_xdc_runtime_Text_cordText__E</name>
         <value>0x8d99a</value>
         <object_component_ref idref="oc-362"/>
      </symbol>
      <symbol id="sm-fa9">
         <name>_xdc_runtime_Text_xprintf__I</name>
         <value>0x8d2c3</value>
         <object_component_ref idref="oc-42f"/>
      </symbol>
      <symbol id="sm-faa">
         <name>_xdc_runtime_Text_visitRope2__I</name>
         <value>0x8cfe9</value>
         <object_component_ref idref="oc-462"/>
      </symbol>
      <symbol id="sm-fab">
         <name>_xdc_runtime_Text_ropeText__E</name>
         <value>0x8dca8</value>
         <object_component_ref idref="oc-367"/>
      </symbol>
      <symbol id="sm-fac">
         <name>_xdc_runtime_Text_putSite__E</name>
         <value>0x8c5eb</value>
         <object_component_ref idref="oc-416"/>
      </symbol>
      <symbol id="sm-fb9">
         <name>___xdc__init</name>
         <value>0x8de11</value>
         <object_component_ref idref="oc-298"/>
      </symbol>
      <symbol id="sm-fdb">
         <name>_xdc_runtime_Registry_findById__E</name>
         <value>0x8dad7</value>
         <object_component_ref idref="oc-448"/>
      </symbol>
      <symbol id="sm-ff5">
         <name>_c_int00</name>
         <value>0x8c800</value>
         <object_component_ref idref="oc-79"/>
      </symbol>
      <symbol id="sm-ff6">
         <name>__stack</name>
         <value>0x8000</value>
         <object_component_ref idref="oc-1b2"/>
      </symbol>
      <symbol id="sm-100e">
         <name>_ti_catalog_c2800_initF2837x_Boot_initFlash</name>
         <value>0xb000</value>
         <object_component_ref idref="oc-3b3"/>
      </symbol>
      <symbol id="sm-100f">
         <name>_ti_catalog_c2800_initF2837x_Boot_defaultLimpAbortFunction</name>
         <value>0x893c9</value>
         <object_component_ref idref="oc-3b0"/>
      </symbol>
      <symbol id="sm-1010">
         <name>_ti_catalog_c2800_initF2837x_Boot_configurePllDivs</name>
         <value>0x8cc00</value>
         <object_component_ref idref="oc-2f8"/>
      </symbol>
      <symbol id="sm-1011">
         <name>_ti_catalog_c2800_initF2837x_Boot_initSharedRAMs</name>
         <value>0x8dcdf</value>
         <object_component_ref idref="oc-2f9"/>
      </symbol>
      <symbol id="sm-1036">
         <name>_atan</name>
         <value>0x8b6b7</value>
         <object_component_ref idref="oc-2cb"/>
      </symbol>
      <symbol id="sm-1037">
         <name>_atanf</name>
         <value>0x8b6b7</value>
         <object_component_ref idref="oc-2cb"/>
      </symbol>
      <symbol id="sm-1048">
         <name>FS$$DIV</name>
         <value>0x8c08a</value>
         <object_component_ref idref="oc-1c2"/>
      </symbol>
      <symbol id="sm-1054">
         <name>LL$$AND</name>
         <value>0x8d80f</value>
         <object_component_ref idref="oc-1c7"/>
      </symbol>
      <symbol id="sm-1055">
         <name>LL$$OR</name>
         <value>0x8d817</value>
         <object_component_ref idref="oc-1c7"/>
      </symbol>
      <symbol id="sm-1056">
         <name>LL$$XOR</name>
         <value>0x8d81f</value>
         <object_component_ref idref="oc-1c7"/>
      </symbol>
      <symbol id="sm-1082">
         <name>ULL$$MOD</name>
         <value>0x8b1dc</value>
         <object_component_ref idref="oc-1cc"/>
      </symbol>
      <symbol id="sm-1083">
         <name>ULL$$DIV</name>
         <value>0x8b1ad</value>
         <object_component_ref idref="oc-1cc"/>
      </symbol>
      <symbol id="sm-1084">
         <name>LL$$MOD</name>
         <value>0x8b173</value>
         <object_component_ref idref="oc-1cc"/>
      </symbol>
      <symbol id="sm-1085">
         <name>LL$$DIV</name>
         <value>0x8b137</value>
         <object_component_ref idref="oc-1cc"/>
      </symbol>
      <symbol id="sm-1093">
         <name>I$$MOD</name>
         <value>0x8d3de</value>
         <object_component_ref idref="oc-1d1"/>
      </symbol>
      <symbol id="sm-1094">
         <name>I$$DIV</name>
         <value>0x8d3cd</value>
         <object_component_ref idref="oc-1d1"/>
      </symbol>
      <symbol id="sm-10a0">
         <name>U$$MOD</name>
         <value>0x8dc7a</value>
         <object_component_ref idref="oc-1d6"/>
      </symbol>
      <symbol id="sm-10a1">
         <name>U$$DIV</name>
         <value>0x8dc75</value>
         <object_component_ref idref="oc-1d6"/>
      </symbol>
      <symbol id="sm-10ad">
         <name>UL$$MOD</name>
         <value>0x8d294</value>
         <object_component_ref idref="oc-1db"/>
      </symbol>
      <symbol id="sm-10ae">
         <name>L$$MOD</name>
         <value>0x8d27f</value>
         <object_component_ref idref="oc-1db"/>
      </symbol>
      <symbol id="sm-10af">
         <name>L$$DIV</name>
         <value>0x8d270</value>
         <object_component_ref idref="oc-1db"/>
      </symbol>
      <symbol id="sm-10b0">
         <name>UL$$DIV</name>
         <value>0x8d28d</value>
         <object_component_ref idref="oc-1db"/>
      </symbol>
      <symbol id="sm-10bf">
         <name>_copy_in</name>
         <value>0x8d385</value>
         <object_component_ref idref="oc-294"/>
      </symbol>
      <symbol id="sm-10d0">
         <name>_memcpy</name>
         <value>0x8d54b</value>
         <object_component_ref idref="oc-2aa"/>
      </symbol>
      <symbol id="sm-10e4">
         <name>C$$EXIT</name>
         <value>0x8d2ec</value>
         <object_component_ref idref="oc-357"/>
      </symbol>
      <symbol id="sm-10e5">
         <name>_exit</name>
         <value>0x8d2ee</value>
         <object_component_ref idref="oc-357"/>
      </symbol>
      <symbol id="sm-10e6">
         <name>___TI_cleanup_ptr</name>
         <value>0xef3a</value>
         <object_component_ref idref="oc-1ec"/>
      </symbol>
      <symbol id="sm-10e7">
         <name>___TI_enable_exit_profile_output</name>
         <value>0xef38</value>
         <object_component_ref idref="oc-1ec"/>
      </symbol>
      <symbol id="sm-10e8">
         <name>_abort</name>
         <value>0x8d2ec</value>
         <object_component_ref idref="oc-357"/>
      </symbol>
      <symbol id="sm-10e9">
         <name>___TI_dtors_ptr</name>
         <value>0xef3c</value>
         <object_component_ref idref="oc-1ec"/>
      </symbol>
      <symbol id="sm-10fd">
         <name>__unlock</name>
         <value>0x10058</value>
         <object_component_ref idref="oc-376"/>
      </symbol>
      <symbol id="sm-10fe">
         <name>__lock</name>
         <value>0xef3e</value>
         <object_component_ref idref="oc-377"/>
      </symbol>
      <symbol id="sm-10ff">
         <name>__register_lock</name>
         <value>0x8dcd1</value>
         <object_component_ref idref="oc-334"/>
      </symbol>
      <symbol id="sm-1100">
         <name>__nop</name>
         <value>0x8dcd5</value>
         <object_component_ref idref="oc-334"/>
      </symbol>
      <symbol id="sm-1101">
         <name>__register_unlock</name>
         <value>0x8dccd</value>
         <object_component_ref idref="oc-334"/>
      </symbol>
      <symbol id="sm-1110">
         <name>__args_main</name>
         <value>0x8d7ae</value>
         <object_component_ref idref="oc-296"/>
      </symbol>
      <symbol id="sm-111e">
         <name>_memset</name>
         <value>0x8dc10</value>
         <object_component_ref idref="oc-360"/>
      </symbol>
      <symbol id="sm-1134">
         <name>_strlen</name>
         <value>0x8dd27</value>
         <object_component_ref idref="oc-315"/>
      </symbol>
      <symbol id="sm-1141">
         <name>_HOSTwrite</name>
         <value>0x8cead</value>
         <object_component_ref idref="oc-412"/>
      </symbol>
      <symbol id="sm-115a">
         <name>___TI_readmsg</name>
         <value>0x8beaa</value>
         <object_component_ref idref="oc-42d"/>
      </symbol>
      <symbol id="sm-115b">
         <name>C$$IO$$</name>
         <value>0x8bea5</value>
         <object_component_ref idref="oc-42d"/>
      </symbol>
      <symbol id="sm-115c">
         <name>__CIOBUF_</name>
         <value>0x8c00</value>
         <object_component_ref idref="oc-210"/>
      </symbol>
      <symbol id="sm-115d">
         <name>___TI_writemsg</name>
         <value>0x8be52</value>
         <object_component_ref idref="oc-42d"/>
      </symbol>
      <symbol id="sm-116b">
         <name>_vsprintf</name>
         <value>0x8d0ad</value>
         <object_component_ref idref="oc-314"/>
      </symbol>
      <symbol id="sm-1297">
         <name>___TI_printfi</name>
         <value>0x89eac</value>
         <object_component_ref idref="oc-36c"/>
      </symbol>
      <symbol id="sm-12ab">
         <name>_atoi</name>
         <value>0x8d04c</value>
         <object_component_ref idref="oc-3be"/>
      </symbol>
      <symbol id="sm-12b3">
         <name>__ctypes_</name>
         <value>0x8395c</value>
         <object_component_ref idref="oc-3ef"/>
      </symbol>
      <symbol id="sm-12c1">
         <name>_ltoa</name>
         <value>0x8d167</value>
         <object_component_ref idref="oc-3bf"/>
      </symbol>
      <symbol id="sm-12d0">
         <name>_memccpy</name>
         <value>0x8dbaf</value>
         <object_component_ref idref="oc-3c4"/>
      </symbol>
      <symbol id="sm-12df">
         <name>_strchr</name>
         <value>0x8dc1c</value>
         <object_component_ref idref="oc-3c2"/>
      </symbol>
      <symbol id="sm-12ec">
         <name>_strcpy</name>
         <value>0x8ddf9</value>
         <object_component_ref idref="oc-3c3"/>
      </symbol>
      <symbol id="sm-12f8">
         <name>_parmbuf</name>
         <value>0xef30</value>
         <object_component_ref idref="oc-23d"/>
      </symbol>
      <symbol id="sm-130b">
         <name>_frexpl</name>
         <value>0x8c980</value>
         <object_component_ref idref="oc-3c0"/>
      </symbol>
      <symbol id="sm-1328">
         <name>_scalbnl</name>
         <value>0x8b905</value>
         <object_component_ref idref="oc-3c1"/>
      </symbol>
      <symbol id="sm-1329">
         <name>_ldexpl</name>
         <value>0x8b905</value>
         <object_component_ref idref="oc-3c1"/>
      </symbol>
      <symbol id="sm-1344">
         <name>FD$$ADD</name>
         <value>0x8bd1a</value>
         <object_component_ref idref="oc-24e"/>
      </symbol>
      <symbol id="sm-1354">
         <name>FD$$CMP</name>
         <value>0x8d246</value>
         <object_component_ref idref="oc-253"/>
      </symbol>
      <symbol id="sm-136b">
         <name>FD$$DIV</name>
         <value>0x8bfff</value>
         <object_component_ref idref="oc-258"/>
      </symbol>
      <symbol id="sm-137d">
         <name>FD$$MPY</name>
         <value>0x8c199</value>
         <object_component_ref idref="oc-25d"/>
      </symbol>
      <symbol id="sm-138a">
         <name>FD$$NEG</name>
         <value>0x8dcd6</value>
         <object_component_ref idref="oc-262"/>
      </symbol>
      <symbol id="sm-1396">
         <name>FD$$SUB</name>
         <value>0x8db1f</value>
         <object_component_ref idref="oc-267"/>
      </symbol>
      <symbol id="sm-13a5">
         <name>FD$$TOI</name>
         <value>0x8d452</value>
         <object_component_ref idref="oc-26c"/>
      </symbol>
      <symbol id="sm-13b4">
         <name>FD$$TOL</name>
         <value>0x8d4f0</value>
         <object_component_ref idref="oc-271"/>
      </symbol>
      <symbol id="sm-13c2">
         <name>ULL$$CMP</name>
         <value>0x8d53f</value>
         <object_component_ref idref="oc-276"/>
      </symbol>
      <symbol id="sm-13c3">
         <name>LL$$CMP</name>
         <value>0x8d52d</value>
         <object_component_ref idref="oc-276"/>
      </symbol>
      <symbol id="sm-13d3">
         <name>I$$TOFD</name>
         <value>0x8d586</value>
         <object_component_ref idref="oc-27b"/>
      </symbol>
      <symbol id="sm-13e3">
         <name>L$$TOFD</name>
         <value>0x8d5db</value>
         <object_component_ref idref="oc-280"/>
      </symbol>
      <symbol id="sm-13f3">
         <name>FS$$TOFD</name>
         <value>0x8d5bf</value>
         <object_component_ref idref="oc-285"/>
      </symbol>
      <symbol id="sm-13fd">
         <name>_errno</name>
         <value>0x10043</value>
         <object_component_ref idref="oc-28c"/>
      </symbol>
      <symbol id="sm-140a">
         <name>_copysignl</name>
         <value>0x8d3a9</value>
         <object_component_ref idref="oc-3f0"/>
      </symbol>
   </symbol_table>
   <title>Link successful</title>
</link_info>
