******************************************************************************
             TMS320C2000 Linker PC v17.6.0                     
******************************************************************************
>> Linked Wed Apr 10 10:41:18 2019

OUTPUT FILE NAME:   <Cheapli_SE420.out>
ENTRY POINT SYMBOL: "_c_int00"  address: 0008c81c


MEMORY CONFIGURATION

         name            origin    length      used     unused   attr    fill
----------------------  --------  ---------  --------  --------  ----  --------
PAGE 0:
  D01SARAM              0000b000   00001000  00000027  00000fd9  RWIX
  BEGIN                 00080000   00000002  00000002  00000000  RWIX
  FLASHA                00080002   00001ffe  00000a3f  000015bf  RWIX
  FLASHB                00082000   00002000  00001f8c  00000074  RWIX
  FLASHC                00084000   00002000  00000000  00002000  RWIX
  FLASHD                00086000   00002000  00000000  00002000  RWIX
  FLASHE                00088000   00008000  00005e6f  00002191  RWIX
  FLASHF                00090000   00008000  00000000  00008000  RWIX
  FLASHG                00098000   00008000  00000000  00008000  RWIX
  FLASHH                000a0000   00008000  00000000  00008000  RWIX
  FLASHI                000a8000   00008000  00000000  00008000  RWIX
  FLASHJ                000b0000   00008000  00000000  00008000  RWIX
  FLASHK                000b8000   00002000  00000000  00002000  RWIX
  FLASHL                000ba000   00002000  00000000  00002000  RWIX
  FLASHM                000bc000   00002000  00000000  00002000  RWIX
  FLASHN                000be000   00002000  00000000  00002000  RWIX
  RESET                 003fffc0   00000002  00000000  00000002  RWIX

PAGE 1:
  BOOT_RSVD             00000002   00000120  000000d4  0000004c  RWIX
  M1SARAM               00000400   00000400  00000237  000001c9  RWIX
  ADCA_RESULT           00000b00   00000020  00000018  00000008  RWIX
  ADCB_RESULT           00000b20   00000020  00000018  00000008  RWIX
  ADCC_RESULT           00000b40   00000020  00000018  00000008  RWIX
  ADCD_RESULT           00000b60   00000020  00000018  00000008  RWIX
  CPU_TIMER0            00000c00   00000008  00000008  00000000  RWIX
  CPU_TIMER1            00000c08   00000008  00000008  00000000  RWIX
  CPU_TIMER2            00000c10   00000008  00000008  00000000  RWIX
  PIE_CTRL              00000ce0   00000020  0000001a  00000006  RWIX
  PIE_VECT              00000d00   00000200  00000000  00000200  RWIX
  DMA                   00001000   00000200  000000e0  00000120  RWIX
  CLA1                  00001400   00000040  0000003c  00000004  RWIX
  EPWM1                 00004000   00000100  00000100  00000000  RWIX
  EPWM2                 00004100   00000100  00000100  00000000  RWIX
  EPWM3                 00004200   00000100  00000100  00000000  RWIX
  EPWM4                 00004300   00000100  00000100  00000000  RWIX
  EPWM5                 00004400   00000100  00000100  00000000  RWIX
  EPWM6                 00004500   00000100  00000100  00000000  RWIX
  EPWM7                 00004600   00000100  00000100  00000000  RWIX
  EPWM8                 00004700   00000100  00000100  00000000  RWIX
  EPWM9                 00004800   00000100  00000100  00000000  RWIX
  EPWM10                00004900   00000100  00000100  00000000  RWIX
  EPWM11                00004a00   00000100  00000100  00000000  RWIX
  EPWM12                00004b00   00000100  00000100  00000000  RWIX
  ECAP1                 00005000   00000020  00000020  00000000  RWIX
  ECAP2                 00005020   00000020  00000020  00000000  RWIX
  ECAP3                 00005040   00000020  00000020  00000000  RWIX
  ECAP4                 00005060   00000020  00000020  00000000  RWIX
  ECAP5                 00005080   00000020  00000020  00000000  RWIX
  ECAP6                 000050a0   00000020  00000020  00000000  RWIX
  EQEP1                 00005100   00000040  00000022  0000001e  RWIX
  EQEP2                 00005140   00000040  00000022  0000001e  RWIX
  EQEP3                 00005180   00000040  00000022  0000001e  RWIX
  DACA                  00005c00   00000010  00000008  00000008  RWIX
  DACB                  00005c10   00000010  00000008  00000008  RWIX
  DACC                  00005c20   00000010  00000008  00000008  RWIX
  CMPSS1                00005c80   00000020  00000020  00000000  RWIX
  CMPSS2                00005ca0   00000020  00000020  00000000  RWIX
  CMPSS3                00005cc0   00000020  00000020  00000000  RWIX
  CMPSS4                00005ce0   00000020  00000020  00000000  RWIX
  CMPSS5                00005d00   00000020  00000020  00000000  RWIX
  CMPSS6                00005d20   00000020  00000020  00000000  RWIX
  CMPSS7                00005d40   00000020  00000020  00000000  RWIX
  CMPSS8                00005d60   00000020  00000020  00000000  RWIX
  SDFM1                 00005e00   00000080  00000080  00000000  RWIX
  SDFM2                 00005e80   00000080  00000080  00000000  RWIX
  MCBSPA                00006000   00000040  00000024  0000001c  RWIX
  MCBSPB                00006040   00000040  00000024  0000001c  RWIX
  SPIA                  00006100   00000010  00000010  00000000  RWIX
  SPIB                  00006110   00000010  00000010  00000000  RWIX
  SPIC                  00006120   00000010  00000010  00000000  RWIX
  SPID                  00006130   00000010  00000000  00000010  RWIX
  WD                    00007000   00000040  0000002b  00000015  RWIX
  NMIINTRUPT            00007060   00000010  00000007  00000009  RWIX
  XINT                  00007070   00000010  0000000b  00000005  RWIX
  SCIA                  00007200   00000010  00000010  00000000  RWIX
  SCIB                  00007210   00000010  00000010  00000000  RWIX
  SCIC                  00007220   00000010  00000010  00000000  RWIX
  SCID                  00007230   00000010  00000010  00000000  RWIX
  I2CA                  00007300   00000040  00000022  0000001e  RWIX
  I2CB                  00007340   00000040  00000022  0000001e  RWIX
  ADCA                  00007400   00000080  00000080  00000000  RWIX
  ADCB                  00007480   00000080  00000080  00000000  RWIX
  ADCC                  00007500   00000080  00000080  00000000  RWIX
  ADCD                  00007580   00000080  00000080  00000000  RWIX
  TRIG                  00007900   00000050  00000006  0000004a  RWIX
  DMACLASRCSEL          00007980   00000040  0000001a  00000026  RWIX
  GPIOCTRL              00007c00   00000180  00000180  00000000  RWIX
  GPIODAT               00007f00   00000030  00000030  00000000  RWIX
  LS05SARAM             00008000   00003000  00000d20  000022e0  RWIX
  RAMGS07               0000c000   00008000  00004e02  000031fe  RWIX
  RAMGS815              00014000   00008000  00000000  00008000  RWIX
  CPU2TOCPU1RAM         0003f800   00000400  00000000  00000400  RWIX
  CPU1TOCPU2RAM         0003fc00   00000400  00000088  00000378  RWIX
  EMIF1                 00047000   00000800  00000070  00000790  RWIX
  EMIF2                 00047800   00000800  00000070  00000790  RWIX
  IPC                   00050000   00001000  00000026  00000fda  RWIX
  DEV_CFG               0005d000   00000200  0000012e  000000d2  RWIX
  CLK_CFG               0005d200   00000100  00000032  000000ce  RWIX
  CPU_SYS               0005d300   00000100  00000082  0000007e  RWIX
  DCSM_Z1               0005f000   00000030  00000024  0000000c  RWIX
  DCSM_Z2               0005f040   00000030  00000024  0000000c  RWIX
  DCSM_COMMON           0005f070   00000010  00000008  00000008  RWIX
  MEMCFG                0005f400   00000080  00000080  00000000  RWIX
  EMIF1CONFIG           0005f480   00000020  00000020  00000000  RWIX
  ACCESSPROTECTION      0005f4c0   00000040  00000040  00000000  RWIX
  MEMORYERROR           0005f500   00000040  00000040  00000000  RWIX
  FLASH0_CTRL           0005f800   00000300  00000182  0000017e  RWIX
  FLASH0_ECC            0005fb00   00000040  00000028  00000018  RWIX
  DCSM_Z1_OTP           00078000   00000020  00000020  00000000  RWIX
  DCSM_Z2_OTP           00078200   00000020  00000020  00000000  RWIX


SECTION ALLOCATION MAP

 output                                  attributes/
section   page    origin      length       input sections
--------  ----  ----------  ----------   ----------------
.text:ti_catalog_c2800_initF2837x_flashfuncs 
*          0    0008019a    00000027     RUN ADDR = 0000b000
                  0008019a    00000027     Boot.a28FP : Boot.o28FP (.text:ti_catalog_c2800_initF2837x_flashfuncs:_ti_catalog_c2800_initF2837x_Boot_initFlash)

xdc.meta   0    00000000    000000fa     COPY SECTION
                  00000000    000000fa     Cheapli_SE420_p28FP.o28FP (xdc.meta)

codestart 
*          0    00080000    00000002     
                  00080000    00000002     F2837xD_CodeStartBranch.obj (codestart)

ramfuncs   0    00080002    00000197     RUN ADDR = 00000400
                  00080002    0000016e     f28377sSerial.obj (ramfuncs)
                  00080170    00000025     F2837xD_SysCtrl.obj (ramfuncs)
                  00080195    00000004     F2837xD_usDelay.obj (ramfuncs)

.cinit     0    000801c1    0000085b     
                  000801c1    000004f1     Cheapli_SE420_p28FP.o28FP (.cinit)
                  000806b2    0000034c     user_CheapliBEMF_SE420.obj (.cinit)
                  000809fe    0000000e     rts2800_fpu32.lib : exit.obj (.cinit)
                  00080a0c    00000005                       : _lock.obj (.cinit:__lock)
                  00080a11    00000005                       : _lock.obj (.cinit:__unlock)
                  00080a16    00000004                       : errno.obj (.cinit)
                  00080a1a    00000002     --HOLE-- [fill = 0]

.switch    0    00080a1c    0000001c     
                  00080a1c    0000001c     sysbios.a28FP : BIOS.obj (.switch:_ti_sysbios_family_c28_Hwi_clearInterrupt__E)

.binit     0    00080a38    0000000a     
                  00080a38    0000000a     (.binit)

.pinit     0    00080002    00000000     UNINITIALIZED

.econst    0    00082000    00001f8c     
                  00082000    0000179b     Cheapli_SE420_p28FP.o28FP (.econst:xdc_runtime_Text_charTab__A)
                  0008379b    00000001     Cheapli_SE420_p28FP.o28FP (.econst:ti_sysbios_family_c28_Hwi_Module__id__C)
                  0008379c    000001c0     Cheapli_SE420_p28FP.o28FP (.econst:_ti_sysbios_family_c28_Hwi_vectors)
                  0008395c    00000101     rts2800_fpu32.lib : ctype.obj (.econst:.string:__ctypes_)
                  00083a5d    00000001     Cheapli_SE420_p28FP.o28FP (.econst:ti_sysbios_family_c28_Hwi_Module__loggerDefined__C)
                  00083a5e    00000080     Cheapli_SE420_p28FP.o28FP (.econst:.string)
                  00083ade    00000058     ti.targets.rts2800.a28FP : Error.o28FP (.econst:.string)
                  00083b36    00000058     Cheapli_SE420_p28FP.o28FP (.econst:xdc_runtime_Text_nodeTab__A)
                  00083b8e    00000047     ti.targets.rts2800.a28FP : Log.o28FP (.econst:.string)
                  00083bd5    00000001     Cheapli_SE420_p28FP.o28FP (.econst:ti_sysbios_family_c28_Hwi_NUM_INTERRUPTS_ALL__C)
                  00083bd6    00000043     ti.targets.rts2800.a28FP : Text.o28FP (.econst:.string)
                  00083c19    00000001     Cheapli_SE420_p28FP.o28FP (.econst:ti_sysbios_family_c28_Hwi_Object__count__C)
                  00083c1a    00000030     user_CheapliBEMF_SE420.obj (.econst:.string)
                  00083c4a    0000002a     ti.targets.rts2800.a28FP : Startup.o28FP (.econst:.string)
                  00083c74    00000026     rts2800_fpu32.lib : _printfi.obj (.econst:.string)
                  00083c9a    0000001e     Cheapli_SE420_p28FP.o28FP (.econst:xdc_runtime_LoggerBuf_Module__FXNS__C)
                  00083cb8    0000001c     rts2800_fpu32.lib : _printfi.obj (.econst)
                  00083cd4    0000001c                       : s_scalbn.obj (.econst)
                  00083cf0    00000019     ti.targets.rts2800.a28FP : System.o28FP (.econst:.string)
                  00083d09    00000001     Cheapli_SE420_p28FP.o28FP (.econst:ti_sysbios_family_c28_TaskSupport_Module__id__C)
                  00083d0a    00000018     Cheapli_SE420_p28FP.o28FP (.econst)
                  00083d22    00000014     Cheapli_SE420_p28FP.o28FP (.econst:ti_sysbios_heaps_HeapMem_Module__FXNS__C)
                  00083d36    00000014     Cheapli_SE420_p28FP.o28FP (.econst:xdc_runtime_Startup_sfxnTab__A)
                  00083d4a    00000012     Cheapli_SE420_p28FP.o28FP (.econst:ti_sysbios_gates_GateHwi_Module__FXNS__C)
                  00083d5c    00000012     Cheapli_SE420_p28FP.o28FP (.econst:ti_sysbios_gates_GateMutex_Module__FXNS__C)
                  00083d6e    00000012     Cheapli_SE420_p28FP.o28FP (.econst:ti_sysbios_heaps_HeapMem_Object__PARAMS__C)
                  00083d80    00000012     Cheapli_SE420_p28FP.o28FP (.econst:xdc_runtime_LoggerBuf_Object__PARAMS__C)
                  00083d92    00000010     Cheapli_SE420_p28FP.o28FP (.econst:ti_sysbios_gates_GateHwi_Object__DESC__C)
                  00083da2    00000010     Cheapli_SE420_p28FP.o28FP (.econst:ti_sysbios_gates_GateMutex_Object__DESC__C)
                  00083db2    00000010     Cheapli_SE420_p28FP.o28FP (.econst:ti_sysbios_heaps_HeapMem_Object__DESC__C)
                  00083dc2    00000010     Cheapli_SE420_p28FP.o28FP (.econst:ti_sysbios_knl_Queue_Object__DESC__C)
                  00083dd2    00000010     Cheapli_SE420_p28FP.o28FP (.econst:ti_sysbios_knl_Semaphore_Object__DESC__C)
                  00083de2    00000010     Cheapli_SE420_p28FP.o28FP (.econst:ti_sysbios_knl_Semaphore_Object__PARAMS__C)
                  00083df2    00000010     Cheapli_SE420_p28FP.o28FP (.econst:xdc_runtime_LoggerBuf_Object__DESC__C)
                  00083e02    0000000c     Cheapli_SE420_p28FP.o28FP (.econst:ti_sysbios_gates_GateHwi_Object__PARAMS__C)
                  00083e0e    0000000c     Cheapli_SE420_p28FP.o28FP (.econst:ti_sysbios_gates_GateMutex_Object__PARAMS__C)
                  00083e1a    0000000c     Cheapli_SE420_p28FP.o28FP (.econst:ti_sysbios_knl_Queue_Object__PARAMS__C)
                  00083e26    0000000a     rts2800_fpu32.lib : s_atanf.obj (.econst:_aT)
                  00083e30    0000000a     Cheapli_SE420_p28FP.o28FP (.econst:xdc_runtime_Startup_sfxnRts__A)
                  00083e3a    00000008     rts2800_fpu32.lib : s_atanf.obj (.econst:_atanhi)
                  00083e42    00000008                       : s_atanf.obj (.econst:_atanlo)
                  00083e4a    00000008                       : s_frexp.obj (.econst)
                  00083e52    00000006     Cheapli_SE420_p28FP.o28FP (.econst:xdc_runtime_Startup_firstFxns__A)
                  00083e58    00000005     ti.targets.rts2800.a28FP : Assert.o28FP (.econst:.string)
                  00083e5d    00000001     Cheapli_SE420_p28FP.o28FP (.econst:ti_sysbios_family_c28_Timer_startupNeeded__C)
                  00083e5e    00000004     rts2800_fpu32.lib : s_atanf.obj (.econst)
                  00083e62    00000004     Cheapli_SE420_p28FP.o28FP (.econst:ti_sysbios_knl_Idle_funcList__C)
                  00083e66    00000004     Cheapli_SE420_p28FP.o28FP (.econst:xdc_runtime_Startup_firstFxns__C)
                  00083e6a    00000004     Cheapli_SE420_p28FP.o28FP (.econst:xdc_runtime_Startup_lastFxns__C)
                  00083e6e    00000002     Cheapli_SE420_p28FP.o28FP (.econst:ti_sysbios_BIOS_installedErrorHook__C)
                  00083e70    00000002     Cheapli_SE420_p28FP.o28FP (.econst:ti_sysbios_family_c28_Hwi_A_badIntNum__C)
                  00083e72    00000002     Cheapli_SE420_p28FP.o28FP (.econst:ti_sysbios_family_c28_Hwi_A_invalidArg__C)
                  00083e74    00000002     Cheapli_SE420_p28FP.o28FP (.econst:ti_sysbios_family_c28_Hwi_E_unpluggedInterrupt__C)
                  00083e76    00000002     Cheapli_SE420_p28FP.o28FP (.econst:ti_sysbios_family_c28_Hwi_LD_end__C)
                  00083e78    00000002     Cheapli_SE420_p28FP.o28FP (.econst:ti_sysbios_family_c28_Hwi_LM_begin__C)
                  00083e7a    00000002     Cheapli_SE420_p28FP.o28FP (.econst:ti_sysbios_family_c28_Hwi_Module__diagsEnabled__C)
                  00083e7c    00000002     Cheapli_SE420_p28FP.o28FP (.econst:ti_sysbios_family_c28_Hwi_Module__diagsIncluded__C)
                  00083e7e    00000002     Cheapli_SE420_p28FP.o28FP (.econst:ti_sysbios_family_c28_Hwi_Module__diagsMask__C)
                  00083e80    00000002     Cheapli_SE420_p28FP.o28FP (.econst:ti_sysbios_family_c28_Hwi_Module__loggerFxn1__C)
                  00083e82    00000002     Cheapli_SE420_p28FP.o28FP (.econst:ti_sysbios_family_c28_Hwi_Module__loggerFxn8__C)
                  00083e84    00000002     Cheapli_SE420_p28FP.o28FP (.econst:ti_sysbios_family_c28_Hwi_Module__loggerObj__C)
                  00083e86    00000002     Cheapli_SE420_p28FP.o28FP (.econst:ti_sysbios_family_c28_Hwi_Object__table__C)
                  00083e88    00000002     Cheapli_SE420_p28FP.o28FP (.econst:ti_sysbios_family_c28_TaskSupport_E_invalidStack__C)
                  00083e8a    00000002     Cheapli_SE420_p28FP.o28FP (.econst:ti_sysbios_gates_GateMutex_A_badContext__C)
                  00083e8c    00000002     Cheapli_SE420_p28FP.o28FP (.econst:ti_sysbios_gates_GateMutex_Instance_State_sem__O)
                  00083e8e    00000002     Cheapli_SE420_p28FP.o28FP (.econst:ti_sysbios_gates_GateMutex_Module__diagsEnabled__C)
                  00083e90    00000002     Cheapli_SE420_p28FP.o28FP (.econst:ti_sysbios_gates_GateMutex_Module__diagsIncluded__C)
                  00083e92    00000002     Cheapli_SE420_p28FP.o28FP (.econst:ti_sysbios_gates_GateMutex_Module__diagsMask__C)
                  00083e94    00000002     Cheapli_SE420_p28FP.o28FP (.econst:ti_sysbios_hal_Hwi_E_stackOverflow__C)
                  00083e96    00000002     Cheapli_SE420_p28FP.o28FP (.econst:ti_sysbios_heaps_HeapMem_A_align__C)
                  00083e98    00000002     Cheapli_SE420_p28FP.o28FP (.econst:ti_sysbios_heaps_HeapMem_A_heapSize__C)
                  00083e9a    00000002     Cheapli_SE420_p28FP.o28FP (.econst:ti_sysbios_heaps_HeapMem_A_invalidFree__C)
                  00083e9c    00000002     Cheapli_SE420_p28FP.o28FP (.econst:ti_sysbios_heaps_HeapMem_A_zeroBlock__C)
                  00083e9e    00000002     Cheapli_SE420_p28FP.o28FP (.econst:ti_sysbios_heaps_HeapMem_E_memory__C)
                  00083ea0    00000002     Cheapli_SE420_p28FP.o28FP (.econst:ti_sysbios_heaps_HeapMem_Module__diagsEnabled__C)
                  00083ea2    00000002     Cheapli_SE420_p28FP.o28FP (.econst:ti_sysbios_heaps_HeapMem_Module__diagsIncluded__C)
                  00083ea4    00000002     Cheapli_SE420_p28FP.o28FP (.econst:ti_sysbios_heaps_HeapMem_Module__diagsMask__C)
                  00083ea6    00000002     Cheapli_SE420_p28FP.o28FP (.econst:ti_sysbios_heaps_HeapMem_Module__gateObj__C)
                  00083ea8    00000002     Cheapli_SE420_p28FP.o28FP (.econst:ti_sysbios_heaps_HeapMem_Object__table__C)
                  00083eaa    00000002     Cheapli_SE420_p28FP.o28FP (.econst:ti_sysbios_heaps_HeapMem_reqAlign__C)
                  00083eac    00000002     Cheapli_SE420_p28FP.o28FP (.econst:ti_sysbios_knl_Clock_LM_begin__C)
                  00083eae    00000002     Cheapli_SE420_p28FP.o28FP (.econst:ti_sysbios_knl_Clock_LM_tick__C)
                  00083eb0    00000002     Cheapli_SE420_p28FP.o28FP (.econst:ti_sysbios_knl_Clock_LW_delayed__C)
                  00083eb2    00000002     Cheapli_SE420_p28FP.o28FP (.econst:ti_sysbios_knl_Clock_Module_State_clockQ__O)
                  00083eb4    00000002     Cheapli_SE420_p28FP.o28FP (.econst:ti_sysbios_knl_Clock_Module__diagsEnabled__C)
                  00083eb6    00000002     Cheapli_SE420_p28FP.o28FP (.econst:ti_sysbios_knl_Clock_Module__diagsIncluded__C)
                  00083eb8    00000002     Cheapli_SE420_p28FP.o28FP (.econst:ti_sysbios_knl_Clock_Module__diagsMask__C)
                  00083eba    00000002     Cheapli_SE420_p28FP.o28FP (.econst:ti_sysbios_knl_Clock_Module__loggerFxn1__C)
                  00083ebc    00000002     Cheapli_SE420_p28FP.o28FP (.econst:ti_sysbios_knl_Clock_Module__loggerFxn2__C)
                  00083ebe    00000002     Cheapli_SE420_p28FP.o28FP (.econst:ti_sysbios_knl_Clock_Module__loggerObj__C)
                  00083ec0    00000002     Cheapli_SE420_p28FP.o28FP (.econst:ti_sysbios_knl_Idle_funcList__A)
                  00083ec2    00000002     Cheapli_SE420_p28FP.o28FP (.econst:ti_sysbios_knl_Mailbox_Instance_State_freeQue__O)
                  00083ec4    00000002     Cheapli_SE420_p28FP.o28FP (.econst:ti_sysbios_knl_Mailbox_Object__table__C)
                  00083ec6    00000002     Cheapli_SE420_p28FP.o28FP (.econst:ti_sysbios_knl_Queue_Object__table__C)
                  00083ec8    00000002     Cheapli_SE420_p28FP.o28FP (.econst:ti_sysbios_knl_Semaphore_A_badContext__C)
                  00083eca    00000002     Cheapli_SE420_p28FP.o28FP (.econst:ti_sysbios_knl_Semaphore_A_noEvents__C)
                  00083ecc    00000002     Cheapli_SE420_p28FP.o28FP (.econst:ti_sysbios_knl_Semaphore_A_overflow__C)
                  00083ece    00000002     Cheapli_SE420_p28FP.o28FP (.econst:ti_sysbios_knl_Semaphore_A_pendTaskDisabled__C)
                  00083ed0    00000002     Cheapli_SE420_p28FP.o28FP (.econst:ti_sysbios_knl_Semaphore_Instance_State_pendQ__O)
                  00083ed2    00000002     Cheapli_SE420_p28FP.o28FP (.econst:ti_sysbios_knl_Semaphore_LM_pend__C)
                  00083ed4    00000002     Cheapli_SE420_p28FP.o28FP (.econst:ti_sysbios_knl_Semaphore_LM_post__C)
                  00083ed6    00000002     Cheapli_SE420_p28FP.o28FP (.econst:ti_sysbios_knl_Semaphore_Module__diagsEnabled__C)
                  00083ed8    00000002     Cheapli_SE420_p28FP.o28FP (.econst:ti_sysbios_knl_Semaphore_Module__diagsIncluded__C)
                  00083eda    00000002     Cheapli_SE420_p28FP.o28FP (.econst:ti_sysbios_knl_Semaphore_Module__diagsMask__C)
                  00083edc    00000002     Cheapli_SE420_p28FP.o28FP (.econst:ti_sysbios_knl_Semaphore_Module__loggerFxn2__C)
                  00083ede    00000002     Cheapli_SE420_p28FP.o28FP (.econst:ti_sysbios_knl_Semaphore_Module__loggerFxn4__C)
                  00083ee0    00000002     Cheapli_SE420_p28FP.o28FP (.econst:ti_sysbios_knl_Semaphore_Module__loggerObj__C)
                  00083ee2    00000002     Cheapli_SE420_p28FP.o28FP (.econst:ti_sysbios_knl_Swi_LD_end__C)
                  00083ee4    00000002     Cheapli_SE420_p28FP.o28FP (.econst:ti_sysbios_knl_Swi_LM_begin__C)
                  00083ee6    00000002     Cheapli_SE420_p28FP.o28FP (.econst:ti_sysbios_knl_Swi_LM_post__C)
                  00083ee8    00000002     Cheapli_SE420_p28FP.o28FP (.econst:ti_sysbios_knl_Swi_Module__diagsEnabled__C)
                  00083eea    00000002     Cheapli_SE420_p28FP.o28FP (.econst:ti_sysbios_knl_Swi_Module__diagsIncluded__C)
                  00083eec    00000002     Cheapli_SE420_p28FP.o28FP (.econst:ti_sysbios_knl_Swi_Module__diagsMask__C)
                  00083eee    00000002     Cheapli_SE420_p28FP.o28FP (.econst:ti_sysbios_knl_Swi_Module__loggerFxn1__C)
                  00083ef0    00000002     Cheapli_SE420_p28FP.o28FP (.econst:ti_sysbios_knl_Swi_Module__loggerFxn4__C)
                  00083ef2    00000002     Cheapli_SE420_p28FP.o28FP (.econst:ti_sysbios_knl_Swi_Module__loggerObj__C)
                  00083ef4    00000002     Cheapli_SE420_p28FP.o28FP (.econst:ti_sysbios_knl_Swi_Object__table__C)
                  00083ef6    00000002     Cheapli_SE420_p28FP.o28FP (.econst:ti_sysbios_knl_Task_E_spOutOfBounds__C)
                  00083ef8    00000002     Cheapli_SE420_p28FP.o28FP (.econst:ti_sysbios_knl_Task_E_stackOverflow__C)
                  00083efa    00000002     Cheapli_SE420_p28FP.o28FP (.econst:ti_sysbios_knl_Task_LD_block__C)
                  00083efc    00000002     Cheapli_SE420_p28FP.o28FP (.econst:ti_sysbios_knl_Task_LD_exit__C)
                  00083efe    00000002     Cheapli_SE420_p28FP.o28FP (.econst:ti_sysbios_knl_Task_LD_ready__C)
                  00083f00    00000002     Cheapli_SE420_p28FP.o28FP (.econst:ti_sysbios_knl_Task_LM_switch__C)
                  00083f02    00000002     Cheapli_SE420_p28FP.o28FP (.econst:ti_sysbios_knl_Task_Module_State_inactiveQ__O)
                  00083f04    00000002     Cheapli_SE420_p28FP.o28FP (.econst:ti_sysbios_knl_Task_Module__diagsEnabled__C)
                  00083f06    00000002     Cheapli_SE420_p28FP.o28FP (.econst:ti_sysbios_knl_Task_Module__diagsIncluded__C)
                  00083f08    00000002     Cheapli_SE420_p28FP.o28FP (.econst:ti_sysbios_knl_Task_Module__diagsMask__C)
                  00083f0a    00000002     Cheapli_SE420_p28FP.o28FP (.econst:ti_sysbios_knl_Task_Module__loggerFxn2__C)
                  00083f0c    00000002     Cheapli_SE420_p28FP.o28FP (.econst:ti_sysbios_knl_Task_Module__loggerFxn4__C)
                  00083f0e    00000002     Cheapli_SE420_p28FP.o28FP (.econst:ti_sysbios_knl_Task_Module__loggerObj__C)
                  00083f10    00000002     Cheapli_SE420_p28FP.o28FP (.econst:ti_sysbios_knl_Task_Object__table__C)
                  00083f12    00000002     Cheapli_SE420_p28FP.o28FP (.econst:ti_sysbios_knl_Task_allBlockedFunc__C)
                  00083f14    00000002     Cheapli_SE420_p28FP.o28FP (.econst:xdc_runtime_Assert_E_assertFailed__C)
                  00083f16    00000002     Cheapli_SE420_p28FP.o28FP (.econst:xdc_runtime_Core_A_initializedParams__C)
                  00083f18    00000002     Cheapli_SE420_p28FP.o28FP (.econst:xdc_runtime_Core_Module__diagsEnabled__C)
                  00083f1a    00000002     Cheapli_SE420_p28FP.o28FP (.econst:xdc_runtime_Core_Module__diagsIncluded__C)
                  00083f1c    00000002     Cheapli_SE420_p28FP.o28FP (.econst:xdc_runtime_Core_Module__diagsMask__C)
                  00083f1e    00000002     Cheapli_SE420_p28FP.o28FP (.econst:xdc_runtime_Error_E_memory__C)
                  00083f20    00000002     Cheapli_SE420_p28FP.o28FP (.econst:xdc_runtime_Error_Module__diagsEnabled__C)
                  00083f22    00000002     Cheapli_SE420_p28FP.o28FP (.econst:xdc_runtime_Error_Module__diagsIncluded__C)
                  00083f24    00000002     Cheapli_SE420_p28FP.o28FP (.econst:xdc_runtime_Error_Module__diagsMask__C)
                  00083f26    00000002     Cheapli_SE420_p28FP.o28FP (.econst:xdc_runtime_Error_Module__loggerFxn8__C)
                  00083f28    00000002     Cheapli_SE420_p28FP.o28FP (.econst:xdc_runtime_Error_Module__loggerObj__C)
                  00083f2a    00000002     Cheapli_SE420_p28FP.o28FP (.econst:xdc_runtime_Error_policyFxn__C)
                  00083f2c    00000002     Cheapli_SE420_p28FP.o28FP (.econst:xdc_runtime_Error_raiseHook__C)
                  00083f2e    00000002     Cheapli_SE420_p28FP.o28FP (.econst:xdc_runtime_IFilterLogger_Interface__BASE__C)
                  00083f30    00000002     Cheapli_SE420_p28FP.o28FP (.econst:xdc_runtime_IGateProvider_Interface__BASE__C)
                  00083f32    00000002     Cheapli_SE420_p28FP.o28FP (.econst:xdc_runtime_IHeap_Interface__BASE__C)
                  00083f34    00000002     Cheapli_SE420_p28FP.o28FP (.econst:xdc_runtime_ILogger_Interface__BASE__C)
                  00083f36    00000002     Cheapli_SE420_p28FP.o28FP (.econst:xdc_runtime_IModule_Interface__BASE__C)
                  00083f38    00000002     Cheapli_SE420_p28FP.o28FP (.econst:xdc_runtime_Log_L_error__C)
                  00083f3a    00000002     Cheapli_SE420_p28FP.o28FP (.econst:xdc_runtime_LoggerBuf_E_badLevel__C)
                  00083f3c    00000002     Cheapli_SE420_p28FP.o28FP (.econst:xdc_runtime_LoggerBuf_Module__gateObj__C)
                  00083f3e    00000002     Cheapli_SE420_p28FP.o28FP (.econst:xdc_runtime_LoggerBuf_Object__table__C)
                  00083f40    00000002     Cheapli_SE420_p28FP.o28FP (.econst:xdc_runtime_LoggerBuf_statusLogger__C)
                  00083f42    00000002     Cheapli_SE420_p28FP.o28FP (.econst:xdc_runtime_Main_Module__diagsEnabled__C)
                  00083f44    00000002     Cheapli_SE420_p28FP.o28FP (.econst:xdc_runtime_Main_Module__diagsIncluded__C)
                  00083f46    00000002     Cheapli_SE420_p28FP.o28FP (.econst:xdc_runtime_Main_Module__diagsMask__C)
                  00083f48    00000002     Cheapli_SE420_p28FP.o28FP (.econst:xdc_runtime_Memory_defaultHeapInstance__C)
                  00083f4a    00000002     Cheapli_SE420_p28FP.o28FP (.econst:xdc_runtime_Startup_execImpl__C)
                  00083f4c    00000002     Cheapli_SE420_p28FP.o28FP (.econst:xdc_runtime_Startup_sfxnRts__C)
                  00083f4e    00000002     Cheapli_SE420_p28FP.o28FP (.econst:xdc_runtime_Startup_sfxnTab__C)
                  00083f50    00000002     Cheapli_SE420_p28FP.o28FP (.econst:xdc_runtime_Startup_startModsFxn__C)
                  00083f52    00000002     Cheapli_SE420_p28FP.o28FP (.econst:xdc_runtime_SysMin_bufSize__C)
                  00083f54    00000002     Cheapli_SE420_p28FP.o28FP (.econst:xdc_runtime_SysMin_outputFunc__C)
                  00083f56    00000002     Cheapli_SE420_p28FP.o28FP (.econst:xdc_runtime_System_Module__gateObj__C)
                  00083f58    00000002     Cheapli_SE420_p28FP.o28FP (.econst:xdc_runtime_System_abortFxn__C)
                  00083f5a    00000002     Cheapli_SE420_p28FP.o28FP (.econst:xdc_runtime_System_exitFxn__C)
                  00083f5c    00000002     Cheapli_SE420_p28FP.o28FP (.econst:xdc_runtime_System_extendFxn__C)
                  00083f5e    00000002     Cheapli_SE420_p28FP.o28FP (.econst:xdc_runtime_Text_charTab__C)
                  00083f60    00000002     Cheapli_SE420_p28FP.o28FP (.econst:xdc_runtime_Text_nameEmpty__C)
                  00083f62    00000002     Cheapli_SE420_p28FP.o28FP (.econst:xdc_runtime_Text_nameStatic__C)
                  00083f64    00000002     Cheapli_SE420_p28FP.o28FP (.econst:xdc_runtime_Text_nameUnknown__C)
                  00083f66    00000002     Cheapli_SE420_p28FP.o28FP (.econst:xdc_runtime_Text_nodeTab__C)
                  00083f68    00000002     Cheapli_SE420_p28FP.o28FP (.econst:xdc_runtime_Text_visitRopeFxn__C)
                  00083f6a    00000001     Cheapli_SE420_p28FP.o28FP (.econst:ti_sysbios_gates_GateMutex_Module__id__C)
                  00083f6b    00000001     Cheapli_SE420_p28FP.o28FP (.econst:ti_sysbios_hal_Hwi_Module__id__C)
                  00083f6c    00000001     Cheapli_SE420_p28FP.o28FP (.econst:ti_sysbios_heaps_HeapMem_Module__id__C)
                  00083f6d    00000001     Cheapli_SE420_p28FP.o28FP (.econst:ti_sysbios_heaps_HeapMem_Object__count__C)
                  00083f6e    00000001     Cheapli_SE420_p28FP.o28FP (.econst:ti_sysbios_knl_Clock_Module__id__C)
                  00083f6f    00000001     Cheapli_SE420_p28FP.o28FP (.econst:ti_sysbios_knl_Clock_Module__loggerDefined__C)
                  00083f70    00000001     Cheapli_SE420_p28FP.o28FP (.econst:ti_sysbios_knl_Mailbox_Object__count__C)
                  00083f71    00000001     Cheapli_SE420_p28FP.o28FP (.econst:ti_sysbios_knl_Mailbox_maxTypeAlign__C)
                  00083f72    00000001     Cheapli_SE420_p28FP.o28FP (.econst:ti_sysbios_knl_Queue_Object__count__C)
                  00083f73    00000001     Cheapli_SE420_p28FP.o28FP (.econst:ti_sysbios_knl_Semaphore_Module__id__C)
                  00083f74    00000001     Cheapli_SE420_p28FP.o28FP (.econst:ti_sysbios_knl_Semaphore_Module__loggerDefined__C)
                  00083f75    00000001     Cheapli_SE420_p28FP.o28FP (.econst:ti_sysbios_knl_Swi_Module__id__C)
                  00083f76    00000001     Cheapli_SE420_p28FP.o28FP (.econst:ti_sysbios_knl_Swi_Module__loggerDefined__C)
                  00083f77    00000001     Cheapli_SE420_p28FP.o28FP (.econst:ti_sysbios_knl_Swi_Object__count__C)
                  00083f78    00000001     Cheapli_SE420_p28FP.o28FP (.econst:ti_sysbios_knl_Task_Module__id__C)
                  00083f79    00000001     Cheapli_SE420_p28FP.o28FP (.econst:ti_sysbios_knl_Task_Module__loggerDefined__C)
                  00083f7a    00000001     Cheapli_SE420_p28FP.o28FP (.econst:ti_sysbios_knl_Task_Object__count__C)
                  00083f7b    00000001     Cheapli_SE420_p28FP.o28FP (.econst:ti_sysbios_knl_Task_numConstructedTasks__C)
                  00083f7c    00000001     Cheapli_SE420_p28FP.o28FP (.econst:xdc_runtime_Core_Module__id__C)
                  00083f7d    00000001     Cheapli_SE420_p28FP.o28FP (.econst:xdc_runtime_Error_Module__loggerDefined__C)
                  00083f7e    00000001     Cheapli_SE420_p28FP.o28FP (.econst:xdc_runtime_Error_maxDepth__C)
                  00083f7f    00000001     Cheapli_SE420_p28FP.o28FP (.econst:xdc_runtime_Error_policy__C)
                  00083f80    00000001     Cheapli_SE420_p28FP.o28FP (.econst:xdc_runtime_LoggerBuf_Module__id__C)
                  00083f81    00000001     Cheapli_SE420_p28FP.o28FP (.econst:xdc_runtime_LoggerBuf_Object__count__C)
                  00083f82    00000001     Cheapli_SE420_p28FP.o28FP (.econst:xdc_runtime_LoggerBuf_filterByLevel__C)
                  00083f83    00000001     Cheapli_SE420_p28FP.o28FP (.econst:xdc_runtime_Main_Module__id__C)
                  00083f84    00000001     Cheapli_SE420_p28FP.o28FP (.econst:xdc_runtime_Memory_Module__id__C)
                  00083f85    00000001     Cheapli_SE420_p28FP.o28FP (.econst:xdc_runtime_Startup_maxPasses__C)
                  00083f86    00000001     Cheapli_SE420_p28FP.o28FP (.econst:xdc_runtime_SysMin_flushAtExit__C)
                  00083f87    00000001     Cheapli_SE420_p28FP.o28FP (.econst:xdc_runtime_System_maxAtexitHandlers__C)
                  00083f88    00000001     Cheapli_SE420_p28FP.o28FP (.econst:xdc_runtime_Text_charCnt__C)
                  00083f89    00000001     Cheapli_SE420_p28FP.o28FP (.econst:xdc_runtime_Text_isLoaded__C)
                  00083f8a    00000001     Cheapli_SE420_p28FP.o28FP (.econst:xdc_runtime_Text_registryModsLastId__C)
                  00083f8b    00000001     Cheapli_SE420_p28FP.o28FP (.econst:xdc_runtime_Text_unnamedModsLastId__C)

.text      0    00088000    00005e6f     
                  00088000    000013e5     user_CheapliBEMF_SE420.obj (.text)
                  000893e5    00000001     Boot.a28FP : Boot.o28FP (.text:_ti_catalog_c2800_initF2837x_Boot_defaultLimpAbortFunction)
                  000893e6    00000c16     rts2800_fpu32.lib : _printfi.obj (.text)
                  00089ffc    000002af     f28377sSerial.obj (.text)
                  0008a2ab    000002aa     F2837xD_SysCtrl.obj (.text)
                  0008a555    00000252     ti.targets.rts2800.a28FP : System.o28FP (.text:_xdc_runtime_System_doPrint__I)
                  0008a7a7    00000244     F2837xD_Gpio.obj (.text)
                  0008a9eb    000001da     sysbios.a28FP : BIOS.obj (.text:_ti_sysbios_knl_Semaphore_pend__E)
                  0008abc5    000001ba                   : BIOS.obj (.text:_ti_sysbios_heaps_HeapMem_free__E)
                  0008ad7f    000001b3                   : BIOS.obj (.text:_ti_sysbios_heaps_HeapMem_alloc__E)
                  0008af32    00000117     f28377sEqep.obj (.text)
                  0008b049    0000010a     Cheapli_SE420_p28FP.o28FP (.text:_xdc_runtime_System_printfExtend__I)
                  0008b153    00000107     rts2800_fpu32.lib : ll_div28.obj (.text)
                  0008b25a    000000fd     F2837xD_EPwm.obj (.text)
                  0008b357    000000ed     sysbios.a28FP : BIOS.obj (.text:_ti_sysbios_heaps_HeapMem_Instance_init__E)
                  0008b444    000000e0                   : BIOS.obj (.text:_ti_sysbios_family_c28_Hwi_clearInterrupt__E)
                  0008b524    000000dd     F2837xD_Adc.obj (.text)
                  0008b601    000000d2     ti.targets.rts2800.a28FP : LoggerBuf.o28FP (.text:_xdc_runtime_LoggerBuf_write8__E)
                  0008b6d3    000000cb     rts2800_fpu32.lib : s_atanf.obj (.text)
                  0008b79e    000000c3     ti.targets.rts2800.a28FP : Core-mem.o28FP (.text:_xdc_runtime_Core_createObject__I)
                  0008b861    000000c0     sysbios.a28FP : BIOS.obj (.text:_ti_sysbios_family_c28_Hwi_dispatchCore__I)
                  0008b921    000000c0     rts2800_fpu32.lib : s_scalbn.obj (.text)
                  0008b9e1    000000b8     sysbios.a28FP : BIOS.obj (.text:_ti_sysbios_knl_Semaphore_post__E)
                  0008ba99    000000b6                   : BIOS.obj (.text:_ti_sysbios_knl_Clock_workFunc__E)
                  0008bb4f    000000af                   : BIOS.obj (.text:_ti_sysbios_knl_Swi_run__I)
                  0008bbfe    0000009c     ti.targets.rts2800.a28FP : Core-smem.o28FP (.text:_xdc_runtime_Core_constructObject__I)
                  0008bc9a    0000009c                              : Error.o28FP (.text:_xdc_runtime_Error_policyDefault__E)
                  0008bd36    0000009c     rts2800_fpu32.lib : fd_add28.obj (.text)
                  0008bdd2    0000009b     sysbios.a28FP : c28_Hwi_disp_asm.obj (.text:_ti_sysbios_family_c28_Hwi_dispatch)
                  0008be6d    00000001     Cheapli_SE420_p28FP.o28FP (.text:_ti_sysbios_BIOS_nullFunc__I)
                  0008be6e    00000094     rts2800_fpu32.lib : trgmsg.obj (.text)
                  0008bf02    0000008e     sysbios.a28FP : BIOS.obj (.text:_ti_sysbios_family_c28_Hwi_enableInterrupt__E)
                  0008bf90    0000008b     ti.targets.rts2800.a28FP : LoggerBuf.o28FP (.text:_xdc_runtime_LoggerBuf_write4__E)
                  0008c01b    0000008b     rts2800_fpu32.lib : fd_div28.obj (.text)
                  0008c0a6    00000088                       : fs_div28.obj (.text)
                  0008c12e    00000087     f28377sADC.obj (.text)
                  0008c1b5    00000083     rts2800_fpu32.lib : fd_mpy28.obj (.text)
                  0008c238    00000082     f28377sDAC.obj (.text)
                  0008c2ba    00000081     sysbios.a28FP : BIOS.obj (.text:_ti_sysbios_family_c28_Hwi_disableInterrupt__E)
                  0008c33b    0000007e                   : BIOS.obj (.text:_ti_sysbios_family_c28_Hwi_disablePIEIER__E)
                  0008c3b9    0000007d                   : BIOS.obj (.text:_ti_sysbios_family_c28_Hwi_enablePIEIER__E)
                  0008c436    0000007d     ti.targets.rts2800.a28FP : Startup.o28FP (.text:_xdc_runtime_Startup_startMods__I)
                  0008c4b3    00000073     sysbios.a28FP : BIOS.obj (.text:_ti_sysbios_knl_Task_checkStacks__E)
                  0008c526    00000071                   : BIOS.obj (.text:_ti_sysbios_knl_Task_startCore__E)
                  0008c597    00000070                   : BIOS.obj (.text:_ti_sysbios_gates_GateMutex_enter__E)
                  0008c607    0000006f     ti.targets.rts2800.a28FP : Text.o28FP (.text:_xdc_runtime_Text_putSite__E)
                  0008c676    0000006e     sysbios.a28FP : BIOS.obj (.text:_ti_sysbios_knl_Task_schedule__I)
                  0008c6e4    0000006a                   : BIOS.obj (.text:_ti_sysbios_knl_Semaphore_Instance_init__E)
                  0008c74e    00000068     f28377sEPWM3A.obj (.text)
                  0008c7b6    00000066     sysbios.a28FP : BIOS.obj (.text:_ti_sysbios_family_c28_Timer_stopAndClear__I)
                  0008c81c    00000063     boot.a28FP : boot_cg.o28FP (.text)
                  0008c87f    00000060     sysbios.a28FP : BIOS.obj (.text:_ti_sysbios_knl_Swi_post__E)
                  0008c8df    00000060                   : BIOS.obj (.text:_ti_sysbios_knl_Task_blockI__E)
                  0008c93f    0000005d     F2837xD_Spi.obj (.text)
                  0008c99c    0000005a     rts2800_fpu32.lib : s_frexp.obj (.text)
                  0008c9f6    00000057     sysbios.a28FP : BIOS.obj (.text:_ti_sysbios_knl_Task_exit__E)
                  0008ca4d    00000057     ti.targets.rts2800.a28FP : Memory.o28FP (.text:_xdc_runtime_Memory_alloc__E)
                  0008caa4    00000051     sysbios.a28FP : BIOS.obj (.text:_ti_sysbios_knl_Task_unblockI__E)
                  0008caf5    0000004f     ti.targets.rts2800.a28FP : Text.o28FP (.text:_xdc_runtime_Text_putLab__E)
                  0008cb44    0000004b     sysbios.a28FP : BIOS.obj (.text:_ti_sysbios_knl_Task_postInit__I)
                  0008cb8f    00000047                   : BIOS.obj (.text:_ti_sysbios_family_c28_Hwi_Module_startup__E)
                  0008cbd6    00000046     ti.targets.rts2800.a28FP : Core-mem.o28FP (.text:_xdc_runtime_Core_deleteObject__I)
                  0008cc1c    00000045     Boot.a28FP : Boot.o28FP (.text:.bootCodeSection:_ti_catalog_c2800_initF2837x_Boot_configurePllDivs)
                  0008cc61    00000043     sysbios.a28FP : BIOS.obj (.text:_ti_sysbios_family_c28_Timer_postInit__I)
                  0008cca4    00000042                   : BIOS.obj (.text:_ti_sysbios_family_c28_Hwi_unPluggedInterrupt__I)
                  0008cce6    0000003f     ti.targets.rts2800.a28FP : System.o28FP (.text:_xdc_runtime_System_formatNum__I)
                  0008cd25    0000003e     sysbios.a28FP : BIOS.obj (.text:_ti_sysbios_knl_Swi_restoreHwi__E)
                  0008cd63    0000003e     ti.targets.rts2800.a28FP : Text.o28FP (.text:_xdc_runtime_Text_putMod__E)
                  0008cda1    0000003d                              : Core-params.o28FP (.text:_xdc_runtime_Core_assignParams__I)
                  0008cdde    0000003d                              : LoggerBuf.o28FP (.text:_xdc_runtime_LoggerBuf_getFilterLevel__E)
                  0008ce1b    0000003c                              : LoggerBuf.o28FP (.text:_xdc_runtime_LoggerBuf_setFilterLevel__E)
                  0008ce57    0000003a     sysbios.a28FP : BIOS.obj (.text:_ti_sysbios_family_c28_TaskSupport_start__E)
                  0008ce91    00000038     Cheapli_SE420_p28FP.o28FP (.text:_xdc_runtime_LoggerBuf_Object__create__S)
                  0008cec9    00000038     rts2800_fpu32.lib : hostwrite.obj (.text)
                  0008cf01    00000036     sysbios.a28FP : BIOS.obj (.text:_ti_sysbios_knl_Clock_logTick__E)
                  0008cf37    00000036     ti.targets.rts2800.a28FP : LoggerBuf.o28FP (.text:_xdc_runtime_LoggerBuf_Instance_init__E)
                  0008cf6d    00000034     Cheapli_SE420_p28FP.o28FP (.text:_ti_sysbios_BIOS_rtsUnlock__I)
                  0008cfa1    00000032     sysbios.a28FP : BIOS.obj (.text:_ti_sysbios_knl_Task_Module_startup__E)
                  0008cfd3    00000032     ti.targets.rts2800.a28FP : Assert.o28FP (.text:_xdc_runtime_Assert_raise__I)
                  0008d005    00000032                              : Text.o28FP (.text:_xdc_runtime_Text_visitRope2__I)
                  0008d037    00000031                              : Startup.o28FP (.text:_xdc_runtime_Startup_exec__E)
                  0008d068    00000031     rts2800_fpu32.lib : atoi.obj (.text)
                  0008d099    00000030     ti.targets.rts2800.a28FP : Error.o28FP (.text:_xdc_runtime_Error_setX__E)
                  0008d0c9    00000030     rts2800_fpu32.lib : vsprintf.obj (.text)
                  0008d0f9    0000002e     sysbios.a28FP : BIOS.obj (.text:_ti_sysbios_knl_Swi_runLoop__I)
                  0008d127    0000002e                   : BIOS.obj (.text:_ti_sysbios_knl_Swi_schedule__I)
                  0008d155    0000002e     ti.targets.rts2800.a28FP : Error.o28FP (.text:_xdc_runtime_Error_print__E)
                  0008d183    0000002e     rts2800_fpu32.lib : ltoa.obj (.text)
                  0008d1b1    0000002d     sysbios.a28FP : BIOS.obj (.text:_ti_sysbios_family_c28_Hwi_getStackInfo__E)
                  0008d1de    0000002d                   : BIOS.obj (.text:_ti_sysbios_heaps_HeapMem_getStats__E)
                  0008d20b    0000002c                   : BIOS.obj (.text:_ti_sysbios_family_c28_Timer_start__E)
                  0008d237    0000002b                   : BIOS.obj (.text:_ti_sysbios_knl_Mailbox_Module_startup__E)
                  0008d262    0000002a     rts2800_fpu32.lib : fd_cmp28.obj (.text)
                  0008d28c    0000002a                       : l_div28.obj (.text)
                  0008d2b6    00000029     ti.targets.rts2800.a28FP : SysMin.o28FP (.text:_xdc_runtime_SysMin_flush__E)
                  0008d2df    00000029                              : Text.o28FP (.text:_xdc_runtime_Text_xprintf__I)
                  0008d308    00000029     rts2800_fpu32.lib : exit.obj (.text)
                  0008d331    00000027     sysbios.a28FP : BIOS.obj (.text:_ti_sysbios_heaps_HeapMem_init__I)
                  0008d358    00000025                   : c28_TaskSupport_asm.obj (.text:_ti_sysbios_family_c28_TaskSupport_buildTaskStack)
                  0008d37d    00000024     ti.targets.rts2800.a28FP : System.o28FP (.text:_xdc_runtime_System_processAtExit__E)
                  0008d3a1    00000024     rts2800_fpu32.lib : cpy_tbl.obj (.text)
                  0008d3c5    00000024                       : s_copysign.obj (.text)
                  0008d3e9    00000022                       : i_div28.obj (.text)
                  0008d40b    00000021     sysbios.a28FP : BIOS.obj (.text:_ti_sysbios_knl_Task_allBlockedFunction__I)
                  0008d42c    00000021     ti.targets.rts2800.a28FP : LoggerBuf.o28FP (.text:_xdc_runtime_LoggerBuf_filterOutEvent__I)
                  0008d44d    00000021                              : System.o28FP (.text:_xdc_runtime_System_atexit__E)
                  0008d46e    00000021     rts2800_fpu32.lib : fd_toi28.obj (.text)
                  0008d48f    00000020     sysbios.a28FP : BIOS.obj (.text:_ti_sysbios_family_c28_Timer_setPrescale__E)
                  0008d4af    0000001f     Cheapli_SE420_p28FP.o28FP (.text:_ti_sysbios_gates_GateHwi_Object__create__S)
                  0008d4ce    0000001f     Cheapli_SE420_p28FP.o28FP (.text:_ti_sysbios_gates_GateMutex_Object__create__S)
                  0008d4ed    0000001f     Cheapli_SE420_p28FP.o28FP (.text:_ti_sysbios_heaps_HeapMem_Object__create__S)
                  0008d50c    0000001f     rts2800_fpu32.lib : fd_tol28.obj (.text)
                  0008d52b    0000001e     ti.targets.rts2800.a28FP : SysMin.o28FP (.text:_xdc_runtime_SysMin_putch__E)
                  0008d549    0000001e     rts2800_fpu32.lib : ll_cmp28.obj (.text)
                  0008d567    0000001e                       : memcpy.obj (.text)
                  0008d585    0000001d     sysbios.a28FP : c28_TaskSupport_asm.obj (.text:_ti_sysbios_family_c28_TaskSupport_swap__E)
                  0008d5a2    0000001d     rts2800_fpu32.lib : i_tofd28.obj (.text)
                  0008d5bf    0000001c     sysbios.a28FP : BIOS.obj (.text:_ti_sysbios_hal_Hwi_checkStack)
                  0008d5db    0000001c     rts2800_fpu32.lib : fs_tofdfpu32.obj (.text)
                  0008d5f7    0000001c                       : l_tofd28.obj (.text)
                  0008d613    0000001b     sysbios.a28FP : c28_Hwi_asm.obj (.text:_ti_sysbios_family_c28_Hwi_switchAndDispatch__I)
                  0008d62e    0000001b                   : BIOS.obj (.text:_ti_sysbios_hal_Hwi_initStack)
                  0008d649    0000001b     Cheapli_SE420_p28FP.o28FP (.text:_ti_sysbios_knl_Semaphore_construct)
                  0008d664    0000001b     sysbios.a28FP : BIOS.obj (.text:_ti_sysbios_knl_Task_processVitalTaskFlag__I)
                  0008d67f    0000001b     Cheapli_SE420_p28FP.o28FP (.text:_xdc_runtime_SysMin_output__I)
                  0008d69a    0000001a     sysbios.a28FP : BIOS.obj (.text:_ti_sysbios_knl_Clock_addI__E)
                  0008d6b4    0000001a     ti.targets.rts2800.a28FP : Core-label.o28FP (.text:_xdc_runtime_Core_assignLabel__I)
                  0008d6ce    0000001a                              : System.o28FP (.text:_xdc_runtime_System_avprintf__E)
                  0008d6e8    0000001a                              : System.o28FP (.text:_xdc_runtime_System_putchar__I)
                  0008d702    00000019     Cheapli_SE420_p28FP.o28FP (.text:_ti_sysbios_family_c28_Hwi_Object__get__S)
                  0008d71b    00000019     sysbios.a28FP : BIOS.obj (.text:_ti_sysbios_knl_Mailbox_postInit__I)
                  0008d734    00000019     Cheapli_SE420_p28FP.o28FP (.text:_ti_sysbios_knl_Queue_Object__get__S)
                  0008d74d    00000019     Cheapli_SE420_p28FP.o28FP (.text:_ti_sysbios_knl_Queue_construct)
                  0008d766    00000019     sysbios.a28FP : BIOS.obj (.text:_ti_sysbios_knl_Semaphore_pendTimeout__I)
                  0008d77f    00000019                   : BIOS.obj (.text:_ti_sysbios_knl_Swi_restore__E)
                  0008d798    00000019     ti.targets.rts2800.a28FP : System.o28FP (.text:_xdc_runtime_System_vprintf__E)
                  0008d7b1    00000019                              : Text.o28FP (.text:_xdc_runtime_Text_printVisFxn__I)
                  0008d7ca    00000019     rts2800_fpu32.lib : args_main.obj (.text)
                  0008d7e3    00000018     sysbios.a28FP : c28_Hwi_asm.obj (.text:_ti_sysbios_family_xxx_Hwi_switchAndRunFunc)
                  0008d7fb    00000018     ti.targets.rts2800.a28FP : LoggerBuf.o28FP (.text:_xdc_runtime_LoggerBuf_Module_startup__E)
                  0008d813    00000018                              : LoggerBuf.o28FP (.text:_xdc_runtime_LoggerBuf_reset__E)
                  0008d82b    00000018     rts2800_fpu32.lib : ll_aox28.obj (.text)
                  0008d843    00000017     Cheapli_SE420_p28FP.o28FP (.text:_ti_sysbios_BIOS_atExitFunc__I)
                  0008d85a    00000017     sysbios.a28FP : BIOS.obj (.text:_ti_sysbios_family_c28_Timer_startup__E)
                  0008d871    00000017     Cheapli_SE420_p28FP.o28FP (.text:_ti_sysbios_heaps_HeapMem_Object__get__S)
                  0008d888    00000017     Cheapli_SE420_p28FP.o28FP (.text:_ti_sysbios_knl_Clock_doTick__I)
                  0008d89f    00000017     Cheapli_SE420_p28FP.o28FP (.text:_ti_sysbios_knl_Mailbox_Object__get__S)
                  0008d8b6    00000017     Cheapli_SE420_p28FP.o28FP (.text:_ti_sysbios_knl_Swi_Object__get__S)
                  0008d8cd    00000017     Cheapli_SE420_p28FP.o28FP (.text:_ti_sysbios_knl_Task_Object__get__S)
                  0008d8e4    00000017     Cheapli_SE420_p28FP.o28FP (.text:_xdc_runtime_LoggerBuf_Object__get__S)
                  0008d8fb    00000017     ti.targets.rts2800.a28FP : Memory.o28FP (.text:_xdc_runtime_Memory_valloc__E)
                  0008d912    00000016     sysbios.a28FP : BIOS.obj (.text:_ti_sysbios_family_c28_Timer_Module_startup__E)
                  0008d928    00000016                   : BIOS.obj (.text:_ti_sysbios_knl_Task_restore__E)
                  0008d93e    00000016     ti.targets.rts2800.a28FP : SysMin.o28FP (.text:_xdc_runtime_SysMin_abort__E)
                  0008d954    00000015     sysbios.a28FP : BIOS.obj (.text:_ti_sysbios_knl_Swi_Module_startup__E)
                  0008d969    00000014                   : BIOS.obj (.text:_ti_sysbios_knl_Idle_run__E)
                  0008d97d    00000013     Cheapli_SE420_p28FP.o28FP (.text:_ti_sysbios_BIOS_errorRaiseHook__I)
                  0008d990    00000013     Cheapli_SE420_p28FP.o28FP (.text:_ti_sysbios_gates_GateMutex_Object__delete__S)
                  0008d9a3    00000013     ti.targets.rts2800.a28FP : Error.o28FP (.text:_xdc_runtime_Error_raiseX__E)
                  0008d9b6    00000013                              : Text.o28FP (.text:_xdc_runtime_Text_cordText__E)
                  0008d9c9    00000012     Cheapli_SE420_p28FP.o28FP (.text:_ti_sysbios_family_c28_Hwi_disableIER__E)
                  0008d9db    00000012     Cheapli_SE420_p28FP.o28FP (.text:_ti_sysbios_gates_GateHwi_Object__delete__S)
                  0008d9ed    00000012     Cheapli_SE420_p28FP.o28FP (.text:_ti_sysbios_heaps_HeapMem_Object__delete__S)
                  0008d9ff    00000012     sysbios.a28FP : BIOS.obj (.text:_ti_sysbios_knl_Clock_Module_startup__E)
                  0008da11    00000012     Cheapli_SE420_p28FP.o28FP (.text:_xdc_runtime_LoggerBuf_Object__delete__S)
                  0008da23    00000011     Cheapli_SE420_p28FP.o28FP (.text:_ti_sysbios_gates_GateHwi_Handle__label__S)
                  0008da34    00000011     Cheapli_SE420_p28FP.o28FP (.text:_ti_sysbios_gates_GateMutex_Handle__label__S)
                  0008da45    00000011     Cheapli_SE420_p28FP.o28FP (.text:_ti_sysbios_heaps_HeapMem_Handle__label__S)
                  0008da56    00000011     Cheapli_SE420_p28FP.o28FP (.text:_xdc_runtime_LoggerBuf_Handle__label__S)
                  0008da67    00000010     Cheapli_SE420_p28FP.o28FP (.text:_ti_sysbios_BIOS_rtsLock__I)
                  0008da77    00000010     Cheapli_SE420_p28FP.o28FP (.text:_ti_sysbios_family_c28_Hwi_enableIER__E)
                  0008da87    00000010     sysbios.a28FP : BIOS.obj (.text:_ti_sysbios_family_c28_Timer_stop__E)
                  0008da97    00000010                   : BIOS.obj (.text:_ti_sysbios_knl_Task_restoreHwi__E)
                  0008daa7    00000010     ti.targets.rts2800.a28FP : SysMin.o28FP (.text:_xdc_runtime_SysMin_Module_startup__E)
                  0008dab7    0000000f     Cheapli_SE420_p28FP.o28FP (.text:_ti_sysbios_BIOS_startFunc__I)
                  0008dac6    0000000f     sysbios.a28FP : BIOS.obj (.text:_ti_sysbios_gates_GateMutex_Instance_init__E)
                  0008dad5    0000000f     Cheapli_SE420_p28FP.o28FP (.text:_ti_sysbios_knl_Semaphore_Object__destruct__S)
                  0008dae4    0000000f     ti.targets.rts2800.a28FP : LoggerBuf.o28FP (.text:_xdc_runtime_LoggerBuf_write2__E)
                  0008daf3    0000000f                              : Registry.o28FP (.text:_xdc_runtime_Registry_findById__E)
                  0008db02    0000000f     Cheapli_SE420_p28FP.o28FP (.text:_xdc_runtime_Text_visitRope__I)
                  0008db11    0000000e     sysbios.a28FP : BIOS.obj (.text:_ti_sysbios_family_c28_f2837x_TimestampProvider_get64__E)
                  0008db1f    0000000e     Cheapli_SE420_p28FP.o28FP (.text:_ti_sysbios_knl_Queue_Object__destruct__S)
                  0008db2d    0000000e     Cheapli_SE420_p28FP.o28FP (.text:_xdc_runtime_IHeap_alloc)
                  0008db3b    0000000e     rts2800_fpu32.lib : fd_sub28.obj (.text)
                  0008db49    0000000d     Cheapli_SE420_p28FP.o28FP (.text:_ti_sysbios_BIOS_registerRTSLock__I)
                  0008db56    0000000d     Cheapli_SE420_p28FP.o28FP (.text:_ti_sysbios_BIOS_removeRTSLock__I)
                  0008db63    0000000d     sysbios.a28FP : BIOS.obj (.text:_ti_sysbios_family_c28_Hwi_dispatchC__I)
                  0008db70    0000000d     Cheapli_SE420_p28FP.o28FP (.text:_ti_sysbios_family_c28_Hwi_restoreIER__E)
                  0008db7d    0000000d     Cheapli_SE420_p28FP.o28FP (.text:_ti_sysbios_knl_Task_SupportProxy_start__E)
                  0008db8a    0000000d     sysbios.a28FP : BIOS.obj (.text:_ti_sysbios_knl_Task_enter__I)
                  0008db97    0000000d     ti.targets.rts2800.a28FP : LoggerBuf.o28FP (.text:_xdc_runtime_LoggerBuf_write0__E)
                  0008dba4    0000000d                              : LoggerBuf.o28FP (.text:_xdc_runtime_LoggerBuf_write1__E)
                  0008dbb1    0000000d     Cheapli_SE420_p28FP.o28FP (.text:_xdc_runtime_Memory_HeapProxy_alloc__E)
                  0008dbbe    0000000d     ti.targets.rts2800.a28FP : System.o28FP (.text:_xdc_runtime_System_abort__E)
                  0008dbcb    0000000d     rts2800_fpu32.lib : memccpy.obj (.text)
                  0008dbd8    0000000c     Cheapli_SE420_p28FP.o28FP (.text:_ti_sysbios_BIOS_exitFunc__I)
                  0008dbe4    0000000c     sysbios.a28FP : BIOS.obj (.text:_ti_sysbios_gates_GateMutex_leave__E)
                  0008dbf0    0000000c                   : BIOS.obj (.text:_ti_sysbios_knl_Queue_put__E)
                  0008dbfc    0000000c                   : BIOS.obj (.text:_ti_sysbios_knl_Task_enabled__E)
                  0008dc08    0000000c     ti.targets.rts2800.a28FP : Error.o28FP (.text:_xdc_runtime_Error_check__E)
                  0008dc14    0000000c     Cheapli_SE420_p28FP.o28FP (.text:_xdc_runtime_System_aprintf__E)
                  0008dc20    0000000c     Cheapli_SE420_p28FP.o28FP (.text:_xdc_runtime_System_printf__E)
                  0008dc2c    0000000c     rts2800_fpu32.lib : memset.obj (.text)
                  0008dc38    0000000c                       : strchr.obj (.text)
                  0008dc44    0000000b     Cheapli_SE420_p28FP.o28FP (.text:_ti_sysbios_family_c28_Hwi_Module__startupDone__F)
                  0008dc4f    0000000b     Cheapli_SE420_p28FP.o28FP (.text:_ti_sysbios_family_c28_Timer_Module__startupDone__F)
                  0008dc5a    0000000b     sysbios.a28FP : BIOS.obj (.text:_ti_sysbios_knl_Task_unblock__E)
                  0008dc65    0000000b     ti.targets.rts2800.a28FP : LoggerBuf.o28FP (.text:_xdc_runtime_LoggerBuf_Instance_finalize__E)
                  0008dc70    0000000b     Cheapli_SE420_p28FP.o28FP (.text:_xdc_runtime_Startup_exec__I)
                  0008dc7b    0000000b     ti.targets.rts2800.a28FP : SysMin.o28FP (.text:_xdc_runtime_SysMin_exit__E)
                  0008dc86    0000000b                              : System.o28FP (.text:_xdc_runtime_System_exit__E)
                  0008dc91    0000000b     rts2800_fpu32.lib : u_div28.obj (.text)
                  0008dc9c    0000000a     Cheapli_SE420_p28FP.o28FP (.text:.bootCodeSection:_ti_catalog_c2800_initF2837x_Boot_init)
                  0008dca6    0000000a     Cheapli_SE420_p28FP.o28FP (.text:_xdc_runtime_IHeap_free)
                  0008dcb0    0000000a     ti.targets.rts2800.a28FP : Memory.o28FP (.text:_xdc_runtime_Memory_free__E)
                  0008dcba    0000000a                              : System.o28FP (.text:_xdc_runtime_System_vsnprintf__E)
                  0008dcc4    0000000a                              : Text.o28FP (.text:_xdc_runtime_Text_ropeText__E)
                  0008dcce    00000009     sysbios.a28FP : BIOS.obj (.text:_ti_sysbios_family_c28_TaskSupport_checkStack__E)
                  0008dcd7    00000009                   : c28_TaskSupport_asm.obj (.text:_ti_sysbios_family_c28_TaskSupport_glue)
                  0008dce0    00000009                   : BIOS.obj (.text:_ti_sysbios_hal_Hwi_Module_startup__E)
                  0008dce9    00000009     rts2800_fpu32.lib : _lock.obj (.text)
                  0008dcf2    00000009                       : fd_neg28.obj (.text)
                  0008dcfb    00000008     Boot.a28FP : Boot.o28FP (.text:.bootCodeSection:_ti_catalog_c2800_initF2837x_Boot_initSharedRAMs)
                  0008dd03    00000008     F2837xD_CodeStartBranch.obj (.text)
                  0008dd0b    00000008     sysbios.a28FP : BIOS.obj (.text:_ti_sysbios_BIOS_setThreadType__E)
                  0008dd13    00000008                   : BIOS.obj (.text:_ti_sysbios_gates_GateMutex_Instance_finalize__E)
                  0008dd1b    00000008     Cheapli_SE420_p28FP.o28FP (.text:_ti_sysbios_knl_Clock_Module_State_clockQ)
                  0008dd23    00000008     sysbios.a28FP : BIOS.obj (.text:_ti_sysbios_knl_Semaphore_Instance_finalize__E)
                  0008dd2b    00000008     Cheapli_SE420_p28FP.o28FP (.text:_xdc_runtime_Memory_HeapProxy_free__E)
                  0008dd33    00000008     ti.targets.rts2800.a28FP : Memory.o28FP (.text:_xdc_runtime_Memory_calloc__E)
                  0008dd3b    00000008                              : SysMin.o28FP (.text:_xdc_runtime_SysMin_ready__E)
                  0008dd43    00000008     rts2800_fpu32.lib : strlen.obj (.text)
                  0008dd4b    00000007     Cheapli_SE420_p28FP.o28FP (.text:.bootCodeSection:_ti_catalog_c2800_initF2837x_Boot_initStartup)
                  0008dd52    00000007     Cheapli_SE420_p28FP.o28FP (.text:_ti_sysbios_BIOS_RtsGateProxy_leave__E)
                  0008dd59    00000007     Cheapli_SE420_p28FP.o28FP (.text:_ti_sysbios_hal_Hwi_HwiProxy_getStackInfo__E)
                  0008dd60    00000007     Cheapli_SE420_p28FP.o28FP (.text:_ti_sysbios_heaps_HeapMem_Module_GateProxy_leave__E)
                  0008dd67    00000007     sysbios.a28FP : BIOS.obj (.text:_ti_sysbios_knl_Queue_empty__E)
                  0008dd6e    00000007     Cheapli_SE420_p28FP.o28FP (.text:_ti_sysbios_knl_Task_SupportProxy_checkStack__E)
                  0008dd75    00000007     Cheapli_SE420_p28FP.o28FP (.text:_ti_sysbios_knl_Task_SupportProxy_swap__E)
                  0008dd7c    00000007     Cheapli_SE420_p28FP.o28FP (.text:_xdc_runtime_LoggerBuf_Module_GateProxy_leave__E)
                  0008dd83    00000007     Cheapli_SE420_p28FP.o28FP (.text:_xdc_runtime_System_Module_GateProxy_leave__E)
                  0008dd8a    00000006     Cheapli_SE420_p28FP.o28FP (.text:_ti_sysbios_BIOS_RtsGateProxy_enter__E)
                  0008dd90    00000006     sysbios.a28FP : BIOS.obj (.text:_ti_sysbios_BIOS_start__E)
                  0008dd96    00000006                   : c28_IntrinsicsSupport_asm.obj (.text:_ti_sysbios_family_c28_IntrinsicsSupport_maxbit__E)
                  0008dd9c    00000006     Cheapli_SE420_p28FP.o28FP (.text:_ti_sysbios_heaps_HeapMem_Module_GateProxy_enter__E)
                  0008dda2    00000006     Cheapli_SE420_p28FP.o28FP (.text:_ti_sysbios_heaps_HeapMem_Module_GateProxy_query__E)
                  0008dda8    00000006     Cheapli_SE420_p28FP.o28FP (.text:_ti_sysbios_knl_Clock_TimerProxy_getMaxTicks__E)
                  0008ddae    00000006     Cheapli_SE420_p28FP.o28FP (.text:_ti_sysbios_knl_Queue_destruct)
                  0008ddb4    00000006     Cheapli_SE420_p28FP.o28FP (.text:_ti_sysbios_knl_Semaphore_destruct)
                  0008ddba    00000006     sysbios.a28FP : BIOS.obj (.text:_ti_sysbios_knl_Swi_disable__E)
                  0008ddc0    00000006                   : BIOS.obj (.text:_ti_sysbios_knl_Task_disable__E)
                  0008ddc6    00000006     ti.targets.rts2800.a28FP : Gate.o28FP (.text:_xdc_runtime_Gate_enterSystem__E)
                  0008ddcc    00000006                              : Gate.o28FP (.text:_xdc_runtime_Gate_leaveSystem__E)
                  0008ddd2    00000006     Cheapli_SE420_p28FP.o28FP (.text:_xdc_runtime_LoggerBuf_Module_GateProxy_enter__E)
                  0008ddd8    00000006     Cheapli_SE420_p28FP.o28FP (.text:_xdc_runtime_LoggerBuf_TimestampProxy_get64__E)
                  0008ddde    00000006     ti.targets.rts2800.a28FP : LoggerBuf.o28FP (.text:_xdc_runtime_LoggerBuf_enable__E)
                  0008dde4    00000006     Cheapli_SE420_p28FP.o28FP (.text:_xdc_runtime_System_Module_GateProxy_enter__E)
                  0008ddea    00000006     Cheapli_SE420_p28FP.o28FP (.text:_xdc_runtime_System_SupportProxy_abort__E)
                  0008ddf0    00000006     Cheapli_SE420_p28FP.o28FP (.text:_xdc_runtime_System_SupportProxy_exit__E)
                  0008ddf6    00000006     Cheapli_SE420_p28FP.o28FP (.text:_xdc_runtime_System_SupportProxy_putch__E)
                  0008ddfc    00000005     sysbios.a28FP : BIOS.obj (.text:_ti_sysbios_family_c28_Hwi_switchFromBootStack__E)
                  0008de01    00000005                   : BIOS.obj (.text:_ti_sysbios_gates_GateHwi_enter__E)
                  0008de06    00000005     Cheapli_SE420_p28FP.o28FP (.text:_xdc_iargToPtr)
                  0008de0b    00000005     ti.targets.rts2800.a28FP : Error.o28FP (.text:_xdc_runtime_Error_init__E)
                  0008de10    00000005                              : LoggerBuf.o28FP (.text:_xdc_runtime_LoggerBuf_disable__E)
                  0008de15    00000005     rts2800_fpu32.lib : strcpy.obj (.text)
                  0008de1a    00000004     Cheapli_SE420_p28FP.o28FP (.text:_ti_sysbios_family_c28_Hwi_startup__E)
                  0008de1e    00000004     sysbios.a28FP : BIOS.obj (.text:_ti_sysbios_heaps_HeapMem_isBlocking__E)
                  0008de22    00000004                   : BIOS.obj (.text:_ti_sysbios_knl_Swi_startup__E)
                  0008de26    00000004     ti.targets.rts2800.a28FP : Memory.o28FP (.text:_xdc_runtime_Memory_getMaxDefaultTypeAlign__E)
                  0008de2a    00000003     Cheapli_SE420_p28FP.o28FP (.text:.bootCodeSection:_ti_catalog_c2800_initF2837x_Boot_limpAbort)
                  0008de2d    00000003     ti.targets.rts2800.a28FP : xdc_noinit.o28FP (.text:___xdc__init)
                  0008de30    00000003     Cheapli_SE420_p28FP.o28FP (.text:_ti_sysbios_family_c28_Hwi_Module__startupDone__S)
                  0008de33    00000003     Cheapli_SE420_p28FP.o28FP (.text:_ti_sysbios_family_c28_Timer_Module__startupDone__S)
                  0008de36    00000003     sysbios.a28FP : BIOS.obj (.text:_ti_sysbios_gates_GateHwi_leave__E)
                  0008de39    00000003     Cheapli_SE420_p28FP.o28FP (.text:_ti_sysbios_hal_Hwi_HwiProxy_Module__startupDone__S)
                  0008de3c    00000003     Cheapli_SE420_p28FP.o28FP (.text:_ti_sysbios_hal_Hwi_HwiProxy_startup__E)
                  0008de3f    00000003     Cheapli_SE420_p28FP.o28FP (.text:_ti_sysbios_hal_Hwi_HwiProxy_switchFromBootStack__E)
                  0008de42    00000003     sysbios.a28FP : BIOS.obj (.text:_ti_sysbios_hal_Hwi_startup__E)
                  0008de45    00000003     Cheapli_SE420_p28FP.o28FP (.text:_ti_sysbios_knl_Clock_TimerProxy_Module__startupDone__S)
                  0008de48    00000003     sysbios.a28FP : BIOS.obj (.text:_ti_sysbios_knl_Idle_loop__E)
                  0008de4b    00000003                   : BIOS.obj (.text:_ti_sysbios_knl_Queue_Instance_init__E)
                  0008de4e    00000003     Cheapli_SE420_p28FP.o28FP (.text:_ti_sysbios_knl_Task_SupportProxy_Module__startupDone__S)
                  0008de51    00000003     sysbios.a28FP : BIOS.obj (.text:_ti_sysbios_knl_Task_startup__E)
                  0008de54    00000003     Cheapli_SE420_p28FP.o28FP (.text:_xdc_runtime_Startup_reset__I)
                  0008de57    00000003     ti.targets.rts2800.a28FP : System.o28FP (.text:_xdc_runtime_System_Module_startup__E)
                  0008de5a    00000003     Cheapli_SE420_p28FP.o28FP (.text:_xdc_runtime_System_SupportProxy_ready__E)
                  0008de5d    00000003     ti.targets.rts2800.a28FP : System.o28FP (.text:_xdc_runtime_System_abortStd__E)
                  0008de60    00000003                              : System.o28FP (.text:_xdc_runtime_System_exitStd__E)
                  0008de63    00000002     Cheapli_SE420_p28FP.o28FP (.text:_ti_sysbios_family_c28_TaskSupport_Module__startupDone__S)
                  0008de65    00000002     sysbios.a28FP : BIOS.obj (.text:_ti_sysbios_family_c28_Timer_getMaxTicks__E)
                  0008de67    00000002                   : BIOS.obj (.text:_ti_sysbios_gates_GateHwi_query__E)
                  0008de69    00000002                   : BIOS.obj (.text:_ti_sysbios_gates_GateMutex_query__E)
                  0008de6b    00000002     ti.targets.rts2800.a28FP : Error.o28FP (.text:_xdc_runtime_Error_getSite__E)
                  0008de6d    00000001     sysbios.a28FP : c28_Hwi_asm.obj (.text:_ti_sysbios_family_c28_Hwi_interruptReturn__I)
                  0008de6e    00000001                   : BIOS.obj (.text:_ti_sysbios_gates_GateHwi_Instance_init__E)

Emif2ConfigRegsFile 
*          1    00000002    00000020     UNINITIALIZED
                  00000002    00000020     F2837xD_GlobalVariableDefs.obj (Emif2ConfigRegsFile)

RomPrefetchRegsFile 
*          1    00000022    00000002     UNINITIALIZED
                  00000022    00000002     F2837xD_GlobalVariableDefs.obj (RomPrefetchRegsFile)

AnalogSubsysRegsFile 
*          1    00000040    00000048     UNINITIALIZED
                  00000040    00000048     F2837xD_GlobalVariableDefs.obj (AnalogSubsysRegsFile)

UppRegsFile 
*          1    000000c0    00000048     UNINITIALIZED
                  000000c0    00000048     F2837xD_GlobalVariableDefs.obj (UppRegsFile)

EPwmXbarRegsFile 
*          1    000005c0    00000040     UNINITIALIZED
                  000005c0    00000040     F2837xD_GlobalVariableDefs.obj (EPwmXbarRegsFile)

CpuTimer0RegsFile 
*          1    00000c00    00000008     UNINITIALIZED
                  00000c00    00000008     F2837xD_GlobalVariableDefs.obj (CpuTimer0RegsFile)

CpuTimer1RegsFile 
*          1    00000c08    00000008     UNINITIALIZED
                  00000c08    00000008     F2837xD_GlobalVariableDefs.obj (CpuTimer1RegsFile)

CpuTimer2RegsFile 
*          1    00000c10    00000008     UNINITIALIZED
                  00000c10    00000008     F2837xD_GlobalVariableDefs.obj (CpuTimer2RegsFile)

PieCtrlRegsFile 
*          1    00000ce0    0000001a     UNINITIALIZED
                  00000ce0    0000001a     F2837xD_GlobalVariableDefs.obj (PieCtrlRegsFile)

DmaRegsFile 
*          1    00001000    000000e0     UNINITIALIZED
                  00001000    000000e0     F2837xD_GlobalVariableDefs.obj (DmaRegsFile)

Cla1RegsFile 
*          1    00001400    0000003c     UNINITIALIZED
                  00001400    0000003c     F2837xD_GlobalVariableDefs.obj (Cla1RegsFile)

EPwm1RegsFile 
*          1    00004000    00000100     UNINITIALIZED
                  00004000    00000100     F2837xD_GlobalVariableDefs.obj (EPwm1RegsFile)

EPwm2RegsFile 
*          1    00004100    00000100     UNINITIALIZED
                  00004100    00000100     F2837xD_GlobalVariableDefs.obj (EPwm2RegsFile)

EPwm3RegsFile 
*          1    00004200    00000100     UNINITIALIZED
                  00004200    00000100     F2837xD_GlobalVariableDefs.obj (EPwm3RegsFile)

EPwm4RegsFile 
*          1    00004300    00000100     UNINITIALIZED
                  00004300    00000100     F2837xD_GlobalVariableDefs.obj (EPwm4RegsFile)

EPwm5RegsFile 
*          1    00004400    00000100     UNINITIALIZED
                  00004400    00000100     F2837xD_GlobalVariableDefs.obj (EPwm5RegsFile)

EPwm6RegsFile 
*          1    00004500    00000100     UNINITIALIZED
                  00004500    00000100     F2837xD_GlobalVariableDefs.obj (EPwm6RegsFile)

EPwm7RegsFile 
*          1    00004600    00000100     UNINITIALIZED
                  00004600    00000100     F2837xD_GlobalVariableDefs.obj (EPwm7RegsFile)

EPwm8RegsFile 
*          1    00004700    00000100     UNINITIALIZED
                  00004700    00000100     F2837xD_GlobalVariableDefs.obj (EPwm8RegsFile)

EPwm9RegsFile 
*          1    00004800    00000100     UNINITIALIZED
                  00004800    00000100     F2837xD_GlobalVariableDefs.obj (EPwm9RegsFile)

EPwm10RegsFile 
*          1    00004900    00000100     UNINITIALIZED
                  00004900    00000100     F2837xD_GlobalVariableDefs.obj (EPwm10RegsFile)

EPwm11RegsFile 
*          1    00004a00    00000100     UNINITIALIZED
                  00004a00    00000100     F2837xD_GlobalVariableDefs.obj (EPwm11RegsFile)

EPwm12RegsFile 
*          1    00004b00    00000100     UNINITIALIZED
                  00004b00    00000100     F2837xD_GlobalVariableDefs.obj (EPwm12RegsFile)

ECap1RegsFile 
*          1    00005000    00000020     UNINITIALIZED
                  00005000    00000020     F2837xD_GlobalVariableDefs.obj (ECap1RegsFile)

ECap2RegsFile 
*          1    00005020    00000020     UNINITIALIZED
                  00005020    00000020     F2837xD_GlobalVariableDefs.obj (ECap2RegsFile)

ECap3RegsFile 
*          1    00005040    00000020     UNINITIALIZED
                  00005040    00000020     F2837xD_GlobalVariableDefs.obj (ECap3RegsFile)

ECap4RegsFile 
*          1    00005060    00000020     UNINITIALIZED
                  00005060    00000020     F2837xD_GlobalVariableDefs.obj (ECap4RegsFile)

ECap5RegsFile 
*          1    00005080    00000020     UNINITIALIZED
                  00005080    00000020     F2837xD_GlobalVariableDefs.obj (ECap5RegsFile)

ECap6RegsFile 
*          1    000050a0    00000020     UNINITIALIZED
                  000050a0    00000020     F2837xD_GlobalVariableDefs.obj (ECap6RegsFile)

EQep1RegsFile 
*          1    00005100    00000022     UNINITIALIZED
                  00005100    00000022     F2837xD_GlobalVariableDefs.obj (EQep1RegsFile)

EQep2RegsFile 
*          1    00005140    00000022     UNINITIALIZED
                  00005140    00000022     F2837xD_GlobalVariableDefs.obj (EQep2RegsFile)

EQep3RegsFile 
*          1    00005180    00000022     UNINITIALIZED
                  00005180    00000022     F2837xD_GlobalVariableDefs.obj (EQep3RegsFile)

DacaRegsFile 
*          1    00005c00    00000008     UNINITIALIZED
                  00005c00    00000008     F2837xD_GlobalVariableDefs.obj (DacaRegsFile)

DacbRegsFile 
*          1    00005c10    00000008     UNINITIALIZED
                  00005c10    00000008     F2837xD_GlobalVariableDefs.obj (DacbRegsFile)

DaccRegsFile 
*          1    00005c20    00000008     UNINITIALIZED
                  00005c20    00000008     F2837xD_GlobalVariableDefs.obj (DaccRegsFile)

Sdfm1RegsFile 
*          1    00005e00    00000080     UNINITIALIZED
                  00005e00    00000080     F2837xD_GlobalVariableDefs.obj (Sdfm1RegsFile)

Sdfm2RegsFile 
*          1    00005e80    00000080     UNINITIALIZED
                  00005e80    00000080     F2837xD_GlobalVariableDefs.obj (Sdfm2RegsFile)

McbspaRegsFile 
*          1    00006000    00000024     UNINITIALIZED
                  00006000    00000024     F2837xD_GlobalVariableDefs.obj (McbspaRegsFile)

McbspbRegsFile 
*          1    00006040    00000024     UNINITIALIZED
                  00006040    00000024     F2837xD_GlobalVariableDefs.obj (McbspbRegsFile)

SpiaRegsFile 
*          1    00006100    00000010     UNINITIALIZED
                  00006100    00000010     F2837xD_GlobalVariableDefs.obj (SpiaRegsFile)

SpibRegsFile 
*          1    00006110    00000010     UNINITIALIZED
                  00006110    00000010     F2837xD_GlobalVariableDefs.obj (SpibRegsFile)

SpicRegsFile 
*          1    00006120    00000010     UNINITIALIZED
                  00006120    00000010     F2837xD_GlobalVariableDefs.obj (SpicRegsFile)

WdRegsFile 
*          1    00007000    0000002b     UNINITIALIZED
                  00007000    0000002b     F2837xD_GlobalVariableDefs.obj (WdRegsFile)

NmiIntruptRegsFile 
*          1    00007060    00000007     UNINITIALIZED
                  00007060    00000007     F2837xD_GlobalVariableDefs.obj (NmiIntruptRegsFile)

XintRegsFile 
*          1    00007070    0000000b     UNINITIALIZED
                  00007070    0000000b     F2837xD_GlobalVariableDefs.obj (XintRegsFile)

SciaRegsFile 
*          1    00007200    00000010     UNINITIALIZED
                  00007200    00000010     F2837xD_GlobalVariableDefs.obj (SciaRegsFile)

ScibRegsFile 
*          1    00007210    00000010     UNINITIALIZED
                  00007210    00000010     F2837xD_GlobalVariableDefs.obj (ScibRegsFile)

ScicRegsFile 
*          1    00007220    00000010     UNINITIALIZED
                  00007220    00000010     F2837xD_GlobalVariableDefs.obj (ScicRegsFile)

ScidRegsFile 
*          1    00007230    00000010     UNINITIALIZED
                  00007230    00000010     F2837xD_GlobalVariableDefs.obj (ScidRegsFile)

I2caRegsFile 
*          1    00007300    00000022     UNINITIALIZED
                  00007300    00000022     F2837xD_GlobalVariableDefs.obj (I2caRegsFile)

I2cbRegsFile 
*          1    00007340    00000022     UNINITIALIZED
                  00007340    00000022     F2837xD_GlobalVariableDefs.obj (I2cbRegsFile)

TrigRegsFile 
*          1    00007900    00000006     UNINITIALIZED
                  00007900    00000006     F2837xD_GlobalVariableDefs.obj (TrigRegsFile)

DmaClaSrcSelRegsFile 
*          1    00007980    0000001a     UNINITIALIZED
                  00007980    0000001a     F2837xD_GlobalVariableDefs.obj (DmaClaSrcSelRegsFile)

GpioCtrlRegsFile 
*          1    00007c00    00000180     UNINITIALIZED
                  00007c00    00000180     F2837xD_GlobalVariableDefs.obj (GpioCtrlRegsFile)

GpioDataRegsFile 
*          1    00007f00    00000030     UNINITIALIZED
                  00007f00    00000030     F2837xD_GlobalVariableDefs.obj (GpioDataRegsFile)

.stack     1    00008000    00000c00     UNINITIALIZED
                  00008000    00000c00     --HOLE--

.ebss      1    0000c000    00004e00     UNINITIALIZED
                  0000c000    00002f30     f28377sSerial.obj (.ebss)
                  0000ef30    00000008     rts2800_fpu32.lib : hostopen.obj (.ebss)
                  0000ef38    00000006                       : exit.obj (.ebss)
                  0000ef3e    00000002                       : _lock.obj (.ebss:__lock)
                  0000ef40    00001103     Cheapli_SE420_p28FP.o28FP (.ebss:taskStackSection)
                  00010043    00000001     rts2800_fpu32.lib : errno.obj (.ebss)
                  00010044    00000014     f28377sEqep.obj (.ebss)
                  00010058    00000002     rts2800_fpu32.lib : _lock.obj (.ebss:__unlock)
                  0001005a    00000026     --HOLE--
                  00010080    000009c0     Cheapli_SE420_p28FP.o28FP (.ebss)
                  00010a40    000003c0     user_CheapliBEMF_SE420.obj (.ebss)

.cio       1    00008c00    00000120     UNINITIALIZED
                  00008c00    00000120     rts2800_fpu32.lib : trgmsg.obj (.cio)

.my_vars   1    00010e00    00000002     UNINITIALIZED
                  00010e00    00000002     user_CheapliBEMF_SE420.obj (.my_vars)

PUTBUFFER 
*          1    0003fc00    00000080     UNINITIALIZED
                  0003fc00    00000080     F2837xD_Ipc_Driver.obj (PUTBUFFER)

PUTWRITEIDX 
*          1    0003fc80    00000004     UNINITIALIZED
                  0003fc80    00000004     F2837xD_Ipc_Driver.obj (PUTWRITEIDX)

GETREADIDX 
*          1    0003fc84    00000004     UNINITIALIZED
                  0003fc84    00000004     F2837xD_Ipc_Driver.obj (GETREADIDX)

GETBUFFER 
*          0    0003f800    00000080     DSECT
                  0003f800    00000080     F2837xD_Ipc_Driver.obj (GETBUFFER)

GETWRITEIDX 
*          0    0003f880    00000004     DSECT
                  0003f880    00000004     F2837xD_Ipc_Driver.obj (GETWRITEIDX)

PUTREADIDX 
*          0    0003f884    00000004     DSECT
                  0003f884    00000004     F2837xD_Ipc_Driver.obj (PUTREADIDX)

PieVectTableFile 
*          0    00000d00    000001c0     DSECT
                  00000d00    000001c0     F2837xD_GlobalVariableDefs.obj (PieVectTableFile)

EmuKeyVar 
*          0    00000d00    00000001     DSECT
                  00000d00    00000001     F2837xD_GlobalVariableDefs.obj (EmuKeyVar)

EmuBModeVar 
*          0    00000d01    00000001     DSECT
                  00000d01    00000001     F2837xD_GlobalVariableDefs.obj (EmuBModeVar)

FlashCallbackVar 
*          0    00000d02    00000000     DSECT

FlashScalingVar 
*          0    00000d02    00000000     DSECT

AdcaResultFile 
*          1    00000b00    00000018     UNINITIALIZED
                  00000b00    00000018     F2837xD_GlobalVariableDefs.obj (AdcaResultFile)

AdcbResultFile 
*          1    00000b20    00000018     UNINITIALIZED
                  00000b20    00000018     F2837xD_GlobalVariableDefs.obj (AdcbResultFile)

AdccResultFile 
*          1    00000b40    00000018     UNINITIALIZED
                  00000b40    00000018     F2837xD_GlobalVariableDefs.obj (AdccResultFile)

AdcdResultFile 
*          1    00000b60    00000018     UNINITIALIZED
                  00000b60    00000018     F2837xD_GlobalVariableDefs.obj (AdcdResultFile)

AdcaRegsFile 
[...]
1     00010086  _xdc_runtime_Memory_Module__state__V                      
1     00010088  _ti_sysbios_gates_GateHwi_Object__table__V                
1     0001008a  _xdc_runtime_LoggerBuf_Module__state__V                   
1     0001008e  _ti_sysbios_knl_Mailbox_Module__root__V                   
1     00010092  _xdc_runtime_LoggerBuf_Module__root__V                    
1     00010096  _ti_sysbios_gates_GateHwi_Module__root__V                 
1     0001009a  _ti_sysbios_family_c28_Timer_Module__root__V              
1     0001009e  _ti_sysbios_knl_Event_Module__root__V                     
1     000100a2  _ti_sysbios_knl_Semaphore_Module__root__V                 
1     000100a6  _xdc_runtime_Registry_Module__state__V                    
1     000100aa  _ti_sysbios_knl_Queue_Module__root__V                     
1     000100ae  _ti_sysbios_knl_Task_Module__root__V                      
1     000100b2  _xdc_runtime_Text_Module__state__V                        
1     000100b6  _ti_sysbios_knl_Swi_Module__root__V                       
1     000100ba  _xdc_runtime_Startup_Module__state__V                     
1     000100c0  _ti_sysbios_hal_Hwi_Module__root__V                       
1     000100c4  _ti_sysbios_gates_GateMutex_Module__root__V               
1     000100c8  _ti_sysbios_family_c28_Hwi_Module__root__V                
1     000100cc  _ti_sysbios_knl_Clock_Module__root__V                     
1     000100d0  _xdc_runtime_System_Module__state__V                      
1     000100d4  _xdc_runtime_SysMin_Module__state__V                      
1     000100d8  _ti_sysbios_heaps_HeapMem_Module__root__V                 
1     000100dc  _ti_sysbios_family_c28_Timer_Module__state__V             
1     000100e4  _ti_sysbios_knl_Swi_Module__state__V                      
1     000100f0  _ti_sysbios_heaps_HeapMem_Object__table__V                
1     00010100  _ti_sysbios_knl_Clock_Object__table__V                    
1     00010110  _xdc_runtime_System_Module_State_0_atexitHandlers__A      
1     00010120  _ti_sysbios_family_c28_Hwi_Module__state__V               
1     00010140  _xdc_runtime_LoggerBuf_Object__table__V                   
1     00010152  _ti_sysbios_BIOS_Module__state__V                         
1     00010164  _ti_sysbios_knl_Clock_Module__state__V                    
1     00010180  _ti_sysbios_family_c28_Timer_Object__table__V             
1     00010198  _ti_sysbios_gates_GateMutex_Object__table__V              
1     000101c0  _ti_sysbios_knl_Task_Module__state__V                     
1     000101de  _ti_sysbios_knl_Task_Object__table__V                     
1     00010200  _ti_sysbios_knl_Swi_Object__table__V                      
1     00010240  _ti_sysbios_knl_Task_Module_State_0_readyQ__A             
1     00010280  _ti_sysbios_knl_Swi_Module_State_0_readyQ__A              
1     000102c0  _ti_sysbios_family_c28_Hwi_Object__table__V               
1     00010380  _xdc_runtime_LoggerBuf_Instance_State_0_entryArr__A       
1     00010480  _ti_sysbios_family_c28_Hwi_Module_State_0_dispatchTable__A
1     00010640  _xdc_runtime_SysMin_Module_State_0_outbuf__A              
1     00010a40  _I2C_SLV0_CTRL                                            
1     00010a41  _SIMU_Var7_fromSIMU_16bit                                 
1     00010a42  _SIMU_Var6_fromSIMU_16bit                                 
1     00010a43  _numOverReadA                                             
1     00010a44  _I2C_MST_CTRL                                             
1     00010a45  _I2C_SLV0_ADDR                                            
1     00010a46  _WOM_THR                                                  
1     00010a47  _spiaTxData                                               
1     00010a48  _I2C_SLV1_ADDR                                            
1     00010a49  _FIFO_EN                                                  
1     00010a4a  _I2C_SLV0_REG                                             
1     00010a4b  _I2C_SLV1_REG                                             
1     00010a4c  _I2C_SLV1_CTRL                                            
1     00010a4d  _Main_i                                                   
1     00010a4e  _Main_memcount                                            
1     00010a4f  _SIMU_databyte1                                           
1     00010a50  _SIMU_Var4_fromSIMU_16bit                                 
1     00010a51  _SIMU_Var5_fromSIMU_16bit                                 
1     00010a52  _SIMU_Var3_fromSIMU_16bit                                 
1     00010a53  _SIMU_Var1_fromSIMU_16bit                                 
1     00010a54  _SIMU_Var2_fromSIMU_16bit                                 
1     00010a55  _Main_j                                                   
1     00010a56  _calc_offset                                              
1     00010a57  _pwmCountMax                                              
1     00010a58  _read                                                     
1     00010a59  _count                                                    
1     00010a5a  _newdata                                                  
1     00010a5b  _YG_OFFSET_H                                              
1     00010a5c  _YG_OFFSET_L                                              
1     00010a5d  _XG_OFFSET_L                                              
1     00010a5e  _pwmIncr                                                  
1     00010a5f  _XG_OFFSET_H                                              
1     00010a60  _ZG_OFFSET_H                                              
1     00010a61  _CONFIG                                                   
1     00010a62  _SMPLRT_DIV                                               
1     00010a63  _GYRO_CONFIG                                              
1     00010a64  _ACCEL_CONFIG_2                                           
1     00010a65  _ACCEL_CONFIG                                             
1     00010a66  _SIMU_checkfirstcommandbyte                               
1     00010a67  _ZG_OFFSET_L                                              
1     00010a68  _SIMU_Tranaction_Type                                     
1     00010a69  _SIMU_beginnewdata                                        
1     00010a6a  _SIMU_datacollect                                         
1     00010a6b  _SpibNumCalls                                             
1     00010a6c  _ZA_OFFSET_H                                              
1     00010a6d  _ZA_OFFSET_L                                              
1     00010a6e  _senddata                                                 
1     00010a6f  _temp                                                     
1     00010a70  _YA_OFFSET_L                                              
1     00010a71  _SpiaNumCalls                                             
1     00010a72  _countFlag                                                
1     00010a73  _acc_config2                                              
1     00010a74  _Main_sendingarray                                        
1     00010a75  _I2C_MST_DELAY_CTRL                                       
1     00010a76  _UARTreceivelength                                        
1     00010a77  _UARTdatacollect                                          
1     00010a78  _USER_CTRL                                                
1     00010a79  _INT_ENABLE                                               
1     00010a7a  _LP_ACCEL_ODR                                             
1     00010a7b  _INT_STATUS                                               
1     00010a7c  _doneCal                                                  
1     00010a7d  _I2C_SLV1_DO                                              
1     00010a7e  _UARTbeginnewdata                                         
1     00010a7f  _adcb0result                                              
1     00010a80  _adcb1result                                              
1     00010a81  _XA_OFFSET_H                                              
1     00010a82  _YA_OFFSET_H                                              
1     00010a83  _XA_OFFSET_L                                              
1     00010a84  _UARTsensordatatimeouterror                               
1     00010a85  _UARTtransmissionerror                                    
1     00010a86  _PWR_MGMT_1                                               
1     00010a87  _WHO_AM_I                                                 
1     00010a88  _vel2_ref                                                 
1     00010a8a  _verr                                                     
1     00010a8c  _ik_old                                                   
1     00010a8e  _ik                                                       
1     00010a90  _verr_old                                                 
1     00010a92  _z_A_offs_add                                             
1     00010a94  _x_G_offs                                                 
1     00010a96  _z_G_offs                                                 
1     00010a98  _y_G_offs                                                 
1     00010a9a  _compass_angle                                            
1     00010a9c  _targetAngle                                              
1     00010a9e  _gyroOff                                                  
1     00010aa0  _thetaR                                                   
1     00010aa2  _T                                                        
1     00010aa4  _tau                                                      
1     00010aa6  _thetaRold                                                
1     00010aa8  _ADC0V_scaled                                             
1     00010aaa  _u                                                        
1     00010aac  _ADC1V                                                    
1     00010aae  _vel                                                      
1     00010ab0  _tilt                                                     
1     00010ab2  _ADC0V                                                    
1     00010ab4  _frictK                                                   
1     00010ab6  _numSpibposts_debug                                       
1     00010ab8  _numSpiaposts_debug                                       
1     00010aba  _tilt_value                                               
1     00010abc  _countVar                                                 
1     00010abe  _timecount                                                
1     00010ac0  _gyro_value                                               
1     00010ac2  _kalman_tilt                                              
1     00010ac4  _kalman_P                                                 
1     00010ac6  _Q                                                        
1     00010ac8  _th_old                                                   
1     00010aca  _timeVar                                                  
1     00010acc  _R                                                        
1     00010ace  _min_my                                                   
1     00010ad0  _max_mz                                                   
1     00010ad2  _min_mx                                                   
1     00010ad4  _mx_offset                                                
1     00010ad6  _my_offset                                                
1     00010ad8  _max_my                                                   
1     00010ada  _Kd                                                       
1     00010adc  _thetaRef                                                 
1     00010ade  _ki                                                       
1     00010ae0  _max_mx                                                   
1     00010ae2  _min_mz                                                   
1     00010ae4  _Kp                                                       
1     00010ae6  _vel2                                                     
1     00010ae8  _SideAdjust_I                                             
1     00010aea  _SideAdjust_Iold                                          
1     00010aec  _accelxSideAdjust                                         
1     00010aee  _Kicenter                                                 
1     00010af0  _th_value                                                 
1     00010af2  _SideAdjust_error                                         
1     00010af4  _Kon                                                      
1     00010af6  _velf                                                     
1     00010af8  _mz_offset                                                
1     00010afa  _velfold                                                  
1     00010afc  _SideAdjust_errorOld                                      
1     00010afe  _Kpcenter                                                 
1     00010b00  _vel_orig                                                 
1     00010b02  _SIMU_Var4_toSIMU_16bit                                   
1     00010b04  _SIMU_Var5_toSIMU_16bit                                   
1     00010b06  _SIMU_Var3_toSIMU_16bit                                   
1     00010b08  _SIMU_Var1_toSIMU_16bit                                   
1     00010b0a  _SIMU_Var2_toSIMU_16bit                                   
1     00010b0c  _SIMU_Var7_toSIMU_32bit                                   
1     00010b0e  _pwmVal                                                   
1     00010b10  _accelx                                                   
1     00010b12  _SIMU_Var7_toSIMU_16bit                                   
1     00010b14  _SIMU_Var6_toSIMU_16bit                                   
1     00010b16  _Main_tempf                                               
1     00010b18  _SIMU_Var1_toSIMU_32bit                                   
1     00010b1a  _ptrmemloc                                                
1     00010b1c  _matlabLockshadow                                         
1     00010b1e  _memloc                                                   
1     00010b20  _SIMU_Var5_toSIMU_32bit                                   
1     00010b22  _SIMU_Var6_toSIMU_32bit                                   
1     00010b24  _SIMU_Var4_toSIMU_32bit                                   
1     00010b26  _SIMU_Var3_toSIMU_32bit                                   
1     00010b28  _accelxSide                                               
1     00010b2a  _y_A_offs_add                                             
1     00010b2c  _gyroz_offset                                             
1     00010b2e  _gyrox_offset                                             
1     00010b30  _gyroy_offset                                             
1     00010b32  _accelz_offset                                            
1     00010b34  _offset                                                   
1     00010b36  _x_A_offs_add                                             
1     00010b38  _gravitySide                                              
1     00010b3a  _gyroy                                                    
1     00010b3c  _gyroz                                                    
1     00010b3e  _gyrox                                                    
1     00010b40  _accely                                                   
1     00010b42  _accelz                                                   
1     00010b44  _SIMU_Var2_toSIMU_32bit                                   
1     00010b46  _accely_offset                                            
1     00010b48  _accelx_offset                                            
1     00010b4a  _accelxSideStart                                          
1     00010b4c  _my                                                       
1     00010b4e  _mz                                                       
1     00010b50  _mx                                                       
1     00010b52  _gyroK                                                    
1     00010b56  _tiltK                                                    
1     00010b5a  _spiaRxData                                               
1     00010b5e  _gyrofK                                                   
1     00010b64  _tiltfK                                                   
1     00010b6a  _K                                                        
1     00010b72  _gyro_array                                               
1     00010b80  _tilt_array                                               
1     00010b88  _th_array                                                 
1     00010b90  _IMU_data                                                 
1     00010b9a  _theta                                                    
1     00010ba6  _SIMU_TXrawbytes                                          
1     00010bc0  _readdata                                                 
1     00010bd4  _Main_address                                             
1     00010be8  _Main_value                                               
1     00010c00  _buffer                                                   
1     00010c80  _UARTMessageArray                                         
1     00010d00  _Main_SendArray                                           
1     00010d80  _Main_SendArray2                                          
1     00010e00  _matlabLock                                               
1     0003fc00  _g_asIPCCPU1toCPU2Buffers                                 
1     0003fc80  _g_usPutWriteIndexes                                      
1     0003fc84  _g_usGetReadIndexes                                       
1     00047000  _Emif1Regs                                                
1     00047800  _Emif2Regs                                                
1     00050000  _IpcRegs                                                  
1     0005d000  _DevCfgRegs                                               
1     0005d200  _ClkCfgRegs                                               
1     0005d300  _CpuSysRegs                                               
1     0005f000  _DcsmZ1Regs                                               
1     0005f040  _DcsmZ2Regs                                               
1     0005f070  _DcsmCommonRegs                                           
1     0005f400  _MemCfgRegs                                               
1     0005f480  _Emif1ConfigRegs                                          
1     0005f4c0  _AccessProtectionRegs                                     
1     0005f500  _MemoryErrorRegs                                          
1     0005f800  _Flash0CtrlRegs                                           
1     0005fb00  _Flash0EccRegs                                            
1     00078000  _DcsmZ1Otp                                                
1     00078200  _DcsmZ2Otp                                                
abs   00000001  _xdc_runtime_Startup__EXECFXN__C                          
abs   00000001  _xdc_runtime_Startup__RESETFXN__C                         
abs   00000197  _RamfuncsLoadSize                                         
abs   00000197  _RamfuncsRunSize                                          
abs   00000c00  __STACK_SIZE                                              
abs   ffffffff  ___TI_pprof_out_hndl                                      
abs   ffffffff  ___TI_prof_data_size                                      
abs   ffffffff  ___TI_prof_data_start                                     
abs   ffffffff  ___c_args__                                               
abs   ffffffff  ___pinit__                                                
abs   ffffffff  pinit                                                     

[989 symbols]
