<?xml version="1.0"?>
<link_info>
   <banner>TMS320C2000 Linker PC v17.6.0.STS</banner>
   <copyright>Copyright (c) 1996-2017 Texas Instruments Incorporated</copyright>
   <link_time>0x5cae0e9e</link_time>
   <link_errors>0x0</link_errors>
   <output_file>Cheapli_SE420.out</output_file>
   <entry_point>
      <name>_c_int00</name>
      <address>0x8c81c</address>
   </entry_point>
   <input_file_list>
      <input_file id="fl-2">
         <path>.\</path>
         <kind>object</kind>
         <file>F2837xD_Adc.obj</file>
         <name>F2837xD_Adc.obj</name>
      </input_file>
      <input_file id="fl-3">
         <path>.\</path>
         <kind>object</kind>
         <file>F2837xD_CodeStartBranch.obj</file>
         <name>F2837xD_CodeStartBranch.obj</name>
      </input_file>
      <input_file id="fl-4">
         <path>.\</path>
         <kind>object</kind>
         <file>F2837xD_EPwm.obj</file>
         <name>F2837xD_EPwm.obj</name>
      </input_file>
      <input_file id="fl-5">
         <path>.\</path>
         <kind>object</kind>
         <file>F2837xD_GlobalVariableDefs.obj</file>
         <name>F2837xD_GlobalVariableDefs.obj</name>
      </input_file>
      <input_file id="fl-6">
         <path>.\</path>
         <kind>object</kind>
         <file>F2837xD_Gpio.obj</file>
         <name>F2837xD_Gpio.obj</name>
      </input_file>
      <input_file id="fl-7">
         <path>.\</path>
         <kind>object</kind>
         <file>F2837xD_Ipc.obj</file>
         <name>F2837xD_Ipc.obj</name>
      </input_file>
      <input_file id="fl-8">
         <path>.\</path>
         <kind>object</kind>
         <file>F2837xD_Ipc_Driver.obj</file>
         <name>F2837xD_Ipc_Driver.obj</name>
      </input_file>
      <input_file id="fl-9">
         <path>.\</path>
         <kind>object</kind>
         <file>F2837xD_Ipc_Driver_Util.obj</file>
         <name>F2837xD_Ipc_Driver_Util.obj</name>
      </input_file>
      <input_file id="fl-a">
         <path>.\</path>
         <kind>object</kind>
         <file>F2837xD_Spi.obj</file>
         <name>F2837xD_Spi.obj</name>
      </input_file>
      <input_file id="fl-b">
         <path>.\</path>
         <kind>object</kind>
         <file>F2837xD_SysCtrl.obj</file>
         <name>F2837xD_SysCtrl.obj</name>
      </input_file>
      <input_file id="fl-c">
         <path>.\</path>
         <kind>object</kind>
         <file>F2837xD_usDelay.obj</file>
         <name>F2837xD_usDelay.obj</name>
      </input_file>
      <input_file id="fl-d">
         <path>.\</path>
         <kind>object</kind>
         <file>f28377sADC.obj</file>
         <name>f28377sADC.obj</name>
      </input_file>
      <input_file id="fl-e">
         <path>.\</path>
         <kind>object</kind>
         <file>f28377sCoecsl.obj</file>
         <name>f28377sCoecsl.obj</name>
      </input_file>
      <input_file id="fl-f">
         <path>.\</path>
         <kind>object</kind>
         <file>f28377sDAC.obj</file>
         <name>f28377sDAC.obj</name>
      </input_file>
      <input_file id="fl-10">
         <path>.\</path>
         <kind>object</kind>
         <file>f28377sEPWM3A.obj</file>
         <name>f28377sEPWM3A.obj</name>
      </input_file>
      <input_file id="fl-11">
         <path>.\</path>
         <kind>object</kind>
         <file>f28377sEqep.obj</file>
         <name>f28377sEqep.obj</name>
      </input_file>
      <input_file id="fl-12">
         <path>.\</path>
         <kind>object</kind>
         <file>f28377sSerial.obj</file>
         <name>f28377sSerial.obj</name>
      </input_file>
      <input_file id="fl-13">
         <path>.\</path>
         <kind>object</kind>
         <file>lcd.obj</file>
         <name>lcd.obj</name>
      </input_file>
      <input_file id="fl-14">
         <path>.\</path>
         <kind>object</kind>
         <file>user_CheapliBEMF_SE420.obj</file>
         <name>user_CheapliBEMF_SE420.obj</name>
      </input_file>
      <input_file id="fl-16">
         <path>C:\ayush2\repo\trunk\Cheapli_SE420\Cheapli_SE420Project\Debug\configPkg\package\cfg\</path>
         <kind>object</kind>
         <file>Cheapli_SE420_p28FP.o28FP</file>
         <name>Cheapli_SE420_p28FP.o28FP</name>
      </input_file>
      <input_file id="fl-21">
         <kind>object</kind>
         <file>&lt;internal&gt;</file>
         <name>&lt;internal&gt;</name>
      </input_file>
      <input_file id="fl-22">
         <path>C:\ayush2\repo\trunk\Cheapli_SE420\src\sysbios\</path>
         <kind>archive</kind>
         <file>sysbios.a28FP</file>
         <name>BIOS.obj</name>
      </input_file>
      <input_file id="fl-23">
         <path>C:\ayush2\repo\trunk\Cheapli_SE420\src\sysbios\</path>
         <kind>archive</kind>
         <file>sysbios.a28FP</file>
         <name>c28_Hwi_asm.obj</name>
      </input_file>
      <input_file id="fl-24">
         <path>C:\ayush2\repo\trunk\Cheapli_SE420\src\sysbios\</path>
         <kind>archive</kind>
         <file>sysbios.a28FP</file>
         <name>c28_Hwi_disp_asm.obj</name>
      </input_file>
      <input_file id="fl-25">
         <path>C:\ayush2\repo\trunk\Cheapli_SE420\src\sysbios\</path>
         <kind>archive</kind>
         <file>sysbios.a28FP</file>
         <name>c28_IntrinsicsSupport_asm.obj</name>
      </input_file>
      <input_file id="fl-26">
         <path>C:\ayush2\repo\trunk\Cheapli_SE420\src\sysbios\</path>
         <kind>archive</kind>
         <file>sysbios.a28FP</file>
         <name>c28_TaskSupport_asm.obj</name>
      </input_file>
      <input_file id="fl-27">
         <path>C:\CCStudio_v8\tirtos_c2000_2_16_01_14\products\bios_6_45_02_31\packages\ti\targets\rts2800\lib\</path>
         <kind>archive</kind>
         <file>ti.targets.rts2800.a28FP</file>
         <name>Assert.o28FP</name>
      </input_file>
      <input_file id="fl-28">
         <path>C:\CCStudio_v8\tirtos_c2000_2_16_01_14\products\bios_6_45_02_31\packages\ti\targets\rts2800\lib\</path>
         <kind>archive</kind>
         <file>ti.targets.rts2800.a28FP</file>
         <name>Core-mem.o28FP</name>
      </input_file>
      <input_file id="fl-29">
         <path>C:\CCStudio_v8\tirtos_c2000_2_16_01_14\products\bios_6_45_02_31\packages\ti\targets\rts2800\lib\</path>
         <kind>archive</kind>
         <file>ti.targets.rts2800.a28FP</file>
         <name>Core-smem.o28FP</name>
      </input_file>
      <input_file id="fl-2a">
         <path>C:\CCStudio_v8\tirtos_c2000_2_16_01_14\products\bios_6_45_02_31\packages\ti\targets\rts2800\lib\</path>
         <kind>archive</kind>
         <file>ti.targets.rts2800.a28FP</file>
         <name>Core-label.o28FP</name>
      </input_file>
      <input_file id="fl-2b">
         <path>C:\CCStudio_v8\tirtos_c2000_2_16_01_14\products\bios_6_45_02_31\packages\ti\targets\rts2800\lib\</path>
         <kind>archive</kind>
         <file>ti.targets.rts2800.a28FP</file>
         <name>Core-params.o28FP</name>
      </input_file>
      <input_file id="fl-2c">
         <path>C:\CCStudio_v8\tirtos_c2000_2_16_01_14\products\bios_6_45_02_31\packages\ti\targets\rts2800\lib\</path>
         <kind>archive</kind>
         <file>ti.targets.rts2800.a28FP</file>
         <name>Error.o28FP</name>
      </input_file>
      <input_file id="fl-2d">
         <path>C:\CCStudio_v8\tirtos_c2000_2_16_01_14\products\bios_6_45_02_31\packages\ti\targets\rts2800\lib\</path>
         <kind>archive</kind>
         <file>ti.targets.rts2800.a28FP</file>
         <name>Gate.o28FP</name>
      </input_file>
      <input_file id="fl-2e">
         <path>C:\CCStudio_v8\tirtos_c2000_2_16_01_14\products\bios_6_45_02_31\packages\ti\targets\rts2800\lib\</path>
         <kind>archive</kind>
         <file>ti.targets.rts2800.a28FP</file>
         <name>LoggerBuf.o28FP</name>
      </input_file>
      <input_file id="fl-2f">
         <path>C:\CCStudio_v8\tirtos_c2000_2_16_01_14\products\bios_6_45_02_31\packages\ti\targets\rts2800\lib\</path>
         <kind>archive</kind>
         <file>ti.targets.rts2800.a28FP</file>
         <name>Memory.o28FP</name>
      </input_file>
      <input_file id="fl-30">
         <path>C:\CCStudio_v8\tirtos_c2000_2_16_01_14\products\bios_6_45_02_31\packages\ti\targets\rts2800\lib\</path>
         <kind>archive</kind>
         <file>ti.targets.rts2800.a28FP</file>
         <name>Startup.o28FP</name>
      </input_file>
      <input_file id="fl-31">
         <path>C:\CCStudio_v8\tirtos_c2000_2_16_01_14\products\bios_6_45_02_31\packages\ti\targets\rts2800\lib\</path>
         <kind>archive</kind>
         <file>ti.targets.rts2800.a28FP</file>
         <name>System.o28FP</name>
      </input_file>
      <input_file id="fl-32">
         <path>C:\CCStudio_v8\tirtos_c2000_2_16_01_14\products\bios_6_45_02_31\packages\ti\targets\rts2800\lib\</path>
         <kind>archive</kind>
         <file>ti.targets.rts2800.a28FP</file>
         <name>SysMin.o28FP</name>
      </input_file>
      <input_file id="fl-33">
         <path>C:\CCStudio_v8\tirtos_c2000_2_16_01_14\products\bios_6_45_02_31\packages\ti\targets\rts2800\lib\</path>
         <kind>archive</kind>
         <file>ti.targets.rts2800.a28FP</file>
         <name>Text.o28FP</name>
      </input_file>
      <input_file id="fl-34">
         <path>C:\CCStudio_v8\tirtos_c2000_2_16_01_14\products\bios_6_45_02_31\packages\ti\targets\rts2800\lib\</path>
         <kind>archive</kind>
         <file>ti.targets.rts2800.a28FP</file>
         <name>xdc_noinit.o28FP</name>
      </input_file>
      <input_file id="fl-35">
         <path>C:\CCStudio_v8\tirtos_c2000_2_16_01_14\products\bios_6_45_02_31\packages\ti\targets\rts2800\lib\</path>
         <kind>archive</kind>
         <file>ti.targets.rts2800.a28FP</file>
         <name>Log.o28FP</name>
      </input_file>
      <input_file id="fl-36">
         <path>C:\CCStudio_v8\tirtos_c2000_2_16_01_14\products\bios_6_45_02_31\packages\ti\targets\rts2800\lib\</path>
         <kind>archive</kind>
         <file>ti.targets.rts2800.a28FP</file>
         <name>Registry.o28FP</name>
      </input_file>
      <input_file id="fl-37">
         <path>C:\CCStudio_v8\tirtos_c2000_2_16_01_14\products\bios_6_45_02_31\packages\ti\targets\rts2800\lib\</path>
         <kind>archive</kind>
         <file>boot.a28FP</file>
         <name>boot_cg.o28FP</name>
      </input_file>
      <input_file id="fl-38">
         <path>C:\CCStudio_v8\tirtos_c2000_2_16_01_14\products\bios_6_45_02_31\packages\ti\catalog\c2800\initF2837x\lib\</path>
         <kind>archive</kind>
         <file>Boot.a28FP</file>
         <name>Boot.o28FP</name>
      </input_file>
      <input_file id="fl-44">
         <path>C:\CCStudio_v8\ccsv8\tools\compiler\ti-cgt-c2000_17.6.0.STS\lib\</path>
         <kind>archive</kind>
         <file>rts2800_fpu32.lib</file>
         <name>s_atanf.obj</name>
      </input_file>
      <input_file id="fl-45">
         <path>C:\CCStudio_v8\ccsv8\tools\compiler\ti-cgt-c2000_17.6.0.STS\lib\</path>
         <kind>archive</kind>
         <file>rts2800_fpu32.lib</file>
         <name>fs_div28.obj</name>
      </input_file>
      <input_file id="fl-46">
         <path>C:\CCStudio_v8\ccsv8\tools\compiler\ti-cgt-c2000_17.6.0.STS\lib\</path>
         <kind>archive</kind>
         <file>rts2800_fpu32.lib</file>
         <name>ll_aox28.obj</name>
      </input_file>
      <input_file id="fl-47">
         <path>C:\CCStudio_v8\ccsv8\tools\compiler\ti-cgt-c2000_17.6.0.STS\lib\</path>
         <kind>archive</kind>
         <file>rts2800_fpu32.lib</file>
         <name>ll_div28.obj</name>
      </input_file>
      <input_file id="fl-48">
         <path>C:\CCStudio_v8\ccsv8\tools\compiler\ti-cgt-c2000_17.6.0.STS\lib\</path>
         <kind>archive</kind>
         <file>rts2800_fpu32.lib</file>
         <name>i_div28.obj</name>
      </input_file>
      <input_file id="fl-49">
         <path>C:\CCStudio_v8\ccsv8\tools\compiler\ti-cgt-c2000_17.6.0.STS\lib\</path>
         <kind>archive</kind>
         <file>rts2800_fpu32.lib</file>
         <name>u_div28.obj</name>
      </input_file>
      <input_file id="fl-4a">
         <path>C:\CCStudio_v8\ccsv8\tools\compiler\ti-cgt-c2000_17.6.0.STS\lib\</path>
         <kind>archive</kind>
         <file>rts2800_fpu32.lib</file>
         <name>l_div28.obj</name>
      </input_file>
      <input_file id="fl-4b">
         <path>C:\CCStudio_v8\ccsv8\tools\compiler\ti-cgt-c2000_17.6.0.STS\lib\</path>
         <kind>archive</kind>
         <file>rts2800_fpu32.lib</file>
         <name>cpy_tbl.obj</name>
      </input_file>
      <input_file id="fl-4c">
         <path>C:\CCStudio_v8\ccsv8\tools\compiler\ti-cgt-c2000_17.6.0.STS\lib\</path>
         <kind>archive</kind>
         <file>rts2800_fpu32.lib</file>
         <name>memcpy.obj</name>
      </input_file>
      <input_file id="fl-4d">
         <path>C:\CCStudio_v8\ccsv8\tools\compiler\ti-cgt-c2000_17.6.0.STS\lib\</path>
         <kind>archive</kind>
         <file>rts2800_fpu32.lib</file>
         <name>exit.obj</name>
      </input_file>
      <input_file id="fl-4e">
         <path>C:\CCStudio_v8\ccsv8\tools\compiler\ti-cgt-c2000_17.6.0.STS\lib\</path>
         <kind>archive</kind>
         <file>rts2800_fpu32.lib</file>
         <name>_lock.obj</name>
      </input_file>
      <input_file id="fl-4f">
         <path>C:\CCStudio_v8\ccsv8\tools\compiler\ti-cgt-c2000_17.6.0.STS\lib\</path>
         <kind>archive</kind>
         <file>rts2800_fpu32.lib</file>
         <name>args_main.obj</name>
      </input_file>
      <input_file id="fl-50">
         <path>C:\CCStudio_v8\ccsv8\tools\compiler\ti-cgt-c2000_17.6.0.STS\lib\</path>
         <kind>archive</kind>
         <file>rts2800_fpu32.lib</file>
         <name>memset.obj</name>
      </input_file>
      <input_file id="fl-51">
         <path>C:\CCStudio_v8\ccsv8\tools\compiler\ti-cgt-c2000_17.6.0.STS\lib\</path>
         <kind>archive</kind>
         <file>rts2800_fpu32.lib</file>
         <name>strcmp.obj</name>
      </input_file>
      <input_file id="fl-52">
         <path>C:\CCStudio_v8\ccsv8\tools\compiler\ti-cgt-c2000_17.6.0.STS\lib\</path>
         <kind>archive</kind>
         <file>rts2800_fpu32.lib</file>
         <name>strlen.obj</name>
      </input_file>
      <input_file id="fl-53">
         <path>C:\CCStudio_v8\ccsv8\tools\compiler\ti-cgt-c2000_17.6.0.STS\lib\</path>
         <kind>archive</kind>
         <file>rts2800_fpu32.lib</file>
         <name>hostwrite.obj</name>
      </input_file>
      <input_file id="fl-54">
         <path>C:\CCStudio_v8\ccsv8\tools\compiler\ti-cgt-c2000_17.6.0.STS\lib\</path>
         <kind>archive</kind>
         <file>rts2800_fpu32.lib</file>
         <name>trgmsg.obj</name>
      </input_file>
      <input_file id="fl-55">
         <path>C:\CCStudio_v8\ccsv8\tools\compiler\ti-cgt-c2000_17.6.0.STS\lib\</path>
         <kind>archive</kind>
         <file>rts2800_fpu32.lib</file>
         <name>vsprintf.obj</name>
      </input_file>
      <input_file id="fl-56">
         <path>C:\CCStudio_v8\ccsv8\tools\compiler\ti-cgt-c2000_17.6.0.STS\lib\</path>
         <kind>archive</kind>
         <file>rts2800_fpu32.lib</file>
         <name>_printfi.obj</name>
      </input_file>
      <input_file id="fl-57">
         <path>C:\CCStudio_v8\ccsv8\tools\compiler\ti-cgt-c2000_17.6.0.STS\lib\</path>
         <kind>archive</kind>
         <file>rts2800_fpu32.lib</file>
         <name>atoi.obj</name>
      </input_file>
      <input_file id="fl-58">
         <path>C:\CCStudio_v8\ccsv8\tools\compiler\ti-cgt-c2000_17.6.0.STS\lib\</path>
         <kind>archive</kind>
         <file>rts2800_fpu32.lib</file>
         <name>ctype.obj</name>
      </input_file>
      <input_file id="fl-59">
         <path>C:\CCStudio_v8\ccsv8\tools\compiler\ti-cgt-c2000_17.6.0.STS\lib\</path>
         <kind>archive</kind>
         <file>rts2800_fpu32.lib</file>
         <name>ltoa.obj</name>
      </input_file>
      <input_file id="fl-5a">
         <path>C:\CCStudio_v8\ccsv8\tools\compiler\ti-cgt-c2000_17.6.0.STS\lib\</path>
         <kind>archive</kind>
         <file>rts2800_fpu32.lib</file>
         <name>memccpy.obj</name>
      </input_file>
      <input_file id="fl-5b">
         <path>C:\CCStudio_v8\ccsv8\tools\compiler\ti-cgt-c2000_17.6.0.STS\lib\</path>
         <kind>archive</kind>
         <file>rts2800_fpu32.lib</file>
         <name>strchr.obj</name>
      </input_file>
      <input_file id="fl-5c">
         <path>C:\CCStudio_v8\ccsv8\tools\compiler\ti-cgt-c2000_17.6.0.STS\lib\</path>
         <kind>archive</kind>
         <file>rts2800_fpu32.lib</file>
         <name>strcpy.obj</name>
      </input_file>
      <input_file id="fl-5d">
         <path>C:\CCStudio_v8\ccsv8\tools\compiler\ti-cgt-c2000_17.6.0.STS\lib\</path>
         <kind>archive</kind>
         <file>rts2800_fpu32.lib</file>
         <name>hostopen.obj</name>
      </input_file>
      <input_file id="fl-5e">
         <path>C:\CCStudio_v8\ccsv8\tools\compiler\ti-cgt-c2000_17.6.0.STS\lib\</path>
         <kind>archive</kind>
         <file>rts2800_fpu32.lib</file>
         <name>s_frexp.obj</name>
      </input_file>
      <input_file id="fl-5f">
         <path>C:\CCStudio_v8\ccsv8\tools\compiler\ti-cgt-c2000_17.6.0.STS\lib\</path>
         <kind>archive</kind>
         <file>rts2800_fpu32.lib</file>
         <name>s_scalbn.obj</name>
      </input_file>
      <input_file id="fl-60">
         <path>C:\CCStudio_v8\ccsv8\tools\compiler\ti-cgt-c2000_17.6.0.STS\lib\</path>
         <kind>archive</kind>
         <file>rts2800_fpu32.lib</file>
         <name>fd_add28.obj</name>
      </input_file>
      <input_file id="fl-61">
         <path>C:\CCStudio_v8\ccsv8\tools\compiler\ti-cgt-c2000_17.6.0.STS\lib\</path>
         <kind>archive</kind>
         <file>rts2800_fpu32.lib</file>
         <name>fd_cmp28.obj</name>
      </input_file>
      <input_file id="fl-62">
         <path>C:\CCStudio_v8\ccsv8\tools\compiler\ti-cgt-c2000_17.6.0.STS\lib\</path>
         <kind>archive</kind>
         <file>rts2800_fpu32.lib</file>
         <name>fd_div28.obj</name>
      </input_file>
      <input_file id="fl-63">
         <path>C:\CCStudio_v8\ccsv8\tools\compiler\ti-cgt-c2000_17.6.0.STS\lib\</path>
         <kind>archive</kind>
         <file>rts2800_fpu32.lib</file>
         <name>fd_mpy28.obj</name>
      </input_file>
      <input_file id="fl-64">
         <path>C:\CCStudio_v8\ccsv8\tools\compiler\ti-cgt-c2000_17.6.0.STS\lib\</path>
         <kind>archive</kind>
         <file>rts2800_fpu32.lib</file>
         <name>fd_neg28.obj</name>
      </input_file>
      <input_file id="fl-65">
         <path>C:\CCStudio_v8\ccsv8\tools\compiler\ti-cgt-c2000_17.6.0.STS\lib\</path>
         <kind>archive</kind>
         <file>rts2800_fpu32.lib</file>
         <name>fd_sub28.obj</name>
      </input_file>
      <input_file id="fl-66">
         <path>C:\CCStudio_v8\ccsv8\tools\compiler\ti-cgt-c2000_17.6.0.STS\lib\</path>
         <kind>archive</kind>
         <file>rts2800_fpu32.lib</file>
         <name>fd_toi28.obj</name>
      </input_file>
      <input_file id="fl-67">
         <path>C:\CCStudio_v8\ccsv8\tools\compiler\ti-cgt-c2000_17.6.0.STS\lib\</path>
         <kind>archive</kind>
         <file>rts2800_fpu32.lib</file>
         <name>fd_tol28.obj</name>
      </input_file>
      <input_file id="fl-68">
         <path>C:\CCStudio_v8\ccsv8\tools\compiler\ti-cgt-c2000_17.6.0.STS\lib\</path>
         <kind>archive</kind>
         <file>rts2800_fpu32.lib</file>
         <name>ll_cmp28.obj</name>
      </input_file>
      <input_file id="fl-69">
         <path>C:\CCStudio_v8\ccsv8\tools\compiler\ti-cgt-c2000_17.6.0.STS\lib\</path>
         <kind>archive</kind>
         <file>rts2800_fpu32.lib</file>
         <name>i_tofd28.obj</name>
      </input_file>
      <input_file id="fl-6a">
         <path>C:\CCStudio_v8\ccsv8\tools\compiler\ti-cgt-c2000_17.6.0.STS\lib\</path>
         <kind>archive</kind>
         <file>rts2800_fpu32.lib</file>
         <name>l_tofd28.obj</name>
      </input_file>
      <input_file id="fl-6b">
         <path>C:\CCStudio_v8\ccsv8\tools\compiler\ti-cgt-c2000_17.6.0.STS\lib\</path>
         <kind>archive</kind>
         <file>rts2800_fpu32.lib</file>
         <name>fs_tofdfpu32.obj</name>
      </input_file>
      <input_file id="fl-6c">
         <path>C:\CCStudio_v8\ccsv8\tools\compiler\ti-cgt-c2000_17.6.0.STS\lib\</path>
         <kind>archive</kind>
         <file>rts2800_fpu32.lib</file>
         <name>errno.obj</name>
      </input_file>
      <input_file id="fl-6d">
         <path>C:\CCStudio_v8\ccsv8\tools\compiler\ti-cgt-c2000_17.6.0.STS\lib\</path>
         <kind>archive</kind>
         <file>rts2800_fpu32.lib</file>
         <name>s_copysign.obj</name>
      </input_file>
   </input_file_list>
   <object_component_list>
      <object_component id="oc-3b8">
         <name>.text:ti_catalog_c2800_initF2837x_flashfuncs:_ti_catalog_c2800_initF2837x_Boot_initFlash</name>
         <load_address>0x8019a</load_address>
         <run_address>0xb000</run_address>
         <size>0x27</size>
         <input_file_ref idref="fl-38"/>
      </object_component>
      <object_component id="oc-144">
         <name>xdc.meta</name>
         <load_address>0x0</load_address>
         <run_address>0x0</run_address>
         <size>0xfa</size>
         <input_file_ref idref="fl-16"/>
      </object_component>
      <object_component id="oc-141">
         <name>.cinit</name>
         <load_address>0x801c1</load_address>
         <run_address>0x801c1</run_address>
         <size>0x4f1</size>
         <input_file_ref idref="fl-16"/>
      </object_component>
      <object_component id="oc-138">
         <name>.cinit</name>
         <load_address>0x806b2</load_address>
         <run_address>0x806b2</run_address>
         <size>0x34c</size>
         <input_file_ref idref="fl-14"/>
      </object_component>
      <object_component id="oc-1f0">
         <name>.cinit</name>
         <load_address>0x809fe</load_address>
         <run_address>0x809fe</run_address>
         <size>0xe</size>
         <input_file_ref idref="fl-4d"/>
      </object_component>
      <object_component id="oc-33b">
         <name>.cinit:__lock</name>
         <load_address>0x80a0c</load_address>
         <run_address>0x80a0c</run_address>
         <size>0x5</size>
         <input_file_ref idref="fl-4e"/>
      </object_component>
      <object_component id="oc-33a">
         <name>.cinit:__unlock</name>
         <load_address>0x80a11</load_address>
         <run_address>0x80a11</run_address>
         <size>0x5</size>
         <input_file_ref idref="fl-4e"/>
      </object_component>
      <object_component id="oc-290">
         <name>.cinit</name>
         <load_address>0x80a16</load_address>
         <run_address>0x80a16</run_address>
         <size>0x4</size>
         <input_file_ref idref="fl-6c"/>
      </object_component>
      <object_component id="oc-476">
         <name>.binit</name>
         <load_address>0x80a38</load_address>
         <run_address>0x80a38</run_address>
         <size>0xa</size>
      </object_component>
      <object_component id="oc-2a2">
         <name>.text</name>
         <load_address>0x88000</load_address>
         <run_address>0x88000</run_address>
         <size>0x13e5</size>
         <input_file_ref idref="fl-14"/>
      </object_component>
      <object_component id="oc-3b5">
         <name>.text:_ti_catalog_c2800_initF2837x_Boot_defaultLimpAbortFunction</name>
         <load_address>0x893e5</load_address>
         <run_address>0x893e5</run_address>
         <size>0x1</size>
         <input_file_ref idref="fl-38"/>
      </object_component>
      <object_component id="oc-371">
         <name>.text</name>
         <load_address>0x893e6</load_address>
         <run_address>0x893e6</run_address>
         <size>0xc16</size>
         <input_file_ref idref="fl-56"/>
      </object_component>
      <object_component id="oc-2c9">
         <name>.text</name>
         <load_address>0x89ffc</load_address>
         <run_address>0x89ffc</run_address>
         <size>0x2af</size>
         <input_file_ref idref="fl-12"/>
      </object_component>
      <object_component id="oc-2c5">
         <name>.text</name>
         <load_address>0x8a2ab</load_address>
         <run_address>0x8a2ab</run_address>
         <size>0x2aa</size>
         <input_file_ref idref="fl-b"/>
      </object_component>
      <object_component id="oc-452">
         <name>.text:_xdc_runtime_System_doPrint__I</name>
         <load_address>0x8a555</load_address>
         <run_address>0x8a555</run_address>
         <size>0x252</size>
         <input_file_ref idref="fl-31"/>
      </object_component>
      <object_component id="oc-2c6">
         <name>.text</name>
         <load_address>0x8a7a7</load_address>
         <run_address>0x8a7a7</run_address>
         <size>0x244</size>
         <input_file_ref idref="fl-6"/>
      </object_component>
      <object_component id="oc-34d">
         <name>.text:_ti_sysbios_knl_Semaphore_pend__E</name>
         <load_address>0x8a9eb</load_address>
         <run_address>0x8a9eb</run_address>
         <size>0x1da</size>
         <input_file_ref idref="fl-22"/>
      </object_component>
      <object_component id="oc-2be">
         <name>.text:_ti_sysbios_heaps_HeapMem_free__E</name>
         <load_address>0x8abc5</load_address>
         <run_address>0x8abc5</run_address>
         <size>0x1ba</size>
         <input_file_ref idref="fl-22"/>
      </object_component>
      <object_component id="oc-2bd">
         <name>.text:_ti_sysbios_heaps_HeapMem_alloc__E</name>
         <load_address>0x8ad7f</load_address>
         <run_address>0x8ad7f</run_address>
         <size>0x1b3</size>
         <input_file_ref idref="fl-22"/>
      </object_component>
      <object_component id="oc-2c7">
         <name>.text</name>
         <load_address>0x8af32</load_address>
         <run_address>0x8af32</run_address>
         <size>0x117</size>
         <input_file_ref idref="fl-11"/>
      </object_component>
      <object_component id="oc-468">
         <name>.text:_xdc_runtime_System_printfExtend__I</name>
         <load_address>0x8b049</load_address>
         <run_address>0x8b049</run_address>
         <size>0x10a</size>
         <input_file_ref idref="fl-16"/>
      </object_component>
      <object_component id="oc-1d1">
         <name>.text</name>
         <load_address>0x8b153</load_address>
         <run_address>0x8b153</run_address>
         <size>0x107</size>
         <input_file_ref idref="fl-47"/>
      </object_component>
      <object_component id="oc-2c8">
         <name>.text</name>
         <load_address>0x8b25a</load_address>
         <run_address>0x8b25a</run_address>
         <size>0xfd</size>
         <input_file_ref idref="fl-4"/>
      </object_component>
      <object_component id="oc-318">
         <name>.text:_ti_sysbios_heaps_HeapMem_Instance_init__E</name>
         <load_address>0x8b357</load_address>
         <run_address>0x8b357</run_address>
         <size>0xed</size>
         <input_file_ref idref="fl-22"/>
      </object_component>
      <object_component id="oc-384">
         <name>.text:_ti_sysbios_family_c28_Hwi_clearInterrupt__E</name>
         <load_address>0x8b444</load_address>
         <run_address>0x8b444</run_address>
         <size>0xe0</size>
         <input_file_ref idref="fl-22"/>
      </object_component>
      <object_component id="oc-31b">
         <name>.text</name>
         <load_address>0x8b524</load_address>
         <run_address>0x8b524</run_address>
         <size>0xdd</size>
         <input_file_ref idref="fl-2"/>
      </object_component>
      <object_component id="oc-2d8">
         <name>.text:_xdc_runtime_LoggerBuf_write8__E</name>
         <load_address>0x8b601</load_address>
         <run_address>0x8b601</run_address>
         <size>0xd2</size>
         <input_file_ref idref="fl-2e"/>
      </object_component>
      <object_component id="oc-2d0">
         <name>.text</name>
         <load_address>0x8b6d3</load_address>
         <run_address>0x8b6d3</run_address>
         <size>0xcb</size>
         <input_file_ref idref="fl-44"/>
      </object_component>
      <object_component id="oc-306">
         <name>.text:_xdc_runtime_Core_createObject__I</name>
         <load_address>0x8b79e</load_address>
         <run_address>0x8b79e</run_address>
         <size>0xc3</size>
         <input_file_ref idref="fl-28"/>
      </object_component>
      <object_component id="oc-46a">
         <name>.text:_ti_sysbios_family_c28_Hwi_dispatchCore__I</name>
         <load_address>0x8b861</load_address>
         <run_address>0x8b861</run_address>
         <size>0xc0</size>
         <input_file_ref idref="fl-22"/>
      </object_component>
      <object_component id="oc-3c6">
         <name>.text</name>
         <load_address>0x8b921</load_address>
         <run_address>0x8b921</run_address>
         <size>0xc0</size>
         <input_file_ref idref="fl-5f"/>
      </object_component>
      <object_component id="oc-34e">
         <name>.text:_ti_sysbios_knl_Semaphore_post__E</name>
         <load_address>0x8b9e1</load_address>
         <run_address>0x8b9e1</run_address>
         <size>0xb8</size>
         <input_file_ref idref="fl-22"/>
      </object_component>
      <object_component id="oc-2a9">
         <name>.text:_ti_sysbios_knl_Clock_workFunc__E</name>
         <load_address>0x8ba99</load_address>
         <run_address>0x8ba99</run_address>
         <size>0xb6</size>
         <input_file_ref idref="fl-22"/>
      </object_component>
      <object_component id="oc-3ca">
         <name>.text:_ti_sysbios_knl_Swi_run__I</name>
         <load_address>0x8bb4f</load_address>
         <run_address>0x8bb4f</run_address>
         <size>0xaf</size>
         <input_file_ref idref="fl-22"/>
      </object_component>
      <object_component id="oc-3e6">
         <name>.text:_xdc_runtime_Core_constructObject__I</name>
         <load_address>0x8bbfe</load_address>
         <run_address>0x8bbfe</run_address>
         <size>0x9c</size>
         <input_file_ref idref="fl-29"/>
      </object_component>
      <object_component id="oc-353">
         <name>.text:_xdc_runtime_Error_policyDefault__E</name>
         <load_address>0x8bc9a</load_address>
         <run_address>0x8bc9a</run_address>
         <size>0x9c</size>
         <input_file_ref idref="fl-2c"/>
      </object_component>
      <object_component id="oc-253">
         <name>.text</name>
         <load_address>0x8bd36</load_address>
         <run_address>0x8bd36</run_address>
         <size>0x9c</size>
         <input_file_ref idref="fl-60"/>
      </object_component>
      <object_component id="oc-438">
         <name>.text:_ti_sysbios_family_c28_Hwi_dispatch</name>
         <load_address>0x8bdd2</load_address>
         <run_address>0x8bdd2</run_address>
         <size>0x9b</size>
         <input_file_ref idref="fl-24"/>
      </object_component>
      <object_component id="oc-345">
         <name>.text:_ti_sysbios_BIOS_nullFunc__I</name>
         <load_address>0x8be6d</load_address>
         <run_address>0x8be6d</run_address>
         <size>0x1</size>
         <input_file_ref idref="fl-16"/>
      </object_component>
      <object_component id="oc-432">
         <name>.text</name>
         <load_address>0x8be6e</load_address>
         <run_address>0x8be6e</run_address>
         <size>0x94</size>
         <input_file_ref idref="fl-54"/>
      </object_component>
      <object_component id="oc-385">
         <name>.text:_ti_sysbios_family_c28_Hwi_enableInterrupt__E</name>
         <load_address>0x8bf02</load_address>
         <run_address>0x8bf02</run_address>
         <size>0x8e</size>
         <input_file_ref idref="fl-22"/>
      </object_component>
      <object_component id="oc-2d7">
         <name>.text:_xdc_runtime_LoggerBuf_write4__E</name>
         <load_address>0x8bf90</load_address>
         <run_address>0x8bf90</run_address>
         <size>0x8b</size>
         <input_file_ref idref="fl-2e"/>
      </object_component>
      <object_component id="oc-25d">
         <name>.text</name>
         <load_address>0x8c01b</load_address>
         <run_address>0x8c01b</run_address>
         <size>0x8b</size>
         <input_file_ref idref="fl-62"/>
      </object_component>
      <object_component id="oc-1c7">
         <name>.text</name>
         <load_address>0x8c0a6</load_address>
         <run_address>0x8c0a6</run_address>
         <size>0x88</size>
         <input_file_ref idref="fl-45"/>
      </object_component>
      <object_component id="oc-2cb">
         <name>.text</name>
         <load_address>0x8c12e</load_address>
         <run_address>0x8c12e</run_address>
         <size>0x87</size>
         <input_file_ref idref="fl-d"/>
      </object_component>
      <object_component id="oc-262">
         <name>.text</name>
         <load_address>0x8c1b5</load_address>
         <run_address>0x8c1b5</run_address>
         <size>0x83</size>
         <input_file_ref idref="fl-63"/>
      </object_component>
      <object_component id="oc-2cd">
         <name>.text</name>
         <load_address>0x8c238</load_address>
         <run_address>0x8c238</run_address>
         <size>0x82</size>
         <input_file_ref idref="fl-f"/>
      </object_component>
      <object_component id="oc-454">
         <name>.text:_ti_sysbios_family_c28_Hwi_disableInterrupt__E</name>
         <load_address>0x8c2ba</load_address>
         <run_address>0x8c2ba</run_address>
         <size>0x81</size>
         <input_file_ref idref="fl-22"/>
      </object_component>
      <object_component id="oc-3d8">
         <name>.text:_ti_sysbios_family_c28_Hwi_disablePIEIER__E</name>
         <load_address>0x8c33b</load_address>
         <run_address>0x8c33b</run_address>
         <size>0x7e</size>
         <input_file_ref idref="fl-22"/>
      </object_component>
      <object_component id="oc-3d7">
         <name>.text:_ti_sysbios_family_c28_Hwi_enablePIEIER__E</name>
         <load_address>0x8c3b9</load_address>
         <run_address>0x8c3b9</run_address>
         <size>0x7d</size>
         <input_file_ref idref="fl-22"/>
      </object_component>
      <object_component id="oc-3ba">
         <name>.text:_xdc_runtime_Startup_startMods__I</name>
         <load_address>0x8c436</load_address>
         <run_address>0x8c436</run_address>
         <size>0x7d</size>
         <input_file_ref idref="fl-30"/>
      </object_component>
      <object_component id="oc-388">
         <name>.text:_ti_sysbios_knl_Task_checkStacks__E</name>
         <load_address>0x8c4b3</load_address>
         <run_address>0x8c4b3</run_address>
         <size>0x73</size>
         <input_file_ref idref="fl-22"/>
      </object_component>
      <object_component id="oc-344">
         <name>.text:_ti_sysbios_knl_Task_startCore__E</name>
         <load_address>0x8c526</load_address>
         <run_address>0x8c526</run_address>
         <size>0x71</size>
         <input_file_ref idref="fl-22"/>
      </object_component>
      <object_component id="oc-2eb">
         <name>.text:_ti_sysbios_gates_GateMutex_enter__E</name>
         <load_address>0x8c597</load_address>
         <run_address>0x8c597</run_address>
         <size>0x70</size>
         <input_file_ref idref="fl-22"/>
      </object_component>
      <object_component id="oc-41b">
         <name>.text:_xdc_runtime_Text_putSite__E</name>
         <load_address>0x8c607</load_address>
         <run_address>0x8c607</run_address>
         <size>0x6f</size>
         <input_file_ref idref="fl-33"/>
      </object_component>
      <object_component id="oc-3cb">
         <name>.text:_ti_sysbios_knl_Task_schedule__I</name>
         <load_address>0x8c676</load_address>
         <run_address>0x8c676</run_address>
         <size>0x6e</size>
         <input_file_ref idref="fl-22"/>
      </object_component>
      <object_component id="oc-3e7">
         <name>.text:_ti_sysbios_knl_Semaphore_Instance_init__E</name>
         <load_address>0x8c6e4</load_address>
         <run_address>0x8c6e4</run_address>
         <size>0x6a</size>
         <input_file_ref idref="fl-22"/>
      </object_component>
      <object_component id="oc-2cc">
         <name>.text</name>
         <load_address>0x8c74e</load_address>
         <run_address>0x8c74e</run_address>
         <size>0x68</size>
         <input_file_ref idref="fl-10"/>
      </object_component>
      <object_component id="oc-43a">
         <name>.text:_ti_sysbios_family_c28_Timer_stopAndClear__I</name>
         <load_address>0x8c7b6</load_address>
         <run_address>0x8c7b6</run_address>
         <size>0x66</size>
         <input_file_ref idref="fl-22"/>
      </object_component>
      <object_component id="oc-79">
         <name>.text</name>
         <load_address>0x8c81c</load_address>
         <run_address>0x8c81c</run_address>
         <size>0x63</size>
         <input_file_ref idref="fl-37"/>
      </object_component>
      <object_component id="oc-2cf">
         <name>.text:_ti_sysbios_knl_Swi_post__E</name>
         <load_address>0x8c87f</load_address>
         <run_address>0x8c87f</run_address>
         <size>0x60</size>
         <input_file_ref idref="fl-22"/>
      </object_component>
      <object_component id="oc-3a1">
         <name>.text:_ti_sysbios_knl_Task_blockI__E</name>
         <load_address>0x8c8df</load_address>
         <run_address>0x8c8df</run_address>
         <size>0x60</size>
         <input_file_ref idref="fl-22"/>
      </object_component>
      <object_component id="oc-2ca">
         <name>.text</name>
         <load_address>0x8c93f</load_address>
         <run_address>0x8c93f</run_address>
         <size>0x5d</size>
         <input_file_ref idref="fl-a"/>
      </object_component>
      <object_component id="oc-3c5">
         <name>.text</name>
         <load_address>0x8c99c</load_address>
         <run_address>0x8c99c</run_address>
         <size>0x5a</size>
         <input_file_ref idref="fl-5e"/>
      </object_component>
      <object_component id="oc-444">
         <name>.text:_ti_sysbios_knl_Task_exit__E</name>
         <load_address>0x8c9f6</load_address>
         <run_address>0x8c9f6</run_address>
         <size>0x57</size>
         <input_file_ref idref="fl-22"/>
      </object_component>
      <object_component id="oc-378">
         <name>.text:_xdc_runtime_Memory_alloc__E</name>
         <load_address>0x8ca4d</load_address>
         <run_address>0x8ca4d</run_address>
         <size>0x57</size>
         <input_file_ref idref="fl-2f"/>
      </object_component>
      <object_component id="oc-3a4">
         <name>.text:_ti_sysbios_knl_Task_unblockI__E</name>
         <load_address>0x8caa4</load_address>
         <run_address>0x8caa4</run_address>
         <size>0x51</size>
         <input_file_ref idref="fl-22"/>
      </object_component>
      <object_component id="oc-46e">
         <name>.text:_xdc_runtime_Text_putLab__E</name>
         <load_address>0x8caf5</load_address>
         <run_address>0x8caf5</run_address>
         <size>0x4f</size>
         <input_file_ref idref="fl-33"/>
      </object_component>
      <object_component id="oc-42f">
         <name>.text:_ti_sysbios_knl_Task_postInit__I</name>
         <load_address>0x8cb44</load_address>
         <run_address>0x8cb44</run_address>
         <size>0x4b</size>
         <input_file_ref idref="fl-22"/>
      </object_component>
      <object_component id="oc-410">
         <name>.text:_ti_sysbios_family_c28_Hwi_Module_startup__E</name>
         <load_address>0x8cb8f</load_address>
         <run_address>0x8cb8f</run_address>
         <size>0x47</size>
         <input_file_ref idref="fl-22"/>
      </object_component>
      <object_component id="oc-308">
         <name>.text:_xdc_runtime_Core_deleteObject__I</name>
         <load_address>0x8cbd6</load_address>
         <run_address>0x8cbd6</run_address>
         <size>0x46</size>
         <input_file_ref idref="fl-28"/>
      </object_component>
      <object_component id="oc-2fd">
         <name>.text:.bootCodeSection:_ti_catalog_c2800_initF2837x_Boot_configurePllDivs</name>
         <load_address>0x8cc1c</load_address>
         <run_address>0x8cc1c</run_address>
         <size>0x45</size>
         <input_file_ref idref="fl-38"/>
      </object_component>
      <object_component id="oc-423">
         <name>.text:_ti_sysbios_family_c28_Timer_postInit__I</name>
         <load_address>0x8cc61</load_address>
         <run_address>0x8cc61</run_address>
         <size>0x43</size>
         <input_file_ref idref="fl-22"/>
      </object_component>
      <object_component id="oc-14c">
         <name>.text:_ti_sysbios_family_c28_Hwi_unPluggedInterrupt__I</name>
         <load_address>0x8cca4</load_address>
         <run_address>0x8cca4</run_address>
         <size>0x42</size>
         <input_file_ref idref="fl-22"/>
      </object_component>
      <object_component id="oc-45f">
         <name>.text:_xdc_runtime_System_formatNum__I</name>
         <load_address>0x8cce6</load_address>
         <run_address>0x8cce6</run_address>
         <size>0x3f</size>
         <input_file_ref idref="fl-31"/>
      </object_component>
      <object_component id="oc-475">
         <name>.text:_ti_sysbios_knl_Swi_restoreHwi__E</name>
         <load_address>0x8cd25</load_address>
         <run_address>0x8cd25</run_address>
         <size>0x3e</size>
         <input_file_ref idref="fl-22"/>
      </object_component>
      <object_component id="oc-433">
         <name>.text:_xdc_runtime_Text_putMod__E</name>
         <load_address>0x8cd63</load_address>
         <run_address>0x8cd63</run_address>
         <size>0x3e</size>
         <input_file_ref idref="fl-33"/>
      </object_component>
      <object_component id="oc-363">
         <name>.text:_xdc_runtime_Core_assignParams__I</name>
         <load_address>0x8cda1</load_address>
         <run_address>0x8cda1</run_address>
         <size>0x3d</size>
         <input_file_ref idref="fl-2b"/>
      </object_component>
      <object_component id="oc-2da">
         <name>.text:_xdc_runtime_LoggerBuf_getFilterLevel__E</name>
         <load_address>0x8cdde</load_address>
         <run_address>0x8cdde</run_address>
         <size>0x3d</size>
         <input_file_ref idref="fl-2e"/>
      </object_component>
      <object_component id="oc-2d9">
         <name>.text:_xdc_runtime_LoggerBuf_setFilterLevel__E</name>
         <load_address>0x8ce1b</load_address>
         <run_address>0x8ce1b</run_address>
         <size>0x3c</size>
         <input_file_ref idref="fl-2e"/>
      </object_component>
      <object_component id="oc-458">
         <name>.text:_ti_sysbios_family_c28_TaskSupport_start__E</name>
         <load_address>0x8ce57</load_address>
         <run_address>0x8ce57</run_address>
         <size>0x3a</size>
         <input_file_ref idref="fl-22"/>
      </object_component>
      <object_component id="oc-2db">
         <name>.text:_xdc_runtime_LoggerBuf_Object__create__S</name>
         <load_address>0x8ce91</load_address>
         <run_address>0x8ce91</run_address>
         <size>0x38</size>
         <input_file_ref idref="fl-16"/>
      </object_component>
      <object_component id="oc-417">
         <name>.text</name>
         <load_address>0x8cec9</load_address>
         <run_address>0x8cec9</run_address>
         <size>0x38</size>
         <input_file_ref idref="fl-53"/>
      </object_component>
      <object_component id="oc-2e7">
         <name>.text:_ti_sysbios_knl_Clock_logTick__E</name>
         <load_address>0x8cf01</load_address>
         <run_address>0x8cf01</run_address>
         <size>0x36</size>
         <input_file_ref idref="fl-22"/>
      </object_component>
      <object_component id="oc-334">
         <name>.text:_xdc_runtime_LoggerBuf_Instance_init__E</name>
         <load_address>0x8cf37</load_address>
         <run_address>0x8cf37</run_address>
         <size>0x36</size>
         <input_file_ref idref="fl-2e"/>
      </object_component>
      <object_component id="oc-33f">
         <name>.text:_ti_sysbios_BIOS_rtsUnlock__I</name>
         <load_address>0x8cf6d</load_address>
         <run_address>0x8cf6d</run_address>
         <size>0x34</size>
         <input_file_ref idref="fl-16"/>
      </object_component>
      <object_component id="oc-415">
         <name>.text:_ti_sysbios_knl_Task_Module_startup__E</name>
         <load_address>0x8cfa1</load_address>
         <run_address>0x8cfa1</run_address>
         <size>0x32</size>
         <input_file_ref idref="fl-22"/>
      </object_component>
      <object_component id="oc-30f">
         <name>.text:_xdc_runtime_Assert_raise__I</name>
         <load_address>0x8cfd3</load_address>
         <run_address>0x8cfd3</run_address>
         <size>0x32</size>
         <input_file_ref idref="fl-27"/>
      </object_component>
      <object_component id="oc-467">
         <name>.text:_xdc_runtime_Text_visitRope2__I</name>
         <load_address>0x8d005</load_address>
         <run_address>0x8d005</run_address>
         <size>0x32</size>
         <input_file_ref idref="fl-33"/>
      </object_component>
      <object_component id="oc-29a">
         <name>.text:_xdc_runtime_Startup_exec__E</name>
         <load_address>0x8d037</load_address>
         <run_address>0x8d037</run_address>
         <size>0x31</size>
         <input_file_ref idref="fl-30"/>
      </object_component>
      <object_component id="oc-3c3">
         <name>.text</name>
         <load_address>0x8d068</load_address>
         <run_address>0x8d068</run_address>
         <size>0x31</size>
         <input_file_ref idref="fl-57"/>
      </object_component>
      <object_component id="oc-3aa">
         <name>.text:_xdc_runtime_Error_setX__E</name>
         <load_address>0x8d099</load_address>
         <run_address>0x8d099</run_address>
         <size>0x30</size>
         <input_file_ref idref="fl-2c"/>
      </object_component>
      <object_component id="oc-319">
         <name>.text</name>
         <load_address>0x8d0c9</load_address>
         <run_address>0x8d0c9</run_address>
         <size>0x30</size>
         <input_file_ref idref="fl-55"/>
      </object_component>
      <object_component id="oc-373">
         <name>.text:_ti_sysbios_knl_Swi_runLoop__I</name>
         <load_address>0x8d0f9</load_address>
         <run_address>0x8d0f9</run_address>
         <size>0x2e</size>
         <input_file_ref idref="fl-22"/>
      </object_component>
      <object_component id="oc-324">
         <name>.text:_ti_sysbios_knl_Swi_schedule__I</name>
         <load_address>0x8d127</load_address>
         <run_address>0x8d127</run_address>
         <size>0x2e</size>
         <input_file_ref idref="fl-22"/>
      </object_component>
      <object_component id="oc-40b">
         <name>.text:_xdc_runtime_Error_print__E</name>
         <load_address>0x8d155</load_address>
         <run_address>0x8d155</run_address>
         <size>0x2e</size>
         <input_file_ref idref="fl-2c"/>
      </object_component>
      <object_component id="oc-3c4">
         <name>.text</name>
         <load_address>0x8d183</load_address>
         <run_address>0x8d183</run_address>
         <size>0x2e</size>
         <input_file_ref idref="fl-59"/>
      </object_component>
      <object_component id="oc-3ee">
         <name>.text:_ti_sysbios_family_c28_Hwi_getStackInfo__E</name>
         <load_address>0x8d1b1</load_address>
         <run_address>0x8d1b1</run_address>
         <size>0x2d</size>
         <input_file_ref idref="fl-22"/>
      </object_component>
      <object_component id="oc-2c0">
         <name>.text:_ti_sysbios_heaps_HeapMem_getStats__E</name>
         <load_address>0x8d1de</load_address>
         <run_address>0x8d1de</run_address>
         <size>0x2d</size>
         <input_file_ref idref="fl-22"/>
      </object_component>
      <object_component id="oc-341">
         <name>.text:_ti_sysbios_family_c28_Timer_start__E</name>
         <load_address>0x8d20b</load_address>
         <run_address>0x8d20b</run_address>
         <size>0x2c</size>
         <input_file_ref idref="fl-22"/>
      </object_component>
      <object_component id="oc-413">
         <name>.text:_ti_sysbios_knl_Mailbox_Module_startup__E</name>
         <load_address>0x8d237</load_address>
         <run_address>0x8d237</run_address>
         <size>0x2b</size>
         <input_file_ref idref="fl-22"/>
      </object_component>
      <object_component id="oc-258">
         <name>.text</name>
         <load_address>0x8d262</load_address>
         <run_address>0x8d262</run_address>
         <size>0x2a</size>
         <input_file_ref idref="fl-61"/>
      </object_component>
      <object_component id="oc-1e0">
         <name>.text</name>
         <load_address>0x8d28c</load_address>
         <run_address>0x8d28c</run_address>
         <size>0x2a</size>
         <input_file_ref idref="fl-4a"/>
      </object_component>
      <object_component id="oc-3bd">
         <name>.text:_xdc_runtime_SysMin_flush__E</name>
         <load_address>0x8d2b6</load_address>
         <run_address>0x8d2b6</run_address>
         <size>0x29</size>
         <input_file_ref idref="fl-32"/>
      </object_component>
      <object_component id="oc-434">
         <name>.text:_xdc_runtime_Text_xprintf__I</name>
         <load_address>0x8d2df</load_address>
         <run_address>0x8d2df</run_address>
         <size>0x29</size>
         <input_file_ref idref="fl-33"/>
      </object_component>
      <object_component id="oc-35c">
         <name>.text</name>
         <load_address>0x8d308</load_address>
         <run_address>0x8d308</run_address>
         <size>0x29</size>
         <input_file_ref idref="fl-4d"/>
      </object_component>
      <object_component id="oc-355">
         <name>.text:_ti_sysbios_heaps_HeapMem_init__I</name>
         <load_address>0x8d331</load_address>
         <run_address>0x8d331</run_address>
         <size>0x27</size>
         <input_file_ref idref="fl-22"/>
      </object_component>
      <object_component id="oc-466">
         <name>.text:_ti_sysbios_family_c28_TaskSupport_buildTaskStack</name>
         <load_address>0x8d358</load_address>
         <run_address>0x8d358</run_address>
         <size>0x25</size>
         <input_file_ref idref="fl-26"/>
      </object_component>
      <object_component id="oc-2b3">
         <name>.text:_xdc_runtime_System_processAtExit__E</name>
         <load_address>0x8d37d</load_address>
         <run_address>0x8d37d</run_address>
         <size>0x24</size>
         <input_file_ref idref="fl-31"/>
      </object_component>
      <object_component id="oc-299">
         <name>.text</name>
         <load_address>0x8d3a1</load_address>
         <run_address>0x8d3a1</run_address>
         <size>0x24</size>
         <input_file_ref idref="fl-4b"/>
      </object_component>
      <object_component id="oc-3f5">
         <name>.text</name>
         <load_address>0x8d3c5</load_address>
         <run_address>0x8d3c5</run_address>
         <size>0x24</size>
         <input_file_ref idref="fl-6d"/>
      </object_component>
      <object_component id="oc-1d6">
         <name>.text</name>
         <load_address>0x8d3e9</load_address>
         <run_address>0x8d3e9</run_address>
         <size>0x22</size>
         <input_file_ref idref="fl-48"/>
      </object_component>
      <object_component id="oc-387">
         <name>.text:_ti_sysbios_knl_Task_allBlockedFunction__I</name>
         <load_address>0x8d40b</load_address>
         <run_address>0x8d40b</run_address>
         <size>0x21</size>
         <input_file_ref idref="fl-22"/>
      </object_component>
      <object_component id="oc-32a">
         <name>.text:_xdc_runtime_LoggerBuf_filterOutEvent__I</name>
         <load_address>0x8d42c</load_address>
         <run_address>0x8d42c</run_address>
         <size>0x21</size>
         <input_file_ref idref="fl-2e"/>
      </object_component>
      <object_component id="oc-2df">
         <name>.text:_xdc_runtime_System_atexit__E</name>
         <load_address>0x8d44d</load_address>
         <run_address>0x8d44d</run_address>
         <size>0x21</size>
         <input_file_ref idref="fl-31"/>
      </object_component>
      <object_component id="oc-271">
         <name>.text</name>
         <load_address>0x8d46e</load_address>
         <run_address>0x8d46e</run_address>
         <size>0x21</size>
         <input_file_ref idref="fl-66"/>
      </object_component>
      <object_component id="oc-43c">
         <name>.text:_ti_sysbios_family_c28_Timer_setPrescale__E</name>
         <load_address>0x8d48f</load_address>
         <run_address>0x8d48f</run_address>
         <size>0x20</size>
         <input_file_ref idref="fl-22"/>
      </object_component>
      <object_component id="oc-2b9">
         <name>.text:_ti_sysbios_gates_GateHwi_Object__create__S</name>
         <load_address>0x8d4af</load_address>
         <run_address>0x8d4af</run_address>
         <size>0x1f</size>
         <input_file_ref idref="fl-16"/>
      </object_component>
      <object_component id="oc-2ed">
         <name>.text:_ti_sysbios_gates_GateMutex_Object__create__S</name>
         <load_address>0x8d4ce</load_address>
         <run_address>0x8d4ce</run_address>
         <size>0x1f</size>
         <input_file_ref idref="fl-16"/>
      </object_component>
      <object_component id="oc-2c1">
         <name>.text:_ti_sysbios_heaps_HeapMem_Object__create__S</name>
         <load_address>0x8d4ed</load_address>
         <run_address>0x8d4ed</run_address>
         <size>0x1f</size>
         <input_file_ref idref="fl-16"/>
      </object_component>
      <object_component id="oc-276">
         <name>.text</name>
         <load_address>0x8d50c</load_address>
         <run_address>0x8d50c</run_address>
         <size>0x1f</size>
         <input_file_ref idref="fl-67"/>
      </object_component>
      <object_component id="oc-40c">
         <name>.text:_xdc_runtime_SysMin_putch__E</name>
         <load_address>0x8d52b</load_address>
         <run_address>0x8d52b</run_address>
         <size>0x1e</size>
         <input_file_ref idref="fl-32"/>
      </object_component>
      <object_component id="oc-27b">
         <name>.text</name>
         <load_address>0x8d549</load_address>
         <run_address>0x8d549</run_address>
         <size>0x1e</size>
         <input_file_ref idref="fl-68"/>
      </object_component>
      <object_component id="oc-2af">
         <name>.text</name>
         <load_address>0x8d567</load_address>
         <run_address>0x8d567</run_address>
         <size>0x1e</size>
         <input_file_ref idref="fl-4c"/>
      </object_component>
      <object_component id="oc-3e0">
         <name>.text:_ti_sysbios_family_c28_TaskSupport_swap__E</name>
         <load_address>0x8d585</load_address>
         <run_address>0x8d585</run_address>
         <size>0x1d</size>
         <input_file_ref idref="fl-26"/>
      </object_component>
      <object_component id="oc-280">
         <name>.text</name>
         <load_address>0x8d5a2</load_address>
         <run_address>0x8d5a2</run_address>
         <size>0x1d</size>
         <input_file_ref idref="fl-69"/>
      </object_component>
      <object_component id="oc-3e9">
         <name>.text:_ti_sysbios_hal_Hwi_checkStack</name>
         <load_address>0x8d5bf</load_address>
         <run_address>0x8d5bf</run_address>
         <size>0x1c</size>
         <input_file_ref idref="fl-22"/>
      </object_component>
      <object_component id="oc-28a">
         <name>.text</name>
         <load_address>0x8d5db</load_address>
         <run_address>0x8d5db</run_address>
         <size>0x1c</size>
         <input_file_ref idref="fl-6b"/>
      </object_component>
      <object_component id="oc-285">
         <name>.text</name>
         <load_address>0x8d5f7</load_address>
         <run_address>0x8d5f7</run_address>
         <size>0x1c</size>
         <input_file_ref idref="fl-6a"/>
      </object_component>
      <object_component id="oc-461">
         <name>.text:_ti_sysbios_family_c28_Hwi_switchAndDispatch__I</name>
         <load_address>0x8d613</load_address>
         <run_address>0x8d613</run_address>
         <size>0x1b</size>
         <input_file_ref idref="fl-23"/>
      </object_component>
      <object_component id="oc-357">
         <name>.text:_ti_sysbios_hal_Hwi_initStack</name>
         <load_address>0x8d62e</load_address>
         <run_address>0x8d62e</run_address>
         <size>0x1b</size>
         <input_file_ref idref="fl-22"/>
      </object_component>
      <object_component id="oc-3a7">
         <name>.text:_ti_sysbios_knl_Semaphore_construct</name>
         <load_address>0x8d649</load_address>
         <run_address>0x8d649</run_address>
         <size>0x1b</size>
         <input_file_ref idref="fl-16"/>
      </object_component>
      <object_component id="oc-457">
         <name>.text:_ti_sysbios_knl_Task_processVitalTaskFlag__I</name>
         <load_address>0x8d664</load_address>
         <run_address>0x8d664</run_address>
         <size>0x1b</size>
         <input_file_ref idref="fl-22"/>
      </object_component>
      <object_component id="oc-407">
         <name>.text:_xdc_runtime_SysMin_output__I</name>
         <load_address>0x8d67f</load_address>
         <run_address>0x8d67f</run_address>
         <size>0x1b</size>
         <input_file_ref idref="fl-16"/>
      </object_component>
      <object_component id="oc-39c">
         <name>.text:_ti_sysbios_knl_Clock_addI__E</name>
         <load_address>0x8d69a</load_address>
         <run_address>0x8d69a</run_address>
         <size>0x1a</size>
         <input_file_ref idref="fl-22"/>
      </object_component>
      <object_component id="oc-309">
         <name>.text:_xdc_runtime_Core_assignLabel__I</name>
         <load_address>0x8d6b4</load_address>
         <run_address>0x8d6b4</run_address>
         <size>0x1a</size>
         <input_file_ref idref="fl-2a"/>
      </object_component>
      <object_component id="oc-435">
         <name>.text:_xdc_runtime_System_avprintf__E</name>
         <load_address>0x8d6ce</load_address>
         <run_address>0x8d6ce</run_address>
         <size>0x1a</size>
         <input_file_ref idref="fl-31"/>
      </object_component>
      <object_component id="oc-460">
         <name>.text:_xdc_runtime_System_putchar__I</name>
         <load_address>0x8d6e8</load_address>
         <run_address>0x8d6e8</run_address>
         <size>0x1a</size>
         <input_file_ref idref="fl-31"/>
      </object_component>
      <object_component id="oc-422">
         <name>.text:_ti_sysbios_family_c28_Hwi_Object__get__S</name>
         <load_address>0x8d702</load_address>
         <run_address>0x8d702</run_address>
         <size>0x19</size>
         <input_file_ref idref="fl-16"/>
      </object_component>
      <object_component id="oc-429">
         <name>.text:_ti_sysbios_knl_Mailbox_postInit__I</name>
         <load_address>0x8d71b</load_address>
         <run_address>0x8d71b</run_address>
         <size>0x19</size>
         <input_file_ref idref="fl-22"/>
      </object_component>
      <object_component id="oc-447">
         <name>.text:_ti_sysbios_knl_Queue_Object__get__S</name>
         <load_address>0x8d734</load_address>
         <run_address>0x8d734</run_address>
         <size>0x19</size>
         <input_file_ref idref="fl-16"/>
      </object_component>
      <object_component id="oc-3fe">
         <name>.text:_ti_sysbios_knl_Queue_construct</name>
         <load_address>0x8d74d</load_address>
         <run_address>0x8d74d</run_address>
         <size>0x19</size>
         <input_file_ref idref="fl-16"/>
      </object_component>
      <object_component id="oc-39b">
         <name>.text:_ti_sysbios_knl_Semaphore_pendTimeout__I</name>
         <load_address>0x8d766</load_address>
         <run_address>0x8d766</run_address>
         <size>0x19</size>
         <input_file_ref idref="fl-22"/>
      </object_component>
      <object_component id="oc-343">
         <name>.text:_ti_sysbios_knl_Swi_restore__E</name>
         <load_address>0x8d77f</load_address>
         <run_address>0x8d77f</run_address>
         <size>0x19</size>
         <input_file_ref idref="fl-22"/>
      </object_component>
      <object_component id="oc-436">
         <name>.text:_xdc_runtime_System_vprintf__E</name>
         <load_address>0x8d798</load_address>
         <run_address>0x8d798</run_address>
         <size>0x19</size>
         <input_file_ref idref="fl-31"/>
      </object_component>
      <object_component id="oc-44f">
         <name>.text:_xdc_runtime_Text_printVisFxn__I</name>
         <load_address>0x8d7b1</load_address>
         <run_address>0x8d7b1</run_address>
         <size>0x19</size>
         <input_file_ref idref="fl-33"/>
      </object_component>
      <object_component id="oc-29b">
         <name>.text</name>
         <load_address>0x8d7ca</load_address>
         <run_address>0x8d7ca</run_address>
         <size>0x19</size>
         <input_file_ref idref="fl-4f"/>
      </object_component>
      <object_component id="oc-374">
         <name>.text:_ti_sysbios_family_xxx_Hwi_switchAndRunFunc</name>
         <load_address>0x8d7e3</load_address>
         <run_address>0x8d7e3</run_address>
         <size>0x18</size>
         <input_file_ref idref="fl-23"/>
      </object_component>
      <object_component id="oc-40d">
         <name>.text:_xdc_runtime_LoggerBuf_Module_startup__E</name>
         <load_address>0x8d7fb</load_address>
         <run_address>0x8d7fb</run_address>
         <size>0x18</size>
         <input_file_ref idref="fl-2e"/>
      </object_component>
      <object_component id="oc-379">
         <name>.text:_xdc_runtime_LoggerBuf_reset__E</name>
         <load_address>0x8d813</load_address>
         <run_address>0x8d813</run_address>
         <size>0x18</size>
         <input_file_ref idref="fl-2e"/>
      </object_component>
      <object_component id="oc-1cc">
         <name>.text</name>
         <load_address>0x8d82b</load_address>
         <run_address>0x8d82b</run_address>
         <size>0x18</size>
         <input_file_ref idref="fl-46"/>
      </object_component>
      <object_component id="oc-2de">
         <name>.text:_ti_sysbios_BIOS_atExitFunc__I</name>
         <load_address>0x8d843</load_address>
         <run_address>0x8d843</run_address>
         <size>0x17</size>
         <input_file_ref idref="fl-16"/>
      </object_component>
      <object_component id="oc-2e1">
         <name>.text:_ti_sysbios_family_c28_Timer_startup__E</name>
         <load_address>0x8d85a</load_address>
         <run_address>0x8d85a</run_address>
         <size>0x17</size>
         <input_file_ref idref="fl-22"/>
      </object_component>
      <object_component id="oc-3b7">
         <name>.text:_ti_sysbios_heaps_HeapMem_Object__get__S</name>
         <load_address>0x8d871</load_address>
         <run_address>0x8d871</run_address>
         <size>0x17</size>
         <input_file_ref idref="fl-16"/>
      </object_component>
      <object_component id="oc-2a6">
         <name>.text:_ti_sysbios_knl_Clock_doTick__I</name>
         <load_address>0x8d888</load_address>
         <run_address>0x8d888</run_address>
         <size>0x17</size>
         <input_file_ref idref="fl-16"/>
      </object_component>
      <object_component id="oc-427">
         <name>.text:_ti_sysbios_knl_Mailbox_Object__get__S</name>
         <load_address>0x8d89f</load_address>
         <run_address>0x8d89f</run_address>
         <size>0x17</size>
         <input_file_ref idref="fl-16"/>
      </object_component>
      <object_component id="oc-42b">
         <name>.text:_ti_sysbios_knl_Swi_Object__get__S</name>
         <load_address>0x8d8b6</load_address>
         <run_address>0x8d8b6</run_address>
         <size>0x17</size>
         <input_file_ref idref="fl-16"/>
      </object_component>
      <object_component id="oc-42e">
         <name>.text:_ti_sysbios_knl_Task_Object__get__S</name>
         <load_address>0x8d8cd</load_address>
         <run_address>0x8d8cd</run_address>
         <size>0x17</size>
         <input_file_ref idref="fl-16"/>
      </object_component>
      <object_component id="oc-41f">
         <name>.text:_xdc_runtime_LoggerBuf_Object__get__S</name>
         <load_address>0x8d8e4</load_address>
         <run_address>0x8d8e4</run_address>
         <size>0x17</size>
         <input_file_ref idref="fl-16"/>
      </object_component>
      <object_component id="oc-3be">
         <name>.text:_xdc_runtime_Memory_valloc__E</name>
         <load_address>0x8d8fb</load_address>
         <run_address>0x8d8fb</run_address>
         <size>0x17</size>
         <input_file_ref idref="fl-2f"/>
      </object_component>
      <object_component id="oc-411">
         <name>.text:_ti_sysbios_family_c28_Timer_Module_startup__E</name>
         <load_address>0x8d912</load_address>
         <run_address>0x8d912</run_address>
         <size>0x16</size>
         <input_file_ref idref="fl-22"/>
      </object_component>
      <object_component id="oc-375">
         <name>.text:_ti_sysbios_knl_Task_restore__E</name>
         <load_address>0x8d928</load_address>
         <run_address>0x8d928</run_address>
         <size>0x16</size>
         <input_file_ref idref="fl-22"/>
      </object_component>
      <object_component id="oc-403">
         <name>.text:_xdc_runtime_SysMin_abort__E</name>
         <load_address>0x8d93e</load_address>
         <run_address>0x8d93e</run_address>
         <size>0x16</size>
         <input_file_ref idref="fl-32"/>
      </object_component>
      <object_component id="oc-414">
         <name>.text:_ti_sysbios_knl_Swi_Module_startup__E</name>
         <load_address>0x8d954</load_address>
         <run_address>0x8d954</run_address>
         <size>0x15</size>
         <input_file_ref idref="fl-22"/>
      </object_component>
      <object_component id="oc-2f0">
         <name>.text:_ti_sysbios_knl_Idle_run__E</name>
         <load_address>0x8d969</load_address>
         <run_address>0x8d969</run_address>
         <size>0x14</size>
         <input_file_ref idref="fl-22"/>
      </object_component>
      <object_component id="oc-3ea">
         <name>.text:_ti_sysbios_BIOS_errorRaiseHook__I</name>
         <load_address>0x8d97d</load_address>
         <run_address>0x8d97d</run_address>
         <size>0x13</size>
         <input_file_ref idref="fl-16"/>
      </object_component>
      <object_component id="oc-2ee">
         <name>.text:_ti_sysbios_gates_GateMutex_Object__delete__S</name>
         <load_address>0x8d990</load_address>
         <run_address>0x8d990</run_address>
         <size>0x13</size>
         <input_file_ref idref="fl-16"/>
      </object_component>
      <object_component id="oc-2ad">
         <name>.text:_xdc_runtime_Error_raiseX__E</name>
         <load_address>0x8d9a3</load_address>
         <run_address>0x8d9a3</run_address>
         <size>0x13</size>
         <input_file_ref idref="fl-2c"/>
      </object_component>
      <object_component id="oc-367">
         <name>.text:_xdc_runtime_Text_cordText__E</name>
         <load_address>0x8d9b6</load_address>
         <run_address>0x8d9b6</run_address>
         <size>0x13</size>
         <input_file_ref idref="fl-33"/>
      </object_component>
      <object_component id="oc-463">
         <name>.text:_ti_sysbios_family_c28_Hwi_disableIER__E</name>
         <load_address>0x8d9c9</load_address>
         <run_address>0x8d9c9</run_address>
         <size>0x12</size>
         <input_file_ref idref="fl-16"/>
      </object_component>
      <object_component id="oc-2ba">
         <name>.text:_ti_sysbios_gates_GateHwi_Object__delete__S</name>
         <load_address>0x8d9db</load_address>
         <run_address>0x8d9db</run_address>
         <size>0x12</size>
         <input_file_ref idref="fl-16"/>
      </object_component>
      <object_component id="oc-2c2">
         <name>.text:_ti_sysbios_heaps_HeapMem_Object__delete__S</name>
         <load_address>0x8d9ed</load_address>
         <run_address>0x8d9ed</run_address>
         <size>0x12</size>
         <input_file_ref idref="fl-16"/>
      </object_component>
      <object_component id="oc-412">
         <name>.text:_ti_sysbios_knl_Clock_Module_startup__E</name>
         <load_address>0x8d9ff</load_address>
         <run_address>0x8d9ff</run_address>
         <size>0x12</size>
         <input_file_ref idref="fl-22"/>
      </object_component>
      <object_component id="oc-2dc">
         <name>.text:_xdc_runtime_LoggerBuf_Object__delete__S</name>
         <load_address>0x8da11</load_address>
         <run_address>0x8da11</run_address>
         <size>0x12</size>
         <input_file_ref idref="fl-16"/>
      </object_component>
      <object_component id="oc-2bb">
         <name>.text:_ti_sysbios_gates_GateHwi_Handle__label__S</name>
         <load_address>0x8da23</load_address>
         <run_address>0x8da23</run_address>
         <size>0x11</size>
         <input_file_ref idref="fl-16"/>
      </object_component>
      <object_component id="oc-2ef">
         <name>.text:_ti_sysbios_gates_GateMutex_Handle__label__S</name>
         <load_address>0x8da34</load_address>
         <run_address>0x8da34</run_address>
         <size>0x11</size>
         <input_file_ref idref="fl-16"/>
      </object_component>
      <object_component id="oc-2c3">
         <name>.text:_ti_sysbios_heaps_HeapMem_Handle__label__S</name>
         <load_address>0x8da45</load_address>
         <run_address>0x8da45</run_address>
         <size>0x11</size>
         <input_file_ref idref="fl-16"/>
      </object_component>
      <object_component id="oc-2dd">
         <name>.text:_xdc_runtime_LoggerBuf_Handle__label__S</name>
         <load_address>0x8da56</load_address>
         <run_address>0x8da56</run_address>
         <size>0x11</size>
         <input_file_ref idref="fl-16"/>
      </object_component>
      <object_component id="oc-33e">
         <name>.text:_ti_sysbios_BIOS_rtsLock__I</name>
         <load_address>0x8da67</load_address>
         <run_address>0x8da67</run_address>
         <size>0x10</size>
         <input_file_ref idref="fl-16"/>
      </object_component>
      <object_component id="oc-3d5">
         <name>.text:_ti_sysbios_family_c28_Hwi_enableIER__E</name>
         <load_address>0x8da77</load_address>
         <run_address>0x8da77</run_address>
         <size>0x10</size>
         <input_file_ref idref="fl-16"/>
      </object_component>
      <object_component id="oc-43b">
         <name>.text:_ti_sysbios_family_c28_Timer_stop__E</name>
         <load_address>0x8da87</load_address>
         <run_address>0x8da87</run_address>
         <size>0x10</size>
         <input_file_ref idref="fl-22"/>
      </object_component>
      <object_component id="oc-462">
         <name>.text:_ti_sysbios_knl_Task_restoreHwi__E</name>
         <load_address>0x8da97</load_address>
         <run_address>0x8da97</run_address>
         <size>0x10</size>
         <input_file_ref idref="fl-22"/>
      </object_component>
      <object_component id="oc-40f">
         <name>.text:_xdc_runtime_SysMin_Module_startup__E</name>
         <load_address>0x8daa7</load_address>
         <run_address>0x8daa7</run_address>
         <size>0x10</size>
         <input_file_ref idref="fl-32"/>
      </object_component>
      <object_component id="oc-2a4">
         <name>.text:_ti_sysbios_BIOS_startFunc__I</name>
         <load_address>0x8dab7</load_address>
         <run_address>0x8dab7</run_address>
         <size>0xf</size>
         <input_file_ref idref="fl-16"/>
      </object_component>
      <object_component id="oc-350">
         <name>.text:_ti_sysbios_gates_GateMutex_Instance_init__E</name>
         <load_address>0x8dac6</load_address>
         <run_address>0x8dac6</run_address>
         <size>0xf</size>
         <input_file_ref idref="fl-22"/>
      </object_component>
      <object_component id="oc-3e8">
         <name>.text:_ti_sysbios_knl_Semaphore_Object__destruct__S</name>
         <load_address>0x8dad5</load_address>
         <run_address>0x8dad5</run_address>
         <size>0xf</size>
         <input_file_ref idref="fl-16"/>
      </object_component>
      <object_component id="oc-2d6">
         <name>.text:_xdc_runtime_LoggerBuf_write2__E</name>
         <load_address>0x8dae4</load_address>
         <run_address>0x8dae4</run_address>
         <size>0xf</size>
         <input_file_ref idref="fl-2e"/>
      </object_component>
      <object_component id="oc-44d">
         <name>.text:_xdc_runtime_Registry_findById__E</name>
         <load_address>0x8daf3</load_address>
         <run_address>0x8daf3</run_address>
         <size>0xf</size>
         <input_file_ref idref="fl-36"/>
      </object_component>
      <object_component id="oc-45c">
         <name>.text:_xdc_runtime_Text_visitRope__I</name>
         <load_address>0x8db02</load_address>
         <run_address>0x8db02</run_address>
         <size>0xf</size>
         <input_file_ref idref="fl-16"/>
      </object_component>
      <object_component id="oc-376">
         <name>.text:_ti_sysbios_family_c28_f2837x_TimestampProvider_get64__E</name>
         <load_address>0x8db11</load_address>
         <run_address>0x8db11</run_address>
         <size>0xe</size>
         <input_file_ref idref="fl-22"/>
      </object_component>
      <object_component id="oc-419">
         <name>.text:_ti_sysbios_knl_Queue_Object__destruct__S</name>
         <load_address>0x8db1f</load_address>
         <run_address>0x8db1f</run_address>
         <size>0xe</size>
         <input_file_ref idref="fl-16"/>
      </object_component>
      <object_component id="oc-3f9">
         <name>.text:_xdc_runtime_IHeap_alloc</name>
         <load_address>0x8db2d</load_address>
         <run_address>0x8db2d</run_address>
         <size>0xe</size>
         <input_file_ref idref="fl-16"/>
      </object_component>
      <object_component id="oc-26c">
         <name>.text</name>
         <load_address>0x8db3b</load_address>
         <run_address>0x8db3b</run_address>
         <size>0xe</size>
         <input_file_ref idref="fl-65"/>
      </object_component>
      <object_component id="oc-2e0">
         <name>.text:_ti_sysbios_BIOS_registerRTSLock__I</name>
         <load_address>0x8db49</load_address>
         <run_address>0x8db49</run_address>
         <size>0xd</size>
         <input_file_ref idref="fl-16"/>
      </object_component>
      <object_component id="oc-2e5">
         <name>.text:_ti_sysbios_BIOS_removeRTSLock__I</name>
         <load_address>0x8db56</load_address>
         <run_address>0x8db56</run_address>
         <size>0xd</size>
         <input_file_ref idref="fl-16"/>
      </object_component>
      <object_component id="oc-453">
         <name>.text:_ti_sysbios_family_c28_Hwi_dispatchC__I</name>
         <load_address>0x8db63</load_address>
         <run_address>0x8db63</run_address>
         <size>0xd</size>
         <input_file_ref idref="fl-22"/>
      </object_component>
      <object_component id="oc-3d9">
         <name>.text:_ti_sysbios_family_c28_Hwi_restoreIER__E</name>
         <load_address>0x8db70</load_address>
         <run_address>0x8db70</run_address>
         <size>0xd</size>
         <input_file_ref idref="fl-16"/>
      </object_component>
      <object_component id="oc-446">
         <name>.text:_ti_sysbios_knl_Task_SupportProxy_start__E</name>
         <load_address>0x8db7d</load_address>
         <run_address>0x8db7d</run_address>
         <size>0xd</size>
         <input_file_ref idref="fl-16"/>
      </object_component>
      <object_component id="oc-445">
         <name>.text:_ti_sysbios_knl_Task_enter__I</name>
         <load_address>0x8db8a</load_address>
         <run_address>0x8db8a</run_address>
         <size>0xd</size>
         <input_file_ref idref="fl-22"/>
      </object_component>
      <object_component id="oc-2d4">
         <name>.text:_xdc_runtime_LoggerBuf_write0__E</name>
         <load_address>0x8db97</load_address>
         <run_address>0x8db97</run_address>
         <size>0xd</size>
         <input_file_ref idref="fl-2e"/>
      </object_component>
      <object_component id="oc-2d5">
         <name>.text:_xdc_runtime_LoggerBuf_write1__E</name>
         <load_address>0x8dba4</load_address>
         <run_address>0x8dba4</run_address>
         <size>0xd</size>
         <input_file_ref idref="fl-2e"/>
      </object_component>
      <object_component id="oc-3cd">
         <name>.text:_xdc_runtime_Memory_HeapProxy_alloc__E</name>
         <load_address>0x8dbb1</load_address>
         <run_address>0x8dbb1</run_address>
         <size>0xd</size>
         <input_file_ref idref="fl-16"/>
      </object_component>
      <object_component id="oc-3b4">
         <name>.text:_xdc_runtime_System_abort__E</name>
         <load_address>0x8dbbe</load_address>
         <run_address>0x8dbbe</run_address>
         <size>0xd</size>
         <input_file_ref idref="fl-31"/>
      </object_component>
      <object_component id="oc-3c9">
         <name>.text</name>
         <load_address>0x8dbcb</load_address>
         <run_address>0x8dbcb</run_address>
         <size>0xd</size>
         <input_file_ref idref="fl-5a"/>
      </object_component>
      <object_component id="oc-2a5">
         <name>.text:_ti_sysbios_BIOS_exitFunc__I</name>
         <load_address>0x8dbd8</load_address>
         <run_address>0x8dbd8</run_address>
         <size>0xc</size>
         <input_file_ref idref="fl-16"/>
      </object_component>
      <object_component id="oc-2ec">
         <name>.text:_ti_sysbios_gates_GateMutex_leave__E</name>
         <load_address>0x8dbe4</load_address>
         <run_address>0x8dbe4</run_address>
         <size>0xc</size>
         <input_file_ref idref="fl-22"/>
      </object_component>
      <object_component id="oc-3e1">
         <name>.text:_ti_sysbios_knl_Queue_put__E</name>
         <load_address>0x8dbf0</load_address>
         <run_address>0x8dbf0</run_address>
         <size>0xc</size>
         <input_file_ref idref="fl-22"/>
      </object_component>
      <object_component id="oc-3a0">
         <name>.text:_ti_sysbios_knl_Task_enabled__E</name>
         <load_address>0x8dbfc</load_address>
         <run_address>0x8dbfc</run_address>
         <size>0xc</size>
         <input_file_ref idref="fl-22"/>
      </object_component>
      <object_component id="oc-335">
         <name>.text:_xdc_runtime_Error_check__E</name>
         <load_address>0x8dc08</load_address>
         <run_address>0x8dc08</run_address>
         <size>0xc</size>
         <input_file_ref idref="fl-2c"/>
      </object_component>
      <object_component id="oc-41c">
         <name>.text:_xdc_runtime_System_aprintf__E</name>
         <load_address>0x8dc14</load_address>
         <run_address>0x8dc14</run_address>
         <size>0xc</size>
         <input_file_ref idref="fl-16"/>
      </object_component>
      <object_component id="oc-41d">
         <name>.text:_xdc_runtime_System_printf__E</name>
         <load_address>0x8dc20</load_address>
         <run_address>0x8dc20</run_address>
         <size>0xc</size>
         <input_file_ref idref="fl-16"/>
      </object_component>
      <object_component id="oc-365">
         <name>.text</name>
         <load_address>0x8dc2c</load_address>
         <run_address>0x8dc2c</run_address>
         <size>0xc</size>
         <input_file_ref idref="fl-50"/>
      </object_component>
      <object_component id="oc-3c7">
         <name>.text</name>
         <load_address>0x8dc38</load_address>
         <run_address>0x8dc38</run_address>
         <size>0xc</size>
         <input_file_ref idref="fl-5b"/>
      </object_component>
      <object_component id="oc-45b">
         <name>.text:_ti_sysbios_family_c28_Hwi_Module__startupDone__F</name>
         <load_address>0x8dc44</load_address>
         <run_address>0x8dc44</run_address>
         <size>0xb</size>
         <input_file_ref idref="fl-16"/>
      </object_component>
      <object_component id="oc-455">
[...]
         <value>0x8bf90</value>
         <object_component_ref idref="oc-2d7"/>
      </symbol>
      <symbol id="sm-e65">
         <name>_xdc_runtime_LoggerBuf_getFilterLevel__E</name>
         <value>0x8cdde</value>
         <object_component_ref idref="oc-2da"/>
      </symbol>
      <symbol id="sm-e66">
         <name>_xdc_runtime_LoggerBuf_disable__E</name>
         <value>0x8de10</value>
         <object_component_ref idref="oc-2d3"/>
      </symbol>
      <symbol id="sm-e67">
         <name>_xdc_runtime_LoggerBuf_setFilterLevel__E</name>
         <value>0x8ce1b</value>
         <object_component_ref idref="oc-2d9"/>
      </symbol>
      <symbol id="sm-e68">
         <name>_xdc_runtime_LoggerBuf_write8__E</name>
         <value>0x8b601</value>
         <object_component_ref idref="oc-2d8"/>
      </symbol>
      <symbol id="sm-e69">
         <name>_xdc_runtime_LoggerBuf_write2__E</name>
         <value>0x8dae4</value>
         <object_component_ref idref="oc-2d6"/>
      </symbol>
      <symbol id="sm-e6a">
         <name>_LoggerBuf_instanceStartup</name>
         <value>0x8d813</value>
         <object_component_ref idref="oc-379"/>
      </symbol>
      <symbol id="sm-e6b">
         <name>_xdc_runtime_LoggerBuf_filterOutEvent__I</name>
         <value>0x8d42c</value>
         <object_component_ref idref="oc-32a"/>
      </symbol>
      <symbol id="sm-e6c">
         <name>_xdc_runtime_LoggerBuf_write1__E</name>
         <value>0x8dba4</value>
         <object_component_ref idref="oc-2d5"/>
      </symbol>
      <symbol id="sm-e6d">
         <name>_xdc_runtime_LoggerBuf_enable__E</name>
         <value>0x8ddde</value>
         <object_component_ref idref="oc-2d2"/>
      </symbol>
      <symbol id="sm-e89">
         <name>_xdc_runtime_Memory_calloc__E</name>
         <value>0x8dd33</value>
         <object_component_ref idref="oc-364"/>
      </symbol>
      <symbol id="sm-e8a">
         <name>_xdc_runtime_Memory_free__E</name>
         <value>0x8dcb0</value>
         <object_component_ref idref="oc-366"/>
      </symbol>
      <symbol id="sm-e8b">
         <name>_xdc_runtime_Memory_valloc__E</name>
         <value>0x8d8fb</value>
         <object_component_ref idref="oc-3be"/>
      </symbol>
      <symbol id="sm-e8c">
         <name>_xdc_runtime_Memory_alloc__E</name>
         <value>0x8ca4d</value>
         <object_component_ref idref="oc-378"/>
      </symbol>
      <symbol id="sm-e8d">
         <name>_xdc_runtime_Memory_getMaxDefaultTypeAlign__E</name>
         <value>0x8de26</value>
         <object_component_ref idref="oc-3cc"/>
      </symbol>
      <symbol id="sm-eae">
         <name>_xdc_runtime_Startup_startMods__I</name>
         <value>0x8c436</value>
         <object_component_ref idref="oc-3ba"/>
      </symbol>
      <symbol id="sm-eaf">
         <name>_xdc_runtime_Startup_exec__E</name>
         <value>0x8d037</value>
         <object_component_ref idref="oc-29a"/>
      </symbol>
      <symbol id="sm-f34">
         <name>_xdc_runtime_System_formatNum__I</name>
         <value>0x8cce6</value>
         <object_component_ref idref="oc-45f"/>
      </symbol>
      <symbol id="sm-f35">
         <name>_xdc_runtime_System_exit__E</name>
         <value>0x8dc86</value>
         <object_component_ref idref="oc-29c"/>
      </symbol>
      <symbol id="sm-f36">
         <name>_xdc_runtime_System_exitStd__E</name>
         <value>0x8de60</value>
         <object_component_ref idref="oc-303"/>
      </symbol>
      <symbol id="sm-f37">
         <name>_xdc_runtime_System_printf_va__F</name>
         <value>0x8d798</value>
         <object_component_ref idref="oc-436"/>
      </symbol>
      <symbol id="sm-f38">
         <name>_xdc_runtime_System_atexit__E</name>
         <value>0x8d44d</value>
         <object_component_ref idref="oc-2df"/>
      </symbol>
      <symbol id="sm-f39">
         <name>_xdc_runtime_System_abortStd__E</name>
         <value>0x8de5d</value>
         <object_component_ref idref="oc-404"/>
      </symbol>
      <symbol id="sm-f3a">
         <name>_xdc_runtime_System_putchar__I</name>
         <value>0x8d6e8</value>
         <object_component_ref idref="oc-460"/>
      </symbol>
      <symbol id="sm-f3b">
         <name>_xdc_runtime_System_snprintf_va__F</name>
         <value>0x8dcba</value>
         <object_component_ref idref="oc-450"/>
      </symbol>
      <symbol id="sm-f3c">
         <name>_xdc_runtime_System_Module_startup__E</name>
         <value>0x8de57</value>
         <object_component_ref idref="oc-40e"/>
      </symbol>
      <symbol id="sm-f3d">
         <name>_xdc_runtime_System_avprintf__E</name>
         <value>0x8d6ce</value>
         <object_component_ref idref="oc-435"/>
      </symbol>
      <symbol id="sm-f3e">
         <name>_xdc_runtime_System_vprintf__E</name>
         <value>0x8d798</value>
         <object_component_ref idref="oc-436"/>
      </symbol>
      <symbol id="sm-f3f">
         <name>_xdc_runtime_System_aprintf_va__F</name>
         <value>0x8d6ce</value>
         <object_component_ref idref="oc-435"/>
      </symbol>
      <symbol id="sm-f40">
         <name>_xdc_runtime_System_doPrint__I</name>
         <value>0x8a555</value>
         <object_component_ref idref="oc-452"/>
      </symbol>
      <symbol id="sm-f41">
         <name>_xdc_runtime_System_processAtExit__E</name>
         <value>0x8d37d</value>
         <object_component_ref idref="oc-2b3"/>
      </symbol>
      <symbol id="sm-f42">
         <name>_xdc_runtime_System_vsnprintf__E</name>
         <value>0x8dcba</value>
         <object_component_ref idref="oc-450"/>
      </symbol>
      <symbol id="sm-f43">
         <name>_xdc_runtime_System_abort__E</name>
         <value>0x8dbbe</value>
         <object_component_ref idref="oc-3b4"/>
      </symbol>
      <symbol id="sm-f63">
         <name>_xdc_runtime_SysMin_abort__E</name>
         <value>0x8d93e</value>
         <object_component_ref idref="oc-403"/>
      </symbol>
      <symbol id="sm-f64">
         <name>_xdc_runtime_SysMin_ready__E</name>
         <value>0x8dd3b</value>
         <object_component_ref idref="oc-45d"/>
      </symbol>
      <symbol id="sm-f65">
         <name>_xdc_runtime_SysMin_flush__E</name>
         <value>0x8d2b6</value>
         <object_component_ref idref="oc-3bd"/>
      </symbol>
      <symbol id="sm-f66">
         <name>_xdc_runtime_SysMin_Module_startup__E</name>
         <value>0x8daa7</value>
         <object_component_ref idref="oc-40f"/>
      </symbol>
      <symbol id="sm-f67">
         <name>_xdc_runtime_SysMin_putch__E</name>
         <value>0x8d52b</value>
         <object_component_ref idref="oc-40c"/>
      </symbol>
      <symbol id="sm-f68">
         <name>_xdc_runtime_SysMin_exit__E</name>
         <value>0x8dc7b</value>
         <object_component_ref idref="oc-35b"/>
      </symbol>
      <symbol id="sm-faf">
         <name>_xdc_runtime_Text_putLab__E</name>
         <value>0x8caf5</value>
         <object_component_ref idref="oc-46e"/>
      </symbol>
      <symbol id="sm-fb0">
         <name>_xdc_runtime_Text_printVisFxn__I</name>
         <value>0x8d7b1</value>
         <object_component_ref idref="oc-44f"/>
      </symbol>
      <symbol id="sm-fb1">
         <name>_xdc_runtime_Text_putMod__E</name>
         <value>0x8cd63</value>
         <object_component_ref idref="oc-433"/>
      </symbol>
      <symbol id="sm-fb2">
         <name>_xdc_runtime_Text_cordText__E</name>
         <value>0x8d9b6</value>
         <object_component_ref idref="oc-367"/>
      </symbol>
      <symbol id="sm-fb3">
         <name>_xdc_runtime_Text_xprintf__I</name>
         <value>0x8d2df</value>
         <object_component_ref idref="oc-434"/>
      </symbol>
      <symbol id="sm-fb4">
         <name>_xdc_runtime_Text_visitRope2__I</name>
         <value>0x8d005</value>
         <object_component_ref idref="oc-467"/>
      </symbol>
      <symbol id="sm-fb5">
         <name>_xdc_runtime_Text_ropeText__E</name>
         <value>0x8dcc4</value>
         <object_component_ref idref="oc-36c"/>
      </symbol>
      <symbol id="sm-fb6">
         <name>_xdc_runtime_Text_putSite__E</name>
         <value>0x8c607</value>
         <object_component_ref idref="oc-41b"/>
      </symbol>
      <symbol id="sm-fc3">
         <name>___xdc__init</name>
         <value>0x8de2d</value>
         <object_component_ref idref="oc-29d"/>
      </symbol>
      <symbol id="sm-fe5">
         <name>_xdc_runtime_Registry_findById__E</name>
         <value>0x8daf3</value>
         <object_component_ref idref="oc-44d"/>
      </symbol>
      <symbol id="sm-fff">
         <name>_c_int00</name>
         <value>0x8c81c</value>
         <object_component_ref idref="oc-79"/>
      </symbol>
      <symbol id="sm-1000">
         <name>__stack</name>
         <value>0x8000</value>
         <object_component_ref idref="oc-1b7"/>
      </symbol>
      <symbol id="sm-1018">
         <name>_ti_catalog_c2800_initF2837x_Boot_initFlash</name>
         <value>0xb000</value>
         <object_component_ref idref="oc-3b8"/>
      </symbol>
      <symbol id="sm-1019">
         <name>_ti_catalog_c2800_initF2837x_Boot_defaultLimpAbortFunction</name>
         <value>0x893e5</value>
         <object_component_ref idref="oc-3b5"/>
      </symbol>
      <symbol id="sm-101a">
         <name>_ti_catalog_c2800_initF2837x_Boot_configurePllDivs</name>
         <value>0x8cc1c</value>
         <object_component_ref idref="oc-2fd"/>
      </symbol>
      <symbol id="sm-101b">
         <name>_ti_catalog_c2800_initF2837x_Boot_initSharedRAMs</name>
         <value>0x8dcfb</value>
         <object_component_ref idref="oc-2fe"/>
      </symbol>
      <symbol id="sm-1040">
         <name>_atan</name>
         <value>0x8b6d3</value>
         <object_component_ref idref="oc-2d0"/>
      </symbol>
      <symbol id="sm-1041">
         <name>_atanf</name>
         <value>0x8b6d3</value>
         <object_component_ref idref="oc-2d0"/>
      </symbol>
      <symbol id="sm-1052">
         <name>FS$$DIV</name>
         <value>0x8c0a6</value>
         <object_component_ref idref="oc-1c7"/>
      </symbol>
      <symbol id="sm-105e">
         <name>LL$$AND</name>
         <value>0x8d82b</value>
         <object_component_ref idref="oc-1cc"/>
      </symbol>
      <symbol id="sm-105f">
         <name>LL$$OR</name>
         <value>0x8d833</value>
         <object_component_ref idref="oc-1cc"/>
      </symbol>
      <symbol id="sm-1060">
         <name>LL$$XOR</name>
         <value>0x8d83b</value>
         <object_component_ref idref="oc-1cc"/>
      </symbol>
      <symbol id="sm-108c">
         <name>ULL$$MOD</name>
         <value>0x8b1f8</value>
         <object_component_ref idref="oc-1d1"/>
      </symbol>
      <symbol id="sm-108d">
         <name>ULL$$DIV</name>
         <value>0x8b1c9</value>
         <object_component_ref idref="oc-1d1"/>
      </symbol>
      <symbol id="sm-108e">
         <name>LL$$MOD</name>
         <value>0x8b18f</value>
         <object_component_ref idref="oc-1d1"/>
      </symbol>
      <symbol id="sm-108f">
         <name>LL$$DIV</name>
         <value>0x8b153</value>
         <object_component_ref idref="oc-1d1"/>
      </symbol>
      <symbol id="sm-109d">
         <name>I$$MOD</name>
         <value>0x8d3fa</value>
         <object_component_ref idref="oc-1d6"/>
      </symbol>
      <symbol id="sm-109e">
         <name>I$$DIV</name>
         <value>0x8d3e9</value>
         <object_component_ref idref="oc-1d6"/>
      </symbol>
      <symbol id="sm-10aa">
         <name>U$$MOD</name>
         <value>0x8dc96</value>
         <object_component_ref idref="oc-1db"/>
      </symbol>
      <symbol id="sm-10ab">
         <name>U$$DIV</name>
         <value>0x8dc91</value>
         <object_component_ref idref="oc-1db"/>
      </symbol>
      <symbol id="sm-10b7">
         <name>UL$$MOD</name>
         <value>0x8d2b0</value>
         <object_component_ref idref="oc-1e0"/>
      </symbol>
      <symbol id="sm-10b8">
         <name>L$$MOD</name>
         <value>0x8d29b</value>
         <object_component_ref idref="oc-1e0"/>
      </symbol>
      <symbol id="sm-10b9">
         <name>L$$DIV</name>
         <value>0x8d28c</value>
         <object_component_ref idref="oc-1e0"/>
      </symbol>
      <symbol id="sm-10ba">
         <name>UL$$DIV</name>
         <value>0x8d2a9</value>
         <object_component_ref idref="oc-1e0"/>
      </symbol>
      <symbol id="sm-10c9">
         <name>_copy_in</name>
         <value>0x8d3a1</value>
         <object_component_ref idref="oc-299"/>
      </symbol>
      <symbol id="sm-10da">
         <name>_memcpy</name>
         <value>0x8d567</value>
         <object_component_ref idref="oc-2af"/>
      </symbol>
      <symbol id="sm-10ee">
         <name>C$$EXIT</name>
         <value>0x8d308</value>
         <object_component_ref idref="oc-35c"/>
      </symbol>
      <symbol id="sm-10ef">
         <name>_exit</name>
         <value>0x8d30a</value>
         <object_component_ref idref="oc-35c"/>
      </symbol>
      <symbol id="sm-10f0">
         <name>___TI_cleanup_ptr</name>
         <value>0xef3a</value>
         <object_component_ref idref="oc-1f1"/>
      </symbol>
      <symbol id="sm-10f1">
         <name>___TI_enable_exit_profile_output</name>
         <value>0xef38</value>
         <object_component_ref idref="oc-1f1"/>
      </symbol>
      <symbol id="sm-10f2">
         <name>_abort</name>
         <value>0x8d308</value>
         <object_component_ref idref="oc-35c"/>
      </symbol>
      <symbol id="sm-10f3">
         <name>___TI_dtors_ptr</name>
         <value>0xef3c</value>
         <object_component_ref idref="oc-1f1"/>
      </symbol>
      <symbol id="sm-1107">
         <name>__unlock</name>
         <value>0x10058</value>
         <object_component_ref idref="oc-37b"/>
      </symbol>
      <symbol id="sm-1108">
         <name>__lock</name>
         <value>0xef3e</value>
         <object_component_ref idref="oc-37c"/>
      </symbol>
      <symbol id="sm-1109">
         <name>__register_lock</name>
         <value>0x8dced</value>
         <object_component_ref idref="oc-339"/>
      </symbol>
      <symbol id="sm-110a">
         <name>__nop</name>
         <value>0x8dcf1</value>
         <object_component_ref idref="oc-339"/>
      </symbol>
      <symbol id="sm-110b">
         <name>__register_unlock</name>
         <value>0x8dce9</value>
         <object_component_ref idref="oc-339"/>
      </symbol>
      <symbol id="sm-111a">
         <name>__args_main</name>
         <value>0x8d7ca</value>
         <object_component_ref idref="oc-29b"/>
      </symbol>
      <symbol id="sm-1128">
         <name>_memset</name>
         <value>0x8dc2c</value>
         <object_component_ref idref="oc-365"/>
      </symbol>
      <symbol id="sm-113e">
         <name>_strlen</name>
         <value>0x8dd43</value>
         <object_component_ref idref="oc-31a"/>
      </symbol>
      <symbol id="sm-114b">
         <name>_HOSTwrite</name>
         <value>0x8cec9</value>
         <object_component_ref idref="oc-417"/>
      </symbol>
      <symbol id="sm-1164">
         <name>___TI_readmsg</name>
         <value>0x8bec6</value>
         <object_component_ref idref="oc-432"/>
      </symbol>
      <symbol id="sm-1165">
         <name>C$$IO$$</name>
         <value>0x8bec1</value>
         <object_component_ref idref="oc-432"/>
      </symbol>
      <symbol id="sm-1166">
         <name>__CIOBUF_</name>
         <value>0x8c00</value>
         <object_component_ref idref="oc-215"/>
      </symbol>
      <symbol id="sm-1167">
         <name>___TI_writemsg</name>
         <value>0x8be6e</value>
         <object_component_ref idref="oc-432"/>
      </symbol>
      <symbol id="sm-1175">
         <name>_vsprintf</name>
         <value>0x8d0c9</value>
         <object_component_ref idref="oc-319"/>
      </symbol>
      <symbol id="sm-12a1">
         <name>___TI_printfi</name>
         <value>0x89ec8</value>
         <object_component_ref idref="oc-371"/>
      </symbol>
      <symbol id="sm-12b5">
         <name>_atoi</name>
         <value>0x8d068</value>
         <object_component_ref idref="oc-3c3"/>
      </symbol>
      <symbol id="sm-12bd">
         <name>__ctypes_</name>
         <value>0x8395c</value>
         <object_component_ref idref="oc-3f4"/>
      </symbol>
      <symbol id="sm-12cb">
         <name>_ltoa</name>
         <value>0x8d183</value>
         <object_component_ref idref="oc-3c4"/>
      </symbol>
      <symbol id="sm-12da">
         <name>_memccpy</name>
         <value>0x8dbcb</value>
         <object_component_ref idref="oc-3c9"/>
      </symbol>
      <symbol id="sm-12e9">
         <name>_strchr</name>
         <value>0x8dc38</value>
         <object_component_ref idref="oc-3c7"/>
      </symbol>
      <symbol id="sm-12f6">
         <name>_strcpy</name>
         <value>0x8de15</value>
         <object_component_ref idref="oc-3c8"/>
      </symbol>
      <symbol id="sm-1302">
         <name>_parmbuf</name>
         <value>0xef30</value>
         <object_component_ref idref="oc-242"/>
      </symbol>
      <symbol id="sm-1315">
         <name>_frexpl</name>
         <value>0x8c99c</value>
         <object_component_ref idref="oc-3c5"/>
      </symbol>
      <symbol id="sm-1332">
         <name>_scalbnl</name>
         <value>0x8b921</value>
         <object_component_ref idref="oc-3c6"/>
      </symbol>
      <symbol id="sm-1333">
         <name>_ldexpl</name>
         <value>0x8b921</value>
         <object_component_ref idref="oc-3c6"/>
      </symbol>
      <symbol id="sm-134e">
         <name>FD$$ADD</name>
         <value>0x8bd36</value>
         <object_component_ref idref="oc-253"/>
      </symbol>
      <symbol id="sm-135e">
         <name>FD$$CMP</name>
         <value>0x8d262</value>
         <object_component_ref idref="oc-258"/>
      </symbol>
      <symbol id="sm-1375">
         <name>FD$$DIV</name>
         <value>0x8c01b</value>
         <object_component_ref idref="oc-25d"/>
      </symbol>
      <symbol id="sm-1387">
         <name>FD$$MPY</name>
         <value>0x8c1b5</value>
         <object_component_ref idref="oc-262"/>
      </symbol>
      <symbol id="sm-1394">
         <name>FD$$NEG</name>
         <value>0x8dcf2</value>
         <object_component_ref idref="oc-267"/>
      </symbol>
      <symbol id="sm-13a0">
         <name>FD$$SUB</name>
         <value>0x8db3b</value>
         <object_component_ref idref="oc-26c"/>
      </symbol>
      <symbol id="sm-13af">
         <name>FD$$TOI</name>
         <value>0x8d46e</value>
         <object_component_ref idref="oc-271"/>
      </symbol>
      <symbol id="sm-13be">
         <name>FD$$TOL</name>
         <value>0x8d50c</value>
         <object_component_ref idref="oc-276"/>
      </symbol>
      <symbol id="sm-13cc">
         <name>ULL$$CMP</name>
         <value>0x8d55b</value>
         <object_component_ref idref="oc-27b"/>
      </symbol>
      <symbol id="sm-13cd">
         <name>LL$$CMP</name>
         <value>0x8d549</value>
         <object_component_ref idref="oc-27b"/>
      </symbol>
      <symbol id="sm-13dd">
         <name>I$$TOFD</name>
         <value>0x8d5a2</value>
         <object_component_ref idref="oc-280"/>
      </symbol>
      <symbol id="sm-13ed">
         <name>L$$TOFD</name>
         <value>0x8d5f7</value>
         <object_component_ref idref="oc-285"/>
      </symbol>
      <symbol id="sm-13fd">
         <name>FS$$TOFD</name>
         <value>0x8d5db</value>
         <object_component_ref idref="oc-28a"/>
      </symbol>
      <symbol id="sm-1407">
         <name>_errno</name>
         <value>0x10043</value>
         <object_component_ref idref="oc-291"/>
      </symbol>
      <symbol id="sm-1414">
         <name>_copysignl</name>
         <value>0x8d3c5</value>
         <object_component_ref idref="oc-3f5"/>
      </symbol>
   </symbol_table>
   <title>Link successful</title>
</link_info>
